[0.315s] DEBUG:colcon:Command line arguments: ['/usr/bin/colcon', 'build']
[0.315s] DEBUG:colcon:Parsed command line arguments: Namespace(log_base=None, log_level=None, verb_name='build', build_base='build', install_base='install', merge_install=False, symlink_install=False, test_result_base=None, continue_on_error=False, executor='parallel', parallel_workers=16, event_handlers=None, ignore_user_meta=False, metas=['./colcon.meta'], base_paths=['.'], packages_ignore=None, packages_ignore_regex=None, paths=None, packages_up_to=None, packages_up_to_regex=None, packages_above=None, packages_above_and_dependencies=None, packages_above_depth=None, packages_select_by_dep=None, packages_skip_by_dep=None, packages_skip_up_to=None, packages_select_build_failed=False, packages_skip_build_finished=False, packages_select_test_failures=False, packages_skip_test_passed=False, packages_select=None, packages_skip=None, packages_select_regex=None, packages_skip_regex=None, packages_start=None, packages_end=None, allow_overriding=[], cmake_args=None, cmake_target=None, cmake_target_skip_unavailable=False, cmake_clean_cache=False, cmake_clean_first=False, cmake_force_configure=False, ament_cmake_args=None, catkin_cmake_args=None, catkin_skip_building_tests=False, mixin_files=None, mixin=None, verb_parser=<colcon_mixin.mixin.mixin_argument.MixinArgumentDecorator object at 0x7670503c2320>, verb_extension=<colcon_core.verb.build.BuildVerb object at 0x7670503c21a0>, main=<bound method BuildVerb.main of <colcon_core.verb.build.BuildVerb object at 0x7670503c21a0>>, mixin_verb=('build',))
[0.381s] Level 1:colcon.colcon_core.package_discovery:discover_packages(colcon_meta) check parameters
[0.381s] Level 1:colcon.colcon_core.package_discovery:discover_packages(recursive) check parameters
[0.381s] Level 1:colcon.colcon_core.package_discovery:discover_packages(ignore) check parameters
[0.381s] Level 1:colcon.colcon_core.package_discovery:discover_packages(path) check parameters
[0.381s] Level 1:colcon.colcon_core.package_discovery:discover_packages(colcon_meta) discover
[0.381s] Level 1:colcon.colcon_core.package_discovery:discover_packages(recursive) discover
[0.381s] INFO:colcon.colcon_core.package_discovery:Crawling recursively for packages in '/home/lab/Mani/roverrobotics_ros2'
[0.381s] Level 1:colcon.colcon_core.package_identification:_identify(.) by extensions ['ignore', 'ignore_ament_install']
[0.381s] Level 1:colcon.colcon_core.package_identification:_identify(.) by extension 'ignore'
[0.381s] Level 1:colcon.colcon_core.package_identification:_identify(.) by extension 'ignore_ament_install'
[0.381s] Level 1:colcon.colcon_core.package_identification:_identify(.) by extensions ['colcon_pkg']
[0.381s] Level 1:colcon.colcon_core.package_identification:_identify(.) by extension 'colcon_pkg'
[0.381s] Level 1:colcon.colcon_core.package_identification:_identify(.) by extensions ['colcon_meta']
[0.381s] Level 1:colcon.colcon_core.package_identification:_identify(.) by extension 'colcon_meta'
[0.381s] Level 1:colcon.colcon_core.package_identification:_identify(.) by extensions ['ros']
[0.382s] Level 1:colcon.colcon_core.package_identification:_identify(.) by extension 'ros'
[0.396s] Level 1:colcon.colcon_core.package_identification:_identify(.) by extensions ['cmake', 'python']
[0.396s] Level 1:colcon.colcon_core.package_identification:_identify(.) by extension 'cmake'
[0.396s] Level 1:colcon.colcon_core.package_identification:_identify(.) by extension 'python'
[0.396s] Level 1:colcon.colcon_core.package_identification:_identify(.) by extensions ['python_setup_py']
[0.396s] Level 1:colcon.colcon_core.package_identification:_identify(.) by extension 'python_setup_py'
[0.396s] Level 1:colcon.colcon_core.package_identification:_identify(build) by extensions ['ignore', 'ignore_ament_install']
[0.396s] Level 1:colcon.colcon_core.package_identification:_identify(build) by extension 'ignore'
[0.396s] Level 1:colcon.colcon_core.package_identification:_identify(build) ignored
[0.396s] Level 1:colcon.colcon_core.package_identification:_identify(install) by extensions ['ignore', 'ignore_ament_install']
[0.397s] Level 1:colcon.colcon_core.package_identification:_identify(install) by extension 'ignore'
[0.397s] Level 1:colcon.colcon_core.package_identification:_identify(install) ignored
[0.397s] Level 1:colcon.colcon_core.package_identification:_identify(log) by extensions ['ignore', 'ignore_ament_install']
[0.397s] Level 1:colcon.colcon_core.package_identification:_identify(log) by extension 'ignore'
[0.397s] Level 1:colcon.colcon_core.package_identification:_identify(log) ignored
[0.397s] Level 1:colcon.colcon_core.package_identification:_identify(roverrobotics_description) by extensions ['ignore', 'ignore_ament_install']
[0.397s] Level 1:colcon.colcon_core.package_identification:_identify(roverrobotics_description) by extension 'ignore'
[0.397s] Level 1:colcon.colcon_core.package_identification:_identify(roverrobotics_description) by extension 'ignore_ament_install'
[0.397s] Level 1:colcon.colcon_core.package_identification:_identify(roverrobotics_description) by extensions ['colcon_pkg']
[0.397s] Level 1:colcon.colcon_core.package_identification:_identify(roverrobotics_description) by extension 'colcon_pkg'
[0.397s] Level 1:colcon.colcon_core.package_identification:_identify(roverrobotics_description) by extensions ['colcon_meta']
[0.397s] Level 1:colcon.colcon_core.package_identification:_identify(roverrobotics_description) by extension 'colcon_meta'
[0.397s] Level 1:colcon.colcon_core.package_identification:_identify(roverrobotics_description) by extensions ['ros']
[0.397s] Level 1:colcon.colcon_core.package_identification:_identify(roverrobotics_description) by extension 'ros'
[0.400s] DEBUG:colcon.colcon_core.package_identification:Package 'roverrobotics_description' with type 'ros.ament_cmake' and name 'roverrobotics_description'
[0.400s] Level 1:colcon.colcon_core.package_identification:_identify(roverrobotics_driver) by extensions ['ignore', 'ignore_ament_install']
[0.400s] Level 1:colcon.colcon_core.package_identification:_identify(roverrobotics_driver) by extension 'ignore'
[0.400s] Level 1:colcon.colcon_core.package_identification:_identify(roverrobotics_driver) by extension 'ignore_ament_install'
[0.400s] Level 1:colcon.colcon_core.package_identification:_identify(roverrobotics_driver) by extensions ['colcon_pkg']
[0.400s] Level 1:colcon.colcon_core.package_identification:_identify(roverrobotics_driver) by extension 'colcon_pkg'
[0.400s] Level 1:colcon.colcon_core.package_identification:_identify(roverrobotics_driver) by extensions ['colcon_meta']
[0.400s] Level 1:colcon.colcon_core.package_identification:_identify(roverrobotics_driver) by extension 'colcon_meta'
[0.400s] Level 1:colcon.colcon_core.package_identification:_identify(roverrobotics_driver) by extensions ['ros']
[0.400s] Level 1:colcon.colcon_core.package_identification:_identify(roverrobotics_driver) by extension 'ros'
[0.401s] DEBUG:colcon.colcon_core.package_identification:Package 'roverrobotics_driver' with type 'ros.ament_cmake' and name 'roverrobotics_driver'
[0.401s] Level 1:colcon.colcon_core.package_identification:_identify(roverrobotics_gazebo) by extensions ['ignore', 'ignore_ament_install']
[0.401s] Level 1:colcon.colcon_core.package_identification:_identify(roverrobotics_gazebo) by extension 'ignore'
[0.401s] Level 1:colcon.colcon_core.package_identification:_identify(roverrobotics_gazebo) by extension 'ignore_ament_install'
[0.401s] Level 1:colcon.colcon_core.package_identification:_identify(roverrobotics_gazebo) by extensions ['colcon_pkg']
[0.401s] Level 1:colcon.colcon_core.package_identification:_identify(roverrobotics_gazebo) by extension 'colcon_pkg'
[0.401s] Level 1:colcon.colcon_core.package_identification:_identify(roverrobotics_gazebo) by extensions ['colcon_meta']
[0.401s] Level 1:colcon.colcon_core.package_identification:_identify(roverrobotics_gazebo) by extension 'colcon_meta'
[0.401s] Level 1:colcon.colcon_core.package_identification:_identify(roverrobotics_gazebo) by extensions ['ros']
[0.401s] Level 1:colcon.colcon_core.package_identification:_identify(roverrobotics_gazebo) by extension 'ros'
[0.402s] DEBUG:colcon.colcon_core.package_identification:Package 'roverrobotics_gazebo' with type 'ros.ament_cmake' and name 'roverrobotics_gazebo'
[0.402s] Level 1:colcon.colcon_core.package_identification:_identify(roverrobotics_input_manager) by extensions ['ignore', 'ignore_ament_install']
[0.402s] Level 1:colcon.colcon_core.package_identification:_identify(roverrobotics_input_manager) by extension 'ignore'
[0.402s] Level 1:colcon.colcon_core.package_identification:_identify(roverrobotics_input_manager) by extension 'ignore_ament_install'
[0.402s] Level 1:colcon.colcon_core.package_identification:_identify(roverrobotics_input_manager) by extensions ['colcon_pkg']
[0.402s] Level 1:colcon.colcon_core.package_identification:_identify(roverrobotics_input_manager) by extension 'colcon_pkg'
[0.402s] Level 1:colcon.colcon_core.package_identification:_identify(roverrobotics_input_manager) by extensions ['colcon_meta']
[0.402s] Level 1:colcon.colcon_core.package_identification:_identify(roverrobotics_input_manager) by extension 'colcon_meta'
[0.402s] Level 1:colcon.colcon_core.package_identification:_identify(roverrobotics_input_manager) by extensions ['ros']
[0.402s] Level 1:colcon.colcon_core.package_identification:_identify(roverrobotics_input_manager) by extension 'ros'
[0.403s] DEBUG:colcon.colcon_core.package_identification:Package 'roverrobotics_input_manager' with type 'ros.ament_cmake' and name 'roverrobotics_input_manager'
[0.403s] Level 1:colcon.colcon_core.package_discovery:discover_packages(recursive) using defaults
[0.403s] Level 1:colcon.colcon_core.package_discovery:discover_packages(ignore) discover
[0.403s] Level 1:colcon.colcon_core.package_discovery:discover_packages(ignore) using defaults
[0.403s] Level 1:colcon.colcon_core.package_discovery:discover_packages(path) discover
[0.403s] Level 1:colcon.colcon_core.package_discovery:discover_packages(path) using defaults
[0.426s] Level 1:colcon.colcon_core.package_discovery:discover_packages(prefix_path) check parameters
[0.426s] Level 1:colcon.colcon_core.package_discovery:discover_packages(prefix_path) discover
[0.430s] DEBUG:colcon.colcon_installed_package_information.package_discovery:Found 394 installed packages in /opt/ros/humble
[0.431s] Level 1:colcon.colcon_core.package_discovery:discover_packages(prefix_path) using defaults
[0.460s] Level 5:colcon.colcon_core.verb:set package 'roverrobotics_description' build argument 'cmake_args' from command line to 'None'
[0.460s] Level 5:colcon.colcon_core.verb:set package 'roverrobotics_description' build argument 'cmake_target' from command line to 'None'
[0.460s] Level 5:colcon.colcon_core.verb:set package 'roverrobotics_description' build argument 'cmake_target_skip_unavailable' from command line to 'False'
[0.460s] Level 5:colcon.colcon_core.verb:set package 'roverrobotics_description' build argument 'cmake_clean_cache' from command line to 'False'
[0.460s] Level 5:colcon.colcon_core.verb:set package 'roverrobotics_description' build argument 'cmake_clean_first' from command line to 'False'
[0.460s] Level 5:colcon.colcon_core.verb:set package 'roverrobotics_description' build argument 'cmake_force_configure' from command line to 'False'
[0.460s] Level 5:colcon.colcon_core.verb:set package 'roverrobotics_description' build argument 'ament_cmake_args' from command line to 'None'
[0.460s] Level 5:colcon.colcon_core.verb:set package 'roverrobotics_description' build argument 'catkin_cmake_args' from command line to 'None'
[0.460s] Level 5:colcon.colcon_core.verb:set package 'roverrobotics_description' build argument 'catkin_skip_building_tests' from command line to 'False'
[0.460s] DEBUG:colcon.colcon_core.verb:Building package 'roverrobotics_description' with the following arguments: {'ament_cmake_args': None, 'build_base': '/home/lab/Mani/roverrobotics_ros2/build/roverrobotics_description', 'catkin_cmake_args': None, 'catkin_skip_building_tests': False, 'cmake_args': None, 'cmake_clean_cache': False, 'cmake_clean_first': False, 'cmake_force_configure': False, 'cmake_target': None, 'cmake_target_skip_unavailable': False, 'install_base': '/home/lab/Mani/roverrobotics_ros2/install/roverrobotics_description', 'merge_install': False, 'path': '/home/lab/Mani/roverrobotics_ros2/roverrobotics_description', 'symlink_install': False, 'test_result_base': None}
[0.460s] Level 5:colcon.colcon_core.verb:set package 'roverrobotics_driver' build argument 'cmake_args' from command line to 'None'
[0.460s] Level 5:colcon.colcon_core.verb:set package 'roverrobotics_driver' build argument 'cmake_target' from command line to 'None'
[0.460s] Level 5:colcon.colcon_core.verb:set package 'roverrobotics_driver' build argument 'cmake_target_skip_unavailable' from command line to 'False'
[0.460s] Level 5:colcon.colcon_core.verb:set package 'roverrobotics_driver' build argument 'cmake_clean_cache' from command line to 'False'
[0.460s] Level 5:colcon.colcon_core.verb:set package 'roverrobotics_driver' build argument 'cmake_clean_first' from command line to 'False'
[0.460s] Level 5:colcon.colcon_core.verb:set package 'roverrobotics_driver' build argument 'cmake_force_configure' from command line to 'False'
[0.460s] Level 5:colcon.colcon_core.verb:set package 'roverrobotics_driver' build argument 'ament_cmake_args' from command line to 'None'
[0.460s] Level 5:colcon.colcon_core.verb:set package 'roverrobotics_driver' build argument 'catkin_cmake_args' from command line to 'None'
[0.460s] Level 5:colcon.colcon_core.verb:set package 'roverrobotics_driver' build argument 'catkin_skip_building_tests' from command line to 'False'
[0.460s] DEBUG:colcon.colcon_core.verb:Building package 'roverrobotics_driver' with the following arguments: {'ament_cmake_args': None, 'build_base': '/home/lab/Mani/roverrobotics_ros2/build/roverrobotics_driver', 'catkin_cmake_args': None, 'catkin_skip_building_tests': False, 'cmake_args': None, 'cmake_clean_cache': False, 'cmake_clean_first': False, 'cmake_force_configure': False, 'cmake_target': None, 'cmake_target_skip_unavailable': False, 'install_base': '/home/lab/Mani/roverrobotics_ros2/install/roverrobotics_driver', 'merge_install': False, 'path': '/home/lab/Mani/roverrobotics_ros2/roverrobotics_driver', 'symlink_install': False, 'test_result_base': None}
[0.460s] Level 5:colcon.colcon_core.verb:set package 'roverrobotics_input_manager' build argument 'cmake_args' from command line to 'None'
[0.460s] Level 5:colcon.colcon_core.verb:set package 'roverrobotics_input_manager' build argument 'cmake_target' from command line to 'None'
[0.461s] Level 5:colcon.colcon_core.verb:set package 'roverrobotics_input_manager' build argument 'cmake_target_skip_unavailable' from command line to 'False'
[0.461s] Level 5:colcon.colcon_core.verb:set package 'roverrobotics_input_manager' build argument 'cmake_clean_cache' from command line to 'False'
[0.461s] Level 5:colcon.colcon_core.verb:set package 'roverrobotics_input_manager' build argument 'cmake_clean_first' from command line to 'False'
[0.461s] Level 5:colcon.colcon_core.verb:set package 'roverrobotics_input_manager' build argument 'cmake_force_configure' from command line to 'False'
[0.461s] Level 5:colcon.colcon_core.verb:set package 'roverrobotics_input_manager' build argument 'ament_cmake_args' from command line to 'None'
[0.461s] Level 5:colcon.colcon_core.verb:set package 'roverrobotics_input_manager' build argument 'catkin_cmake_args' from command line to 'None'
[0.461s] Level 5:colcon.colcon_core.verb:set package 'roverrobotics_input_manager' build argument 'catkin_skip_building_tests' from command line to 'False'
[0.461s] DEBUG:colcon.colcon_core.verb:Building package 'roverrobotics_input_manager' with the following arguments: {'ament_cmake_args': None, 'build_base': '/home/lab/Mani/roverrobotics_ros2/build/roverrobotics_input_manager', 'catkin_cmake_args': None, 'catkin_skip_building_tests': False, 'cmake_args': None, 'cmake_clean_cache': False, 'cmake_clean_first': False, 'cmake_force_configure': False, 'cmake_target': None, 'cmake_target_skip_unavailable': False, 'install_base': '/home/lab/Mani/roverrobotics_ros2/install/roverrobotics_input_manager', 'merge_install': False, 'path': '/home/lab/Mani/roverrobotics_ros2/roverrobotics_input_manager', 'symlink_install': False, 'test_result_base': None}
[0.461s] Level 5:colcon.colcon_core.verb:set package 'roverrobotics_gazebo' build argument 'cmake_args' from command line to 'None'
[0.461s] Level 5:colcon.colcon_core.verb:set package 'roverrobotics_gazebo' build argument 'cmake_target' from command line to 'None'
[0.461s] Level 5:colcon.colcon_core.verb:set package 'roverrobotics_gazebo' build argument 'cmake_target_skip_unavailable' from command line to 'False'
[0.461s] Level 5:colcon.colcon_core.verb:set package 'roverrobotics_gazebo' build argument 'cmake_clean_cache' from command line to 'False'
[0.461s] Level 5:colcon.colcon_core.verb:set package 'roverrobotics_gazebo' build argument 'cmake_clean_first' from command line to 'False'
[0.461s] Level 5:colcon.colcon_core.verb:set package 'roverrobotics_gazebo' build argument 'cmake_force_configure' from command line to 'False'
[0.461s] Level 5:colcon.colcon_core.verb:set package 'roverrobotics_gazebo' build argument 'ament_cmake_args' from command line to 'None'
[0.461s] Level 5:colcon.colcon_core.verb:set package 'roverrobotics_gazebo' build argument 'catkin_cmake_args' from command line to 'None'
[0.461s] Level 5:colcon.colcon_core.verb:set package 'roverrobotics_gazebo' build argument 'catkin_skip_building_tests' from command line to 'False'
[0.461s] DEBUG:colcon.colcon_core.verb:Building package 'roverrobotics_gazebo' with the following arguments: {'ament_cmake_args': None, 'build_base': '/home/lab/Mani/roverrobotics_ros2/build/roverrobotics_gazebo', 'catkin_cmake_args': None, 'catkin_skip_building_tests': False, 'cmake_args': None, 'cmake_clean_cache': False, 'cmake_clean_first': False, 'cmake_force_configure': False, 'cmake_target': None, 'cmake_target_skip_unavailable': False, 'install_base': '/home/lab/Mani/roverrobotics_ros2/install/roverrobotics_gazebo', 'merge_install': False, 'path': '/home/lab/Mani/roverrobotics_ros2/roverrobotics_gazebo', 'symlink_install': False, 'test_result_base': None}
[0.461s] INFO:colcon.colcon_core.executor:Executing jobs using 'parallel' executor
[0.462s] DEBUG:colcon.colcon_parallel_executor.executor.parallel:run_until_complete
[0.462s] INFO:colcon.colcon_ros.task.ament_cmake.build:Building ROS package in '/home/lab/Mani/roverrobotics_ros2/roverrobotics_description' with build type 'ament_cmake'
[0.462s] INFO:colcon.colcon_cmake.task.cmake.build:Building CMake package in '/home/lab/Mani/roverrobotics_ros2/roverrobotics_description'
[0.466s] INFO:colcon.colcon_core.plugin_system:Skipping extension 'colcon_core.shell.bat': Not used on non-Windows systems
[0.466s] INFO:colcon.colcon_core.shell:Skip shell extension 'powershell' for command environment: Not usable outside of PowerShell
[0.466s] DEBUG:colcon.colcon_core.shell:Skip shell extension 'dsv' for command environment
[0.468s] INFO:colcon.colcon_ros.task.ament_cmake.build:Building ROS package in '/home/lab/Mani/roverrobotics_ros2/roverrobotics_driver' with build type 'ament_cmake'
[0.468s] INFO:colcon.colcon_cmake.task.cmake.build:Building CMake package in '/home/lab/Mani/roverrobotics_ros2/roverrobotics_driver'
[0.468s] INFO:colcon.colcon_core.shell:Skip shell extension 'powershell' for command environment: Not usable outside of PowerShell
[0.468s] DEBUG:colcon.colcon_core.shell:Skip shell extension 'dsv' for command environment
[0.470s] INFO:colcon.colcon_ros.task.ament_cmake.build:Building ROS package in '/home/lab/Mani/roverrobotics_ros2/roverrobotics_input_manager' with build type 'ament_cmake'
[0.470s] INFO:colcon.colcon_cmake.task.cmake.build:Building CMake package in '/home/lab/Mani/roverrobotics_ros2/roverrobotics_input_manager'
[0.470s] INFO:colcon.colcon_core.shell:Skip shell extension 'powershell' for command environment: Not usable outside of PowerShell
[0.470s] DEBUG:colcon.colcon_core.shell:Skip shell extension 'dsv' for command environment
[0.474s] DEBUG:colcon.colcon_core.event_handler.log_command:Invoking command in '/home/lab/Mani/roverrobotics_ros2/build/roverrobotics_description': CMAKE_PREFIX_PATH=/opt/ros/humble /usr/local/bin/cmake /home/lab/Mani/roverrobotics_ros2/roverrobotics_description -DCMAKE_INSTALL_PREFIX=/home/lab/Mani/roverrobotics_ros2/install/roverrobotics_description
[0.476s] DEBUG:colcon.colcon_core.event_handler.log_command:Invoking command in '/home/lab/Mani/roverrobotics_ros2/build/roverrobotics_driver': CMAKE_PREFIX_PATH=/opt/ros/humble /usr/local/bin/cmake /home/lab/Mani/roverrobotics_ros2/roverrobotics_driver -DCMAKE_INSTALL_PREFIX=/home/lab/Mani/roverrobotics_ros2/install/roverrobotics_driver
[0.478s] DEBUG:colcon.colcon_core.event_handler.log_command:Invoking command in '/home/lab/Mani/roverrobotics_ros2/build/roverrobotics_input_manager': CMAKE_PREFIX_PATH=/opt/ros/humble /usr/local/bin/cmake /home/lab/Mani/roverrobotics_ros2/roverrobotics_input_manager -DCMAKE_INSTALL_PREFIX=/home/lab/Mani/roverrobotics_ros2/install/roverrobotics_input_manager
[1.095s] DEBUG:colcon.colcon_core.event_handler.log_command:Invoked command in '/home/lab/Mani/roverrobotics_ros2/build/roverrobotics_input_manager' returned '0': CMAKE_PREFIX_PATH=/opt/ros/humble /usr/local/bin/cmake /home/lab/Mani/roverrobotics_ros2/roverrobotics_input_manager -DCMAKE_INSTALL_PREFIX=/home/lab/Mani/roverrobotics_ros2/install/roverrobotics_input_manager
[1.096s] DEBUG:colcon.colcon_core.event_handler.log_command:Invoking command in '/home/lab/Mani/roverrobotics_ros2/build/roverrobotics_input_manager': CMAKE_PREFIX_PATH=/opt/ros/humble /usr/local/bin/cmake --build /home/lab/Mani/roverrobotics_ros2/build/roverrobotics_input_manager -- -j16 -l16
[1.097s] DEBUG:colcon.colcon_core.event_handler.log_command:Invoked command in '/home/lab/Mani/roverrobotics_ros2/build/roverrobotics_description' returned '0': CMAKE_PREFIX_PATH=/opt/ros/humble /usr/local/bin/cmake /home/lab/Mani/roverrobotics_ros2/roverrobotics_description -DCMAKE_INSTALL_PREFIX=/home/lab/Mani/roverrobotics_ros2/install/roverrobotics_description
[1.097s] DEBUG:colcon.colcon_core.event_handler.log_command:Invoking command in '/home/lab/Mani/roverrobotics_ros2/build/roverrobotics_description': CMAKE_PREFIX_PATH=/opt/ros/humble /usr/local/bin/cmake --build /home/lab/Mani/roverrobotics_ros2/build/roverrobotics_description -- -j16 -l16
[1.103s] DEBUG:colcon.colcon_core.event_handler.log_command:Invoked command in '/home/lab/Mani/roverrobotics_ros2/build/roverrobotics_input_manager' returned '0': CMAKE_PREFIX_PATH=/opt/ros/humble /usr/local/bin/cmake --build /home/lab/Mani/roverrobotics_ros2/build/roverrobotics_input_manager -- -j16 -l16
[1.105s] DEBUG:colcon.colcon_core.event_handler.log_command:Invoking command in '/home/lab/Mani/roverrobotics_ros2/build/roverrobotics_input_manager': CMAKE_PREFIX_PATH=/opt/ros/humble /usr/local/bin/cmake --install /home/lab/Mani/roverrobotics_ros2/build/roverrobotics_input_manager
[1.106s] DEBUG:colcon.colcon_core.event_handler.log_command:Invoked command in '/home/lab/Mani/roverrobotics_ros2/build/roverrobotics_description' returned '0': CMAKE_PREFIX_PATH=/opt/ros/humble /usr/local/bin/cmake --build /home/lab/Mani/roverrobotics_ros2/build/roverrobotics_description -- -j16 -l16
[1.106s] DEBUG:colcon.colcon_core.event_handler.log_command:Invoking command in '/home/lab/Mani/roverrobotics_ros2/build/roverrobotics_description': CMAKE_PREFIX_PATH=/opt/ros/humble /usr/local/bin/cmake --install /home/lab/Mani/roverrobotics_ros2/build/roverrobotics_description
[1.108s] Level 1:colcon.colcon_core.environment:create_environment_scripts_only(roverrobotics_input_manager)
[1.109s] DEBUG:colcon.colcon_core.event_handler.log_command:Invoked command in '/home/lab/Mani/roverrobotics_ros2/build/roverrobotics_input_manager' returned '0': CMAKE_PREFIX_PATH=/opt/ros/humble /usr/local/bin/cmake --install /home/lab/Mani/roverrobotics_ros2/build/roverrobotics_input_manager
[1.113s] Level 1:colcon.colcon_core.environment:checking '/home/lab/Mani/roverrobotics_ros2/install/roverrobotics_input_manager' for CMake module files
[1.113s] Level 1:colcon.colcon_core.environment:checking '/home/lab/Mani/roverrobotics_ros2/install/roverrobotics_input_manager' for CMake config files
[1.113s] Level 1:colcon.colcon_core.shell:create_environment_hook('roverrobotics_input_manager', 'cmake_prefix_path')
[1.113s] INFO:colcon.colcon_core.shell:Creating environment hook '/home/lab/Mani/roverrobotics_ros2/install/roverrobotics_input_manager/share/roverrobotics_input_manager/hook/cmake_prefix_path.ps1'
[1.114s] INFO:colcon.colcon_core.shell:Creating environment descriptor '/home/lab/Mani/roverrobotics_ros2/install/roverrobotics_input_manager/share/roverrobotics_input_manager/hook/cmake_prefix_path.dsv'
[1.121s] INFO:colcon.colcon_core.shell:Creating environment hook '/home/lab/Mani/roverrobotics_ros2/install/roverrobotics_input_manager/share/roverrobotics_input_manager/hook/cmake_prefix_path.sh'
[1.122s] Level 1:colcon.colcon_core.environment:checking '/home/lab/Mani/roverrobotics_ros2/install/roverrobotics_input_manager/lib'
[1.122s] Level 1:colcon.colcon_core.environment:checking '/home/lab/Mani/roverrobotics_ros2/install/roverrobotics_input_manager/bin'
[1.122s] Level 1:colcon.colcon_core.environment:checking '/home/lab/Mani/roverrobotics_ros2/install/roverrobotics_input_manager/lib/pkgconfig/roverrobotics_input_manager.pc'
[1.122s] Level 1:colcon.colcon_core.environment:checking '/home/lab/Mani/roverrobotics_ros2/install/roverrobotics_input_manager/lib/python3.10/site-packages'
[1.123s] Level 1:colcon.colcon_core.environment:checking '/home/lab/Mani/roverrobotics_ros2/install/roverrobotics_input_manager/bin'
[1.123s] INFO:colcon.colcon_core.shell:Creating package script '/home/lab/Mani/roverrobotics_ros2/install/roverrobotics_input_manager/share/roverrobotics_input_manager/package.ps1'
[1.123s] INFO:colcon.colcon_core.shell:Creating package descriptor '/home/lab/Mani/roverrobotics_ros2/install/roverrobotics_input_manager/share/roverrobotics_input_manager/package.dsv'
[1.124s] INFO:colcon.colcon_core.shell:Creating package script '/home/lab/Mani/roverrobotics_ros2/install/roverrobotics_input_manager/share/roverrobotics_input_manager/package.sh'
[1.124s] INFO:colcon.colcon_core.shell:Creating package script '/home/lab/Mani/roverrobotics_ros2/install/roverrobotics_input_manager/share/roverrobotics_input_manager/package.bash'
[1.125s] INFO:colcon.colcon_core.shell:Creating package script '/home/lab/Mani/roverrobotics_ros2/install/roverrobotics_input_manager/share/roverrobotics_input_manager/package.zsh'
[1.125s] Level 1:colcon.colcon_core.environment:create_file_with_runtime_dependencies(/home/lab/Mani/roverrobotics_ros2/install/roverrobotics_input_manager/share/colcon-core/packages/roverrobotics_input_manager)
[1.126s] Level 1:colcon.colcon_core.environment:create_environment_scripts_only(roverrobotics_input_manager)
[1.126s] Level 1:colcon.colcon_core.environment:checking '/home/lab/Mani/roverrobotics_ros2/install/roverrobotics_input_manager' for CMake module files
[1.126s] Level 1:colcon.colcon_core.environment:checking '/home/lab/Mani/roverrobotics_ros2/install/roverrobotics_input_manager' for CMake config files
[1.126s] Level 1:colcon.colcon_core.shell:create_environment_hook('roverrobotics_input_manager', 'cmake_prefix_path')
[1.126s] INFO:colcon.colcon_core.shell:Creating environment hook '/home/lab/Mani/roverrobotics_ros2/install/roverrobotics_input_manager/share/roverrobotics_input_manager/hook/cmake_prefix_path.ps1'
[1.126s] INFO:colcon.colcon_core.shell:Creating environment descriptor '/home/lab/Mani/roverrobotics_ros2/install/roverrobotics_input_manager/share/roverrobotics_input_manager/hook/cmake_prefix_path.dsv'
[1.127s] INFO:colcon.colcon_core.shell:Creating environment hook '/home/lab/Mani/roverrobotics_ros2/install/roverrobotics_input_manager/share/roverrobotics_input_manager/hook/cmake_prefix_path.sh'
[1.127s] Level 1:colcon.colcon_core.environment:checking '/home/lab/Mani/roverrobotics_ros2/install/roverrobotics_input_manager/lib'
[1.127s] Level 1:colcon.colcon_core.environment:checking '/home/lab/Mani/roverrobotics_ros2/install/roverrobotics_input_manager/bin'
[1.127s] Level 1:colcon.colcon_core.environment:checking '/home/lab/Mani/roverrobotics_ros2/install/roverrobotics_input_manager/lib/pkgconfig/roverrobotics_input_manager.pc'
[1.127s] Level 1:colcon.colcon_core.environment:checking '/home/lab/Mani/roverrobotics_ros2/install/roverrobotics_input_manager/lib/python3.10/site-packages'
[1.127s] Level 1:colcon.colcon_core.environment:checking '/home/lab/Mani/roverrobotics_ros2/install/roverrobotics_input_manager/bin'
[1.127s] INFO:colcon.colcon_core.shell:Creating package script '/home/lab/Mani/roverrobotics_ros2/install/roverrobotics_input_manager/share/roverrobotics_input_manager/package.ps1'
[1.128s] INFO:colcon.colcon_core.shell:Creating package descriptor '/home/lab/Mani/roverrobotics_ros2/install/roverrobotics_input_manager/share/roverrobotics_input_manager/package.dsv'
[1.128s] INFO:colcon.colcon_core.shell:Creating package script '/home/lab/Mani/roverrobotics_ros2/install/roverrobotics_input_manager/share/roverrobotics_input_manager/package.sh'
[1.128s] INFO:colcon.colcon_core.shell:Creating package script '/home/lab/Mani/roverrobotics_ros2/install/roverrobotics_input_manager/share/roverrobotics_input_manager/package.bash'
[1.129s] INFO:colcon.colcon_core.shell:Creating package script '/home/lab/Mani/roverrobotics_ros2/install/roverrobotics_input_manager/share/roverrobotics_input_manager/package.zsh'
[1.129s] Level 1:colcon.colcon_core.environment:create_file_with_runtime_dependencies(/home/lab/Mani/roverrobotics_ros2/install/roverrobotics_input_manager/share/colcon-core/packages/roverrobotics_input_manager)
[1.249s] Level 1:colcon.colcon_core.environment:create_environment_scripts_only(roverrobotics_description)
[1.250s] Level 1:colcon.colcon_core.environment:checking '/home/lab/Mani/roverrobotics_ros2/install/roverrobotics_description' for CMake module files
[1.250s] DEBUG:colcon.colcon_core.event_handler.log_command:Invoked command in '/home/lab/Mani/roverrobotics_ros2/build/roverrobotics_description' returned '0': CMAKE_PREFIX_PATH=/opt/ros/humble /usr/local/bin/cmake --install /home/lab/Mani/roverrobotics_ros2/build/roverrobotics_description
[1.250s] Level 1:colcon.colcon_core.environment:checking '/home/lab/Mani/roverrobotics_ros2/install/roverrobotics_description' for CMake config files
[1.250s] Level 1:colcon.colcon_core.shell:create_environment_hook('roverrobotics_description', 'cmake_prefix_path')
[1.250s] INFO:colcon.colcon_core.shell:Creating environment hook '/home/lab/Mani/roverrobotics_ros2/install/roverrobotics_description/share/roverrobotics_description/hook/cmake_prefix_path.ps1'
[1.251s] INFO:colcon.colcon_core.shell:Creating environment descriptor '/home/lab/Mani/roverrobotics_ros2/install/roverrobotics_description/share/roverrobotics_description/hook/cmake_prefix_path.dsv'
[1.251s] INFO:colcon.colcon_core.shell:Creating environment hook '/home/lab/Mani/roverrobotics_ros2/install/roverrobotics_description/share/roverrobotics_description/hook/cmake_prefix_path.sh'
[1.251s] Level 1:colcon.colcon_core.environment:checking '/home/lab/Mani/roverrobotics_ros2/install/roverrobotics_description/bin'
[1.251s] Level 1:colcon.colcon_core.environment:checking '/home/lab/Mani/roverrobotics_ros2/install/roverrobotics_description/lib/pkgconfig/roverrobotics_description.pc'
[1.251s] Level 1:colcon.colcon_core.environment:checking '/home/lab/Mani/roverrobotics_ros2/install/roverrobotics_description/lib/python3.10/site-packages'
[1.251s] Level 1:colcon.colcon_core.environment:checking '/home/lab/Mani/roverrobotics_ros2/install/roverrobotics_description/bin'
[1.252s] INFO:colcon.colcon_core.shell:Creating package script '/home/lab/Mani/roverrobotics_ros2/install/roverrobotics_description/share/roverrobotics_description/package.ps1'
[1.252s] INFO:colcon.colcon_core.shell:Creating package descriptor '/home/lab/Mani/roverrobotics_ros2/install/roverrobotics_description/share/roverrobotics_description/package.dsv'
[1.252s] INFO:colcon.colcon_core.shell:Creating package script '/home/lab/Mani/roverrobotics_ros2/install/roverrobotics_description/share/roverrobotics_description/package.sh'
[1.252s] INFO:colcon.colcon_core.shell:Creating package script '/home/lab/Mani/roverrobotics_ros2/install/roverrobotics_description/share/roverrobotics_description/package.bash'
[1.253s] INFO:colcon.colcon_core.shell:Creating package script '/home/lab/Mani/roverrobotics_ros2/install/roverrobotics_description/share/roverrobotics_description/package.zsh'
[1.253s] Level 1:colcon.colcon_core.environment:create_file_with_runtime_dependencies(/home/lab/Mani/roverrobotics_ros2/install/roverrobotics_description/share/colcon-core/packages/roverrobotics_description)
[1.253s] Level 1:colcon.colcon_core.environment:create_environment_scripts_only(roverrobotics_description)
[1.253s] Level 1:colcon.colcon_core.environment:checking '/home/lab/Mani/roverrobotics_ros2/install/roverrobotics_description' for CMake module files
[1.253s] Level 1:colcon.colcon_core.environment:checking '/home/lab/Mani/roverrobotics_ros2/install/roverrobotics_description' for CMake config files
[1.254s] Level 1:colcon.colcon_core.shell:create_environment_hook('roverrobotics_description', 'cmake_prefix_path')
[1.254s] INFO:colcon.colcon_core.shell:Creating environment hook '/home/lab/Mani/roverrobotics_ros2/install/roverrobotics_description/share/roverrobotics_description/hook/cmake_prefix_path.ps1'
[1.254s] INFO:colcon.colcon_core.shell:Creating environment descriptor '/home/lab/Mani/roverrobotics_ros2/install/roverrobotics_description/share/roverrobotics_description/hook/cmake_prefix_path.dsv'
[1.254s] INFO:colcon.colcon_core.shell:Creating environment hook '/home/lab/Mani/roverrobotics_ros2/install/roverrobotics_description/share/roverrobotics_description/hook/cmake_prefix_path.sh'
[1.254s] Level 1:colcon.colcon_core.environment:checking '/home/lab/Mani/roverrobotics_ros2/install/roverrobotics_description/bin'
[1.254s] Level 1:colcon.colcon_core.environment:checking '/home/lab/Mani/roverrobotics_ros2/install/roverrobotics_description/lib/pkgconfig/roverrobotics_description.pc'
[1.255s] Level 1:colcon.colcon_core.environment:checking '/home/lab/Mani/roverrobotics_ros2/install/roverrobotics_description/lib/python3.10/site-packages'
[1.255s] Level 1:colcon.colcon_core.environment:checking '/home/lab/Mani/roverrobotics_ros2/install/roverrobotics_description/bin'
[1.255s] INFO:colcon.colcon_core.shell:Creating package script '/home/lab/Mani/roverrobotics_ros2/install/roverrobotics_description/share/roverrobotics_description/package.ps1'
[1.255s] INFO:colcon.colcon_core.shell:Creating package descriptor '/home/lab/Mani/roverrobotics_ros2/install/roverrobotics_description/share/roverrobotics_description/package.dsv'
[1.255s] INFO:colcon.colcon_core.shell:Creating package script '/home/lab/Mani/roverrobotics_ros2/install/roverrobotics_description/share/roverrobotics_description/package.sh'
[1.256s] INFO:colcon.colcon_core.shell:Creating package script '/home/lab/Mani/roverrobotics_ros2/install/roverrobotics_description/share/roverrobotics_description/package.bash'
[1.256s] INFO:colcon.colcon_core.shell:Creating package script '/home/lab/Mani/roverrobotics_ros2/install/roverrobotics_description/share/roverrobotics_description/package.zsh'
[1.256s] Level 1:colcon.colcon_core.environment:create_file_with_runtime_dependencies(/home/lab/Mani/roverrobotics_ros2/install/roverrobotics_description/share/colcon-core/packages/roverrobotics_description)
[1.256s] INFO:colcon.colcon_ros.task.ament_cmake.build:Building ROS package in '/home/lab/Mani/roverrobotics_ros2/roverrobotics_gazebo' with build type 'ament_cmake'
[1.256s] INFO:colcon.colcon_cmake.task.cmake.build:Building CMake package in '/home/lab/Mani/roverrobotics_ros2/roverrobotics_gazebo'
[1.257s] INFO:colcon.colcon_core.shell:Skip shell extension 'powershell' for command environment: Not usable outside of PowerShell
[1.257s] DEBUG:colcon.colcon_core.shell:Skip shell extension 'dsv' for command environment
[1.261s] DEBUG:colcon.colcon_core.event_handler.log_command:Invoking command in '/home/lab/Mani/roverrobotics_ros2/build/roverrobotics_gazebo': AMENT_PREFIX_PATH=/home/lab/Mani/roverrobotics_ros2/install/roverrobotics_description:${AMENT_PREFIX_PATH} CMAKE_PREFIX_PATH=/home/lab/Mani/roverrobotics_ros2/install/roverrobotics_description:/opt/ros/humble /usr/local/bin/cmake /home/lab/Mani/roverrobotics_ros2/roverrobotics_gazebo -DCMAKE_INSTALL_PREFIX=/home/lab/Mani/roverrobotics_ros2/install/roverrobotics_gazebo
[1.777s] DEBUG:colcon.colcon_core.event_handler.log_command:Invoked command in '/home/lab/Mani/roverrobotics_ros2/build/roverrobotics_driver' returned '0': CMAKE_PREFIX_PATH=/opt/ros/humble /usr/local/bin/cmake /home/lab/Mani/roverrobotics_ros2/roverrobotics_driver -DCMAKE_INSTALL_PREFIX=/home/lab/Mani/roverrobotics_ros2/install/roverrobotics_driver
[1.779s] DEBUG:colcon.colcon_core.event_handler.log_command:Invoking command in '/home/lab/Mani/roverrobotics_ros2/build/roverrobotics_driver': CMAKE_PREFIX_PATH=/opt/ros/humble /usr/local/bin/cmake --build /home/lab/Mani/roverrobotics_ros2/build/roverrobotics_driver -- -j16 -l16
[2.149s] DEBUG:colcon.colcon_core.event_handler.log_command:Invoked command in '/home/lab/Mani/roverrobotics_ros2/build/roverrobotics_gazebo' returned '0': AMENT_PREFIX_PATH=/home/lab/Mani/roverrobotics_ros2/install/roverrobotics_description:${AMENT_PREFIX_PATH} CMAKE_PREFIX_PATH=/home/lab/Mani/roverrobotics_ros2/install/roverrobotics_description:/opt/ros/humble /usr/local/bin/cmake /home/lab/Mani/roverrobotics_ros2/roverrobotics_gazebo -DCMAKE_INSTALL_PREFIX=/home/lab/Mani/roverrobotics_ros2/install/roverrobotics_gazebo
[2.150s] DEBUG:colcon.colcon_core.event_handler.log_command:Invoking command in '/home/lab/Mani/roverrobotics_ros2/build/roverrobotics_gazebo': AMENT_PREFIX_PATH=/home/lab/Mani/roverrobotics_ros2/install/roverrobotics_description:${AMENT_PREFIX_PATH} CMAKE_PREFIX_PATH=/home/lab/Mani/roverrobotics_ros2/install/roverrobotics_description:/opt/ros/humble /usr/local/bin/cmake --build /home/lab/Mani/roverrobotics_ros2/build/roverrobotics_gazebo -- -j16 -l16
[2.167s] DEBUG:colcon.colcon_core.event_handler.log_command:Invoked command in '/home/lab/Mani/roverrobotics_ros2/build/roverrobotics_gazebo' returned '0': AMENT_PREFIX_PATH=/home/lab/Mani/roverrobotics_ros2/install/roverrobotics_description:${AMENT_PREFIX_PATH} CMAKE_PREFIX_PATH=/home/lab/Mani/roverrobotics_ros2/install/roverrobotics_description:/opt/ros/humble /usr/local/bin/cmake --build /home/lab/Mani/roverrobotics_ros2/build/roverrobotics_gazebo -- -j16 -l16
[2.169s] DEBUG:colcon.colcon_core.event_handler.log_command:Invoking command in '/home/lab/Mani/roverrobotics_ros2/build/roverrobotics_gazebo': AMENT_PREFIX_PATH=/home/lab/Mani/roverrobotics_ros2/install/roverrobotics_description:${AMENT_PREFIX_PATH} CMAKE_PREFIX_PATH=/home/lab/Mani/roverrobotics_ros2/install/roverrobotics_description:/opt/ros/humble /usr/local/bin/cmake --install /home/lab/Mani/roverrobotics_ros2/build/roverrobotics_gazebo
[2.182s] Level 1:colcon.colcon_core.environment:create_environment_scripts_only(roverrobotics_gazebo)
[2.182s] Level 1:colcon.colcon_core.environment:checking '/home/lab/Mani/roverrobotics_ros2/install/roverrobotics_gazebo' for CMake module files
[2.183s] DEBUG:colcon.colcon_core.event_handler.log_command:Invoked command in '/home/lab/Mani/roverrobotics_ros2/build/roverrobotics_gazebo' returned '0': AMENT_PREFIX_PATH=/home/lab/Mani/roverrobotics_ros2/install/roverrobotics_description:${AMENT_PREFIX_PATH} CMAKE_PREFIX_PATH=/home/lab/Mani/roverrobotics_ros2/install/roverrobotics_description:/opt/ros/humble /usr/local/bin/cmake --install /home/lab/Mani/roverrobotics_ros2/build/roverrobotics_gazebo
[2.183s] Level 1:colcon.colcon_core.environment:checking '/home/lab/Mani/roverrobotics_ros2/install/roverrobotics_gazebo' for CMake config files
[2.183s] Level 1:colcon.colcon_core.shell:create_environment_hook('roverrobotics_gazebo', 'cmake_prefix_path')
[2.183s] INFO:colcon.colcon_core.shell:Creating environment hook '/home/lab/Mani/roverrobotics_ros2/install/roverrobotics_gazebo/share/roverrobotics_gazebo/hook/cmake_prefix_path.ps1'
[2.183s] INFO:colcon.colcon_core.shell:Creating environment descriptor '/home/lab/Mani/roverrobotics_ros2/install/roverrobotics_gazebo/share/roverrobotics_gazebo/hook/cmake_prefix_path.dsv'
[2.184s] INFO:colcon.colcon_core.shell:Creating environment hook '/home/lab/Mani/roverrobotics_ros2/install/roverrobotics_gazebo/share/roverrobotics_gazebo/hook/cmake_prefix_path.sh'
[2.184s] Level 1:colcon.colcon_core.environment:checking '/home/lab/Mani/roverrobotics_ros2/install/roverrobotics_gazebo/bin'
[2.184s] Level 1:colcon.colcon_core.environment:checking '/home/lab/Mani/roverrobotics_ros2/install/roverrobotics_gazebo/lib/pkgconfig/roverrobotics_gazebo.pc'
[2.184s] Level 1:colcon.colcon_core.environment:checking '/home/lab/Mani/roverrobotics_ros2/install/roverrobotics_gazebo/lib/python3.10/site-packages'
[2.184s] Level 1:colcon.colcon_core.environment:checking '/home/lab/Mani/roverrobotics_ros2/install/roverrobotics_gazebo/bin'
[2.184s] INFO:colcon.colcon_core.shell:Creating package script '/home/lab/Mani/roverrobotics_ros2/install/roverrobotics_gazebo/share/roverrobotics_gazebo/package.ps1'
[2.185s] INFO:colcon.colcon_core.shell:Creating package descriptor '/home/lab/Mani/roverrobotics_ros2/install/roverrobotics_gazebo/share/roverrobotics_gazebo/package.dsv'
[2.185s] INFO:colcon.colcon_core.shell:Creating package script '/home/lab/Mani/roverrobotics_ros2/install/roverrobotics_gazebo/share/roverrobotics_gazebo/package.sh'
[2.185s] INFO:colcon.colcon_core.shell:Creating package script '/home/lab/Mani/roverrobotics_ros2/install/roverrobotics_gazebo/share/roverrobotics_gazebo/package.bash'
[2.185s] INFO:colcon.colcon_core.shell:Creating package script '/home/lab/Mani/roverrobotics_ros2/install/roverrobotics_gazebo/share/roverrobotics_gazebo/package.zsh'
[2.186s] Level 1:colcon.colcon_core.environment:create_file_with_runtime_dependencies(/home/lab/Mani/roverrobotics_ros2/install/roverrobotics_gazebo/share/colcon-core/packages/roverrobotics_gazebo)
[2.186s] Level 1:colcon.colcon_core.environment:create_environment_scripts_only(roverrobotics_gazebo)
[2.186s] Level 1:colcon.colcon_core.environment:checking '/home/lab/Mani/roverrobotics_ros2/install/roverrobotics_gazebo' for CMake module files
[2.186s] Level 1:colcon.colcon_core.environment:checking '/home/lab/Mani/roverrobotics_ros2/install/roverrobotics_gazebo' for CMake config files
[2.186s] Level 1:colcon.colcon_core.shell:create_environment_hook('roverrobotics_gazebo', 'cmake_prefix_path')
[2.187s] INFO:colcon.colcon_core.shell:Creating environment hook '/home/lab/Mani/roverrobotics_ros2/install/roverrobotics_gazebo/share/roverrobotics_gazebo/hook/cmake_prefix_path.ps1'
[2.187s] INFO:colcon.colcon_core.shell:Creating environment descriptor '/home/lab/Mani/roverrobotics_ros2/install/roverrobotics_gazebo/share/roverrobotics_gazebo/hook/cmake_prefix_path.dsv'
[2.187s] INFO:colcon.colcon_core.shell:Creating environment hook '/home/lab/Mani/roverrobotics_ros2/install/roverrobotics_gazebo/share/roverrobotics_gazebo/hook/cmake_prefix_path.sh'
[2.189s] Level 1:colcon.colcon_core.environment:checking '/home/lab/Mani/roverrobotics_ros2/install/roverrobotics_gazebo/bin'
[2.190s] Level 1:colcon.colcon_core.environment:checking '/home/lab/Mani/roverrobotics_ros2/install/roverrobotics_gazebo/lib/pkgconfig/roverrobotics_gazebo.pc'
[2.193s] Level 1:colcon.colcon_core.environment:checking '/home/lab/Mani/roverrobotics_ros2/install/roverrobotics_gazebo/lib/python3.10/site-packages'
[2.196s] Level 1:colcon.colcon_core.environment:checking '/home/lab/Mani/roverrobotics_ros2/install/roverrobotics_gazebo/bin'
[2.198s] INFO:colcon.colcon_core.shell:Creating package script '/home/lab/Mani/roverrobotics_ros2/install/roverrobotics_gazebo/share/roverrobotics_gazebo/package.ps1'
[2.198s] INFO:colcon.colcon_core.shell:Creating package descriptor '/home/lab/Mani/roverrobotics_ros2/install/roverrobotics_gazebo/share/roverrobotics_gazebo/package.dsv'
[2.198s] INFO:colcon.colcon_core.shell:Creating package script '/home/lab/Mani/roverrobotics_ros2/install/roverrobotics_gazebo/share/roverrobotics_gazebo/package.sh'
[2.199s] INFO:colcon.colcon_core.shell:Creating package script '/home/lab/Mani/roverrobotics_ros2/install/roverrobotics_gazebo/share/roverrobotics_gazebo/package.bash'
[2.199s] INFO:colcon.colcon_core.shell:Creating package script '/home/lab/Mani/roverrobotics_ros2/install/roverrobotics_gazebo/share/roverrobotics_gazebo/package.zsh'
[2.199s] Level 1:colcon.colcon_core.environment:create_file_with_runtime_dependencies(/home/lab/Mani/roverrobotics_ros2/install/roverrobotics_gazebo/share/colcon-core/packages/roverrobotics_gazebo)
[15.786s] DEBUG:colcon.colcon_core.event_handler.log_command:Invoked command in '/home/lab/Mani/roverrobotics_ros2/build/roverrobotics_driver' returned '0': CMAKE_PREFIX_PATH=/opt/ros/humble /usr/local/bin/cmake --build /home/lab/Mani/roverrobotics_ros2/build/roverrobotics_driver -- -j16 -l16
[15.787s] DEBUG:colcon.colcon_core.event_handler.log_command:Invoking command in '/home/lab/Mani/roverrobotics_ros2/build/roverrobotics_driver': CMAKE_PREFIX_PATH=/opt/ros/humble /usr/local/bin/cmake --install /home/lab/Mani/roverrobotics_ros2/build/roverrobotics_driver
[15.826s] Level 1:colcon.colcon_core.environment:create_environment_scripts_only(roverrobotics_driver)
[15.826s] Level 1:colcon.colcon_core.environment:checking '/home/lab/Mani/roverrobotics_ros2/install/roverrobotics_driver' for CMake module files
[15.826s] DEBUG:colcon.colcon_core.event_handler.log_command:Invoked command in '/home/lab/Mani/roverrobotics_ros2/build/roverrobotics_driver' returned '0': CMAKE_PREFIX_PATH=/opt/ros/humble /usr/local/bin/cmake --install /home/lab/Mani/roverrobotics_ros2/build/roverrobotics_driver
[15.826s] Level 1:colcon.colcon_core.environment:checking '/home/lab/Mani/roverrobotics_ros2/install/roverrobotics_driver' for CMake config files
[15.826s] Level 1:colcon.colcon_core.shell:create_environment_hook('roverrobotics_driver', 'cmake_prefix_path')
[15.827s] INFO:colcon.colcon_core.shell:Creating environment hook '/home/lab/Mani/roverrobotics_ros2/install/roverrobotics_driver/share/roverrobotics_driver/hook/cmake_prefix_path.ps1'
[15.827s] INFO:colcon.colcon_core.shell:Creating environment descriptor '/home/lab/Mani/roverrobotics_ros2/install/roverrobotics_driver/share/roverrobotics_driver/hook/cmake_prefix_path.dsv'
[15.827s] INFO:colcon.colcon_core.shell:Creating environment hook '/home/lab/Mani/roverrobotics_ros2/install/roverrobotics_driver/share/roverrobotics_driver/hook/cmake_prefix_path.sh'
[15.827s] Level 1:colcon.colcon_core.environment:checking '/home/lab/Mani/roverrobotics_ros2/install/roverrobotics_driver/lib'
[15.827s] Level 1:colcon.colcon_core.environment:checking '/home/lab/Mani/roverrobotics_ros2/install/roverrobotics_driver/bin'
[15.827s] Level 1:colcon.colcon_core.environment:checking '/home/lab/Mani/roverrobotics_ros2/install/roverrobotics_driver/lib/pkgconfig/roverrobotics_driver.pc'
[15.828s] Level 1:colcon.colcon_core.environment:checking '/home/lab/Mani/roverrobotics_ros2/install/roverrobotics_driver/lib/python3.10/site-packages'
[15.828s] Level 1:colcon.colcon_core.environment:checking '/home/lab/Mani/roverrobotics_ros2/install/roverrobotics_driver/bin'
[15.828s] INFO:colcon.colcon_core.shell:Creating package script '/home/lab/Mani/roverrobotics_ros2/install/roverrobotics_driver/share/roverrobotics_driver/package.ps1'
[15.828s] INFO:colcon.colcon_core.shell:Creating package descriptor '/home/lab/Mani/roverrobotics_ros2/install/roverrobotics_driver/share/roverrobotics_driver/package.dsv'
[15.828s] INFO:colcon.colcon_core.shell:Creating package script '/home/lab/Mani/roverrobotics_ros2/install/roverrobotics_driver/share/roverrobotics_driver/package.sh'
[15.829s] INFO:colcon.colcon_core.shell:Creating package script '/home/lab/Mani/roverrobotics_ros2/install/roverrobotics_driver/share/roverrobotics_driver/package.bash'
[15.829s] INFO:colcon.colcon_core.shell:Creating package script '/home/lab/Mani/roverrobotics_ros2/install/roverrobotics_driver/share/roverrobotics_driver/package.zsh'
[15.829s] Level 1:colcon.colcon_core.environment:create_file_with_runtime_dependencies(/home/lab/Mani/roverrobotics_ros2/install/roverrobotics_driver/share/colcon-core/packages/roverrobotics_driver)
[15.829s] Level 1:colcon.colcon_core.environment:create_environment_scripts_only(roverrobotics_driver)
[15.829s] Level 1:colcon.colcon_core.environment:checking '/home/lab/Mani/roverrobotics_ros2/install/roverrobotics_driver' for CMake module files
[15.830s] Level 1:colcon.colcon_core.environment:checking '/home/lab/Mani/roverrobotics_ros2/install/roverrobotics_driver' for CMake config files
[15.830s] Level 1:colcon.colcon_core.shell:create_environment_hook('roverrobotics_driver', 'cmake_prefix_path')
[15.830s] INFO:colcon.colcon_core.shell:Creating environment hook '/home/lab/Mani/roverrobotics_ros2/install/roverrobotics_driver/share/roverrobotics_driver/hook/cmake_prefix_path.ps1'
[15.830s] INFO:colcon.colcon_core.shell:Creating environment descriptor '/home/lab/Mani/roverrobotics_ros2/install/roverrobotics_driver/share/roverrobotics_driver/hook/cmake_prefix_path.dsv'
[15.830s] INFO:colcon.colcon_core.shell:Creating environment hook '/home/lab/Mani/roverrobotics_ros2/install/roverrobotics_driver/share/roverrobotics_driver/hook/cmake_prefix_path.sh'
[15.831s] Level 1:colcon.colcon_core.environment:checking '/home/lab/Mani/roverrobotics_ros2/install/roverrobotics_driver/lib'
[15.831s] Level 1:colcon.colcon_core.environment:checking '/home/lab/Mani/roverrobotics_ros2/install/roverrobotics_driver/bin'
[15.831s] Level 1:colcon.colcon_core.environment:checking '/home/lab/Mani/roverrobotics_ros2/install/roverrobotics_driver/lib/pkgconfig/roverrobotics_driver.pc'
[15.831s] Level 1:colcon.colcon_core.environment:checking '/home/lab/Mani/roverrobotics_ros2/install/roverrobotics_driver/lib/python3.10/site-packages'
[15.831s] Level 1:colcon.colcon_core.environment:checking '/home/lab/Mani/roverrobotics_ros2/install/roverrobotics_driver/bin'
[15.831s] INFO:colcon.colcon_core.shell:Creating package script '/home/lab/Mani/roverrobotics_ros2/install/roverrobotics_driver/share/roverrobotics_driver/package.ps1'
[15.831s] INFO:colcon.colcon_core.shell:Creating package descriptor '/home/lab/Mani/roverrobotics_ros2/install/roverrobotics_driver/share/roverrobotics_driver/package.dsv'
[15.832s] INFO:colcon.colcon_core.shell:Creating package script '/home/lab/Mani/roverrobotics_ros2/install/roverrobotics_driver/share/roverrobotics_driver/package.sh'
[15.832s] INFO:colcon.colcon_core.shell:Creating package script '/home/lab/Mani/roverrobotics_ros2/install/roverrobotics_driver/share/roverrobotics_driver/package.bash'
[15.832s] INFO:colcon.colcon_core.shell:Creating package script '/home/lab/Mani/roverrobotics_ros2/install/roverrobotics_driver/share/roverrobotics_driver/package.zsh'
[15.832s] Level 1:colcon.colcon_core.environment:create_file_with_runtime_dependencies(/home/lab/Mani/roverrobotics_ros2/install/roverrobotics_driver/share/colcon-core/packages/roverrobotics_driver)
[15.832s] DEBUG:colcon.colcon_parallel_executor.executor.parallel:closing loop
[15.833s] DEBUG:colcon.colcon_parallel_executor.executor.parallel:loop closed
[15.833s] DEBUG:colcon.colcon_parallel_executor.executor.parallel:run_until_complete finished with '0'
[15.833s] DEBUG:colcon.colcon_core.event_reactor:joining thread
[15.842s] INFO:colcon.colcon_core.plugin_system:Skipping extension 'colcon_notification.desktop_notification.terminal_notifier': Not used on non-Darwin systems
[15.842s] INFO:colcon.colcon_core.plugin_system:Skipping extension 'colcon_notification.desktop_notification.win32': Not used on non-Windows systems
[15.842s] INFO:colcon.colcon_notification.desktop_notification:Sending desktop notification using 'notify2'
[15.852s] DEBUG:colcon.colcon_core.event_reactor:joined thread
[15.852s] INFO:colcon.colcon_core.shell:Creating prefix script '/home/lab/Mani/roverrobotics_ros2/install/local_setup.ps1'
[15.853s] INFO:colcon.colcon_core.shell:Creating prefix util module '/home/lab/Mani/roverrobotics_ros2/install/_local_setup_util_ps1.py'
[15.854s] INFO:colcon.colcon_core.shell:Creating prefix chain script '/home/lab/Mani/roverrobotics_ros2/install/setup.ps1'
[15.855s] INFO:colcon.colcon_core.shell:Creating prefix script '/home/lab/Mani/roverrobotics_ros2/install/local_setup.sh'
[15.855s] INFO:colcon.colcon_core.shell:Creating prefix util module '/home/lab/Mani/roverrobotics_ros2/install/_local_setup_util_sh.py'
[15.856s] INFO:colcon.colcon_core.shell:Creating prefix chain script '/home/lab/Mani/roverrobotics_ros2/install/setup.sh'
[15.856s] INFO:colcon.colcon_core.shell:Creating prefix script '/home/lab/Mani/roverrobotics_ros2/install/local_setup.bash'
[15.857s] INFO:colcon.colcon_core.shell:Creating prefix chain script '/home/lab/Mani/roverrobotics_ros2/install/setup.bash'
[15.857s] INFO:colcon.colcon_core.shell:Creating prefix script '/home/lab/Mani/roverrobotics_ros2/install/local_setup.zsh'
[15.858s] INFO:colcon.colcon_core.shell:Creating prefix chain script '/home/lab/Mani/roverrobotics_ros2/install/setup.zsh'
