[0.017s] Invoking command in '/home/lab/Mani/roverrobotics_ros2/build/roverrobotics_input_manager': CMAKE_PREFIX_PATH=${CMAKE_PREFIX_PATH}:/opt/ros/humble /usr/local/bin/cmake --build /home/lab/Mani/roverrobotics_ros2/build/roverrobotics_input_manager -- -j16 -l16
[0.039s] Invoked command in '/home/lab/Mani/roverrobotics_ros2/build/roverrobotics_input_manager' returned '0': CMAKE_PREFIX_PATH=${CMAKE_PREFIX_PATH}:/opt/ros/humble /usr/local/bin/cmake --build /home/lab/Mani/roverrobotics_ros2/build/roverrobotics_input_manager -- -j16 -l16
[0.041s] Invoking command in '/home/lab/Mani/roverrobotics_ros2/build/roverrobotics_input_manager': CMAKE_PREFIX_PATH=${CMAKE_PREFIX_PATH}:/opt/ros/humble /usr/local/bin/cmake --install /home/lab/Mani/roverrobotics_ros2/build/roverrobotics_input_manager
[0.070s] -- Install configuration: ""
[0.070s] -- Up-to-date: /home/lab/Mani/roverrobotics_ros2/install/roverrobotics_input_manager/lib/roverrobotics_input_manager/modules
[0.070s] -- Up-to-date: /home/lab/Mani/roverrobotics_ros2/install/roverrobotics_input_manager/lib/roverrobotics_input_manager/modules/Controller.py
[0.070s] -- Up-to-date: /home/lab/Mani/roverrobotics_ros2/install/roverrobotics_input_manager/lib/roverrobotics_input_manager/modules/Topics.py
[0.070s] -- Up-to-date: /home/lab/Mani/roverrobotics_ros2/install/roverrobotics_input_manager/lib/roverrobotics_input_manager/modules/__pycache__
[0.071s] -- Up-to-date: /home/lab/Mani/roverrobotics_ros2/install/roverrobotics_input_manager/lib/roverrobotics_input_manager/modules/__pycache__/Controller.cpython-310.pyc
[0.071s] -- Up-to-date: /home/lab/Mani/roverrobotics_ros2/install/roverrobotics_input_manager/lib/roverrobotics_input_manager/modules/__pycache__/Topics.cpython-310.pyc
[0.071s] -- Up-to-date: /home/lab/Mani/roverrobotics_ros2/install/roverrobotics_input_manager/lib/roverrobotics_input_manager/modules/__pycache__/Controller.cpython-38.pyc
[0.071s] -- Up-to-date: /home/lab/Mani/roverrobotics_ros2/install/roverrobotics_input_manager/lib/roverrobotics_input_manager/modules/__pycache__/Topics.cpython-38.pyc
[0.071s] -- Up-to-date: /home/lab/Mani/roverrobotics_ros2/install/roverrobotics_input_manager/lib/roverrobotics_input_manager/joys_manager.py
[0.071s] -- Up-to-date: /home/lab/Mani/roverrobotics_ros2/install/roverrobotics_input_manager/share/ament_index/resource_index/package_run_dependencies/roverrobotics_input_manager
[0.071s] -- Up-to-date: /home/lab/Mani/roverrobotics_ros2/install/roverrobotics_input_manager/share/ament_index/resource_index/parent_prefix_path/roverrobotics_input_manager
[0.071s] -- Up-to-date: /home/lab/Mani/roverrobotics_ros2/install/roverrobotics_input_manager/share/roverrobotics_input_manager/environment/ament_prefix_path.sh
[0.071s] -- Up-to-date: /home/lab/Mani/roverrobotics_ros2/install/roverrobotics_input_manager/share/roverrobotics_input_manager/environment/ament_prefix_path.dsv
[0.071s] -- Up-to-date: /home/lab/Mani/roverrobotics_ros2/install/roverrobotics_input_manager/share/roverrobotics_input_manager/environment/path.sh
[0.071s] -- Up-to-date: /home/lab/Mani/roverrobotics_ros2/install/roverrobotics_input_manager/share/roverrobotics_input_manager/environment/path.dsv
[0.071s] -- Up-to-date: /home/lab/Mani/roverrobotics_ros2/install/roverrobotics_input_manager/share/roverrobotics_input_manager/local_setup.bash
[0.071s] -- Up-to-date: /home/lab/Mani/roverrobotics_ros2/install/roverrobotics_input_manager/share/roverrobotics_input_manager/local_setup.sh
[0.071s] -- Up-to-date: /home/lab/Mani/roverrobotics_ros2/install/roverrobotics_input_manager/share/roverrobotics_input_manager/local_setup.zsh
[0.072s] -- Up-to-date: /home/lab/Mani/roverrobotics_ros2/install/roverrobotics_input_manager/share/roverrobotics_input_manager/local_setup.dsv
[0.072s] -- Installing: /home/lab/Mani/roverrobotics_ros2/install/roverrobotics_input_manager/share/roverrobotics_input_manager/package.dsv
[0.072s] -- Up-to-date: /home/lab/Mani/roverrobotics_ros2/install/roverrobotics_input_manager/share/ament_index/resource_index/packages/roverrobotics_input_manager
[0.072s] -- Up-to-date: /home/lab/Mani/roverrobotics_ros2/install/roverrobotics_input_manager/share/roverrobotics_input_manager/cmake/roverrobotics_input_managerConfig.cmake
[0.072s] -- Up-to-date: /home/lab/Mani/roverrobotics_ros2/install/roverrobotics_input_manager/share/roverrobotics_input_manager/cmake/roverrobotics_input_managerConfig-version.cmake
[0.072s] -- Up-to-date: /home/lab/Mani/roverrobotics_ros2/install/roverrobotics_input_manager/share/roverrobotics_input_manager/package.xml
[0.078s] Invoked command in '/home/lab/Mani/roverrobotics_ros2/build/roverrobotics_input_manager' returned '0': CMAKE_PREFIX_PATH=${CMAKE_PREFIX_PATH}:/opt/ros/humble /usr/local/bin/cmake --install /home/lab/Mani/roverrobotics_ros2/build/roverrobotics_input_manager
