[0.023s] Invoking command in '/home/lab/Mani/roverrobotics_ros2/build/roverrobotics_gazebo': CMAKE_PREFIX_PATH=/home/lab/Mani/roverrobotics_ros2/install/roverrobotics_description:/home/lab/Mani/roverrobotics_ros2/install/roverrobotics_input_manager:/home/lab/Mani/roverrobotics_ros2/install/roverrobotics_gazebo:/home/lab/Mani/roverrobotics_ros2/install/roverrobotics_driver:/opt/ros/humble /usr/local/bin/cmake --build /home/lab/Mani/roverrobotics_ros2/build/roverrobotics_gazebo -- -j16 -l16
[0.045s] Invoked command in '/home/lab/Mani/roverrobotics_ros2/build/roverrobotics_gazebo' returned '0': CMAKE_PREFIX_PATH=/home/lab/Mani/roverrobotics_ros2/install/roverrobotics_description:/home/lab/Mani/roverrobotics_ros2/install/roverrobotics_input_manager:/home/lab/Mani/roverrobotics_ros2/install/roverrobotics_gazebo:/home/lab/Mani/roverrobotics_ros2/install/roverrobotics_driver:/opt/ros/humble /usr/local/bin/cmake --build /home/lab/Mani/roverrobotics_ros2/build/roverrobotics_gazebo -- -j16 -l16
[0.046s] Invoking command in '/home/lab/Mani/roverrobotics_ros2/build/roverrobotics_gazebo': CMAKE_PREFIX_PATH=/home/lab/Mani/roverrobotics_ros2/install/roverrobotics_description:/home/lab/Mani/roverrobotics_ros2/install/roverrobotics_input_manager:/home/lab/Mani/roverrobotics_ros2/install/roverrobotics_gazebo:/home/lab/Mani/roverrobotics_ros2/install/roverrobotics_driver:/opt/ros/humble /usr/local/bin/cmake --install /home/lab/Mani/roverrobotics_ros2/build/roverrobotics_gazebo
[0.047s] -- Install configuration: ""
[0.047s] -- Up-to-date: /home/lab/Mani/roverrobotics_ros2/install/roverrobotics_gazebo/share/roverrobotics_gazebo/launch
[0.047s] -- Up-to-date: /home/lab/Mani/roverrobotics_ros2/install/roverrobotics_gazebo/share/roverrobotics_gazebo/launch/max_gazebo.launch.py
[0.047s] -- Up-to-date: /home/lab/Mani/roverrobotics_ros2/install/roverrobotics_gazebo/share/roverrobotics_gazebo/launch/miti_65_gazebo.launch.py
[0.047s] -- Up-to-date: /home/lab/Mani/roverrobotics_ros2/install/roverrobotics_gazebo/share/roverrobotics_gazebo/launch/miti_gazebo.launch.py
[0.047s] -- Up-to-date: /home/lab/Mani/roverrobotics_ros2/install/roverrobotics_gazebo/share/roverrobotics_gazebo/launch/4wd_rover_gazebo.launch.py
[0.047s] -- Up-to-date: /home/lab/Mani/roverrobotics_ros2/install/roverrobotics_gazebo/share/roverrobotics_gazebo/launch/mini_2wd_gazebo.launch.py
[0.047s] -- Up-to-date: /home/lab/Mani/roverrobotics_ros2/install/roverrobotics_gazebo/share/roverrobotics_gazebo/launch/mini_gazebo.launch.py
[0.048s] -- Up-to-date: /home/lab/Mani/roverrobotics_ros2/install/roverrobotics_gazebo/share/roverrobotics_gazebo/launch/flipper_gazebo.launch.py
[0.048s] -- Up-to-date: /home/lab/Mani/roverrobotics_ros2/install/roverrobotics_gazebo/share/roverrobotics_gazebo/launch/2wd_rover_gazebo.launch.py
[0.048s] -- Up-to-date: /home/lab/Mani/roverrobotics_ros2/install/roverrobotics_gazebo/share/roverrobotics_gazebo/launch/mega_gazebo.launch.py
[0.048s] -- Up-to-date: /home/lab/Mani/roverrobotics_ros2/install/roverrobotics_gazebo/share/roverrobotics_gazebo/worlds
[0.048s] -- Up-to-date: /home/lab/Mani/roverrobotics_ros2/install/roverrobotics_gazebo/share/roverrobotics_gazebo/worlds/maze.sdf
[0.048s] -- Up-to-date: /home/lab/Mani/roverrobotics_ros2/install/roverrobotics_gazebo/share/roverrobotics_gazebo/worlds/warehouse.sdf
[0.048s] -- Up-to-date: /home/lab/Mani/roverrobotics_ros2/install/roverrobotics_gazebo/share/roverrobotics_gazebo/worlds/depot.sdf
[0.048s] -- Up-to-date: /home/lab/Mani/roverrobotics_ros2/install/roverrobotics_gazebo/share/ament_index/resource_index/package_run_dependencies/roverrobotics_gazebo
[0.048s] -- Up-to-date: /home/lab/Mani/roverrobotics_ros2/install/roverrobotics_gazebo/share/ament_index/resource_index/parent_prefix_path/roverrobotics_gazebo
[0.048s] -- Up-to-date: /home/lab/Mani/roverrobotics_ros2/install/roverrobotics_gazebo/share/roverrobotics_gazebo/environment/ament_prefix_path.sh
[0.048s] -- Up-to-date: /home/lab/Mani/roverrobotics_ros2/install/roverrobotics_gazebo/share/roverrobotics_gazebo/environment/ament_prefix_path.dsv
[0.048s] -- Up-to-date: /home/lab/Mani/roverrobotics_ros2/install/roverrobotics_gazebo/share/roverrobotics_gazebo/environment/path.sh
[0.049s] -- Up-to-date: /home/lab/Mani/roverrobotics_ros2/install/roverrobotics_gazebo/share/roverrobotics_gazebo/environment/path.dsv
[0.049s] -- Up-to-date: /home/lab/Mani/roverrobotics_ros2/install/roverrobotics_gazebo/share/roverrobotics_gazebo/local_setup.bash
[0.049s] -- Up-to-date: /home/lab/Mani/roverrobotics_ros2/install/roverrobotics_gazebo/share/roverrobotics_gazebo/local_setup.sh
[0.049s] -- Up-to-date: /home/lab/Mani/roverrobotics_ros2/install/roverrobotics_gazebo/share/roverrobotics_gazebo/local_setup.zsh
[0.049s] -- Up-to-date: /home/lab/Mani/roverrobotics_ros2/install/roverrobotics_gazebo/share/roverrobotics_gazebo/local_setup.dsv
[0.049s] -- Installing: /home/lab/Mani/roverrobotics_ros2/install/roverrobotics_gazebo/share/roverrobotics_gazebo/package.dsv
[0.049s] -- Up-to-date: /home/lab/Mani/roverrobotics_ros2/install/roverrobotics_gazebo/share/ament_index/resource_index/packages/roverrobotics_gazebo
[0.049s] -- Up-to-date: /home/lab/Mani/roverrobotics_ros2/install/roverrobotics_gazebo/share/roverrobotics_gazebo/cmake/roverrobotics_gazeboConfig.cmake
[0.049s] -- Up-to-date: /home/lab/Mani/roverrobotics_ros2/install/roverrobotics_gazebo/share/roverrobotics_gazebo/cmake/roverrobotics_gazeboConfig-version.cmake
[0.049s] -- Up-to-date: /home/lab/Mani/roverrobotics_ros2/install/roverrobotics_gazebo/share/roverrobotics_gazebo/package.xml
[0.050s] Invoked command in '/home/lab/Mani/roverrobotics_ros2/build/roverrobotics_gazebo' returned '0': CMAKE_PREFIX_PATH=/home/lab/Mani/roverrobotics_ros2/install/roverrobotics_description:/home/lab/Mani/roverrobotics_ros2/install/roverrobotics_input_manager:/home/lab/Mani/roverrobotics_ros2/install/roverrobotics_gazebo:/home/lab/Mani/roverrobotics_ros2/install/roverrobotics_driver:/opt/ros/humble /usr/local/bin/cmake --install /home/lab/Mani/roverrobotics_ros2/build/roverrobotics_gazebo
