[0.132s] DEBUG:colcon:Command line arguments: ['/usr/bin/colcon', 'build']
[0.133s] DEBUG:colcon:Parsed command line arguments: Namespace(log_base=None, log_level=None, verb_name='build', build_base='build', install_base='install', merge_install=False, symlink_install=False, test_result_base=None, continue_on_error=False, executor='parallel', parallel_workers=16, event_handlers=None, ignore_user_meta=False, metas=['./colcon.meta'], base_paths=['.'], packages_ignore=None, packages_ignore_regex=None, paths=None, packages_up_to=None, packages_up_to_regex=None, packages_above=None, packages_above_and_dependencies=None, packages_above_depth=None, packages_select_by_dep=None, packages_skip_by_dep=None, packages_skip_up_to=None, packages_select_build_failed=False, packages_skip_build_finished=False, packages_select_test_failures=False, packages_skip_test_passed=False, packages_select=None, packages_skip=None, packages_select_regex=None, packages_skip_regex=None, packages_start=None, packages_end=None, allow_overriding=[], cmake_args=None, cmake_target=None, cmake_target_skip_unavailable=False, cmake_clean_cache=False, cmake_clean_first=False, cmake_force_configure=False, ament_cmake_args=None, catkin_cmake_args=None, catkin_skip_building_tests=False, mixin_files=None, mixin=None, verb_parser=<colcon_mixin.mixin.mixin_argument.MixinArgumentDecorator object at 0x7f05043b62c0>, verb_extension=<colcon_core.verb.build.BuildVerb object at 0x7f05043b6170>, main=<bound method BuildVerb.main of <colcon_core.verb.build.BuildVerb object at 0x7f05043b6170>>, mixin_verb=('build',))
[0.168s] Level 1:colcon.colcon_core.package_discovery:discover_packages(colcon_meta) check parameters
[0.168s] Level 1:colcon.colcon_core.package_discovery:discover_packages(recursive) check parameters
[0.168s] Level 1:colcon.colcon_core.package_discovery:discover_packages(ignore) check parameters
[0.168s] Level 1:colcon.colcon_core.package_discovery:discover_packages(path) check parameters
[0.168s] Level 1:colcon.colcon_core.package_discovery:discover_packages(colcon_meta) discover
[0.168s] Level 1:colcon.colcon_core.package_discovery:discover_packages(recursive) discover
[0.168s] INFO:colcon.colcon_core.package_discovery:Crawling recursively for packages in '/home/lab/Mani/roverrobotics_ros2'
[0.168s] Level 1:colcon.colcon_core.package_identification:_identify(.) by extensions ['ignore', 'ignore_ament_install']
[0.168s] Level 1:colcon.colcon_core.package_identification:_identify(.) by extension 'ignore'
[0.169s] Level 1:colcon.colcon_core.package_identification:_identify(.) by extension 'ignore_ament_install'
[0.169s] Level 1:colcon.colcon_core.package_identification:_identify(.) by extensions ['colcon_pkg']
[0.169s] Level 1:colcon.colcon_core.package_identification:_identify(.) by extension 'colcon_pkg'
[0.169s] Level 1:colcon.colcon_core.package_identification:_identify(.) by extensions ['colcon_meta']
[0.169s] Level 1:colcon.colcon_core.package_identification:_identify(.) by extension 'colcon_meta'
[0.169s] Level 1:colcon.colcon_core.package_identification:_identify(.) by extensions ['ros']
[0.169s] Level 1:colcon.colcon_core.package_identification:_identify(.) by extension 'ros'
[0.179s] Level 1:colcon.colcon_core.package_identification:_identify(.) by extensions ['cmake', 'python']
[0.179s] Level 1:colcon.colcon_core.package_identification:_identify(.) by extension 'cmake'
[0.179s] Level 1:colcon.colcon_core.package_identification:_identify(.) by extension 'python'
[0.179s] Level 1:colcon.colcon_core.package_identification:_identify(.) by extensions ['python_setup_py']
[0.179s] Level 1:colcon.colcon_core.package_identification:_identify(.) by extension 'python_setup_py'
[0.179s] Level 1:colcon.colcon_core.package_identification:_identify(build) by extensions ['ignore', 'ignore_ament_install']
[0.179s] Level 1:colcon.colcon_core.package_identification:_identify(build) by extension 'ignore'
[0.179s] Level 1:colcon.colcon_core.package_identification:_identify(build) ignored
[0.180s] Level 1:colcon.colcon_core.package_identification:_identify(install) by extensions ['ignore', 'ignore_ament_install']
[0.180s] Level 1:colcon.colcon_core.package_identification:_identify(install) by extension 'ignore'
[0.180s] Level 1:colcon.colcon_core.package_identification:_identify(install) ignored
[0.180s] Level 1:colcon.colcon_core.package_identification:_identify(log) by extensions ['ignore', 'ignore_ament_install']
[0.180s] Level 1:colcon.colcon_core.package_identification:_identify(log) by extension 'ignore'
[0.180s] Level 1:colcon.colcon_core.package_identification:_identify(log) ignored
[0.180s] Level 1:colcon.colcon_core.package_identification:_identify(roverrobotics_description) by extensions ['ignore', 'ignore_ament_install']
[0.180s] Level 1:colcon.colcon_core.package_identification:_identify(roverrobotics_description) by extension 'ignore'
[0.180s] Level 1:colcon.colcon_core.package_identification:_identify(roverrobotics_description) by extension 'ignore_ament_install'
[0.180s] Level 1:colcon.colcon_core.package_identification:_identify(roverrobotics_description) by extensions ['colcon_pkg']
[0.180s] Level 1:colcon.colcon_core.package_identification:_identify(roverrobotics_description) by extension 'colcon_pkg'
[0.180s] Level 1:colcon.colcon_core.package_identification:_identify(roverrobotics_description) by extensions ['colcon_meta']
[0.180s] Level 1:colcon.colcon_core.package_identification:_identify(roverrobotics_description) by extension 'colcon_meta'
[0.180s] Level 1:colcon.colcon_core.package_identification:_identify(roverrobotics_description) by extensions ['ros']
[0.180s] Level 1:colcon.colcon_core.package_identification:_identify(roverrobotics_description) by extension 'ros'
[0.182s] DEBUG:colcon.colcon_core.package_identification:Package 'roverrobotics_description' with type 'ros.ament_cmake' and name 'roverrobotics_description'
[0.182s] Level 1:colcon.colcon_core.package_identification:_identify(roverrobotics_driver) by extensions ['ignore', 'ignore_ament_install']
[0.182s] Level 1:colcon.colcon_core.package_identification:_identify(roverrobotics_driver) by extension 'ignore'
[0.182s] Level 1:colcon.colcon_core.package_identification:_identify(roverrobotics_driver) by extension 'ignore_ament_install'
[0.182s] Level 1:colcon.colcon_core.package_identification:_identify(roverrobotics_driver) by extensions ['colcon_pkg']
[0.182s] Level 1:colcon.colcon_core.package_identification:_identify(roverrobotics_driver) by extension 'colcon_pkg'
[0.182s] Level 1:colcon.colcon_core.package_identification:_identify(roverrobotics_driver) by extensions ['colcon_meta']
[0.182s] Level 1:colcon.colcon_core.package_identification:_identify(roverrobotics_driver) by extension 'colcon_meta'
[0.182s] Level 1:colcon.colcon_core.package_identification:_identify(roverrobotics_driver) by extensions ['ros']
[0.182s] Level 1:colcon.colcon_core.package_identification:_identify(roverrobotics_driver) by extension 'ros'
[0.183s] DEBUG:colcon.colcon_core.package_identification:Package 'roverrobotics_driver' with type 'ros.ament_cmake' and name 'roverrobotics_driver'
[0.183s] Level 1:colcon.colcon_core.package_identification:_identify(roverrobotics_gazebo) by extensions ['ignore', 'ignore_ament_install']
[0.183s] Level 1:colcon.colcon_core.package_identification:_identify(roverrobotics_gazebo) by extension 'ignore'
[0.183s] Level 1:colcon.colcon_core.package_identification:_identify(roverrobotics_gazebo) by extension 'ignore_ament_install'
[0.183s] Level 1:colcon.colcon_core.package_identification:_identify(roverrobotics_gazebo) by extensions ['colcon_pkg']
[0.183s] Level 1:colcon.colcon_core.package_identification:_identify(roverrobotics_gazebo) by extension 'colcon_pkg'
[0.183s] Level 1:colcon.colcon_core.package_identification:_identify(roverrobotics_gazebo) by extensions ['colcon_meta']
[0.183s] Level 1:colcon.colcon_core.package_identification:_identify(roverrobotics_gazebo) by extension 'colcon_meta'
[0.183s] Level 1:colcon.colcon_core.package_identification:_identify(roverrobotics_gazebo) by extensions ['ros']
[0.183s] Level 1:colcon.colcon_core.package_identification:_identify(roverrobotics_gazebo) by extension 'ros'
[0.184s] DEBUG:colcon.colcon_core.package_identification:Package 'roverrobotics_gazebo' with type 'ros.ament_cmake' and name 'roverrobotics_gazebo'
[0.184s] Level 1:colcon.colcon_core.package_identification:_identify(roverrobotics_input_manager) by extensions ['ignore', 'ignore_ament_install']
[0.184s] Level 1:colcon.colcon_core.package_identification:_identify(roverrobotics_input_manager) by extension 'ignore'
[0.184s] Level 1:colcon.colcon_core.package_identification:_identify(roverrobotics_input_manager) by extension 'ignore_ament_install'
[0.184s] Level 1:colcon.colcon_core.package_identification:_identify(roverrobotics_input_manager) by extensions ['colcon_pkg']
[0.184s] Level 1:colcon.colcon_core.package_identification:_identify(roverrobotics_input_manager) by extension 'colcon_pkg'
[0.184s] Level 1:colcon.colcon_core.package_identification:_identify(roverrobotics_input_manager) by extensions ['colcon_meta']
[0.184s] Level 1:colcon.colcon_core.package_identification:_identify(roverrobotics_input_manager) by extension 'colcon_meta'
[0.184s] Level 1:colcon.colcon_core.package_identification:_identify(roverrobotics_input_manager) by extensions ['ros']
[0.184s] Level 1:colcon.colcon_core.package_identification:_identify(roverrobotics_input_manager) by extension 'ros'
[0.184s] DEBUG:colcon.colcon_core.package_identification:Package 'roverrobotics_input_manager' with type 'ros.ament_cmake' and name 'roverrobotics_input_manager'
[0.184s] Level 1:colcon.colcon_core.package_discovery:discover_packages(recursive) using defaults
[0.184s] Level 1:colcon.colcon_core.package_discovery:discover_packages(ignore) discover
[0.184s] Level 1:colcon.colcon_core.package_discovery:discover_packages(ignore) using defaults
[0.184s] Level 1:colcon.colcon_core.package_discovery:discover_packages(path) discover
[0.184s] Level 1:colcon.colcon_core.package_discovery:discover_packages(path) using defaults
[0.202s] Level 1:colcon.colcon_core.package_discovery:discover_packages(prefix_path) check parameters
[0.202s] Level 1:colcon.colcon_core.package_discovery:discover_packages(prefix_path) discover
[0.204s] DEBUG:colcon.colcon_installed_package_information.package_discovery:Found 4 installed packages in /home/lab/Mani/roverrobotics_ros2/install
[0.206s] DEBUG:colcon.colcon_installed_package_information.package_discovery:Found 394 installed packages in /opt/ros/humble
[0.207s] Level 1:colcon.colcon_core.package_discovery:discover_packages(prefix_path) using defaults
[0.241s] Level 5:colcon.colcon_core.verb:set package 'roverrobotics_description' build argument 'cmake_args' from command line to 'None'
[0.241s] Level 5:colcon.colcon_core.verb:set package 'roverrobotics_description' build argument 'cmake_target' from command line to 'None'
[0.241s] Level 5:colcon.colcon_core.verb:set package 'roverrobotics_description' build argument 'cmake_target_skip_unavailable' from command line to 'False'
[0.241s] Level 5:colcon.colcon_core.verb:set package 'roverrobotics_description' build argument 'cmake_clean_cache' from command line to 'False'
[0.241s] Level 5:colcon.colcon_core.verb:set package 'roverrobotics_description' build argument 'cmake_clean_first' from command line to 'False'
[0.241s] Level 5:colcon.colcon_core.verb:set package 'roverrobotics_description' build argument 'cmake_force_configure' from command line to 'False'
[0.241s] Level 5:colcon.colcon_core.verb:set package 'roverrobotics_description' build argument 'ament_cmake_args' from command line to 'None'
[0.241s] Level 5:colcon.colcon_core.verb:set package 'roverrobotics_description' build argument 'catkin_cmake_args' from command line to 'None'
[0.241s] Level 5:colcon.colcon_core.verb:set package 'roverrobotics_description' build argument 'catkin_skip_building_tests' from command line to 'False'
[0.241s] DEBUG:colcon.colcon_core.verb:Building package 'roverrobotics_description' with the following arguments: {'ament_cmake_args': None, 'build_base': '/home/lab/Mani/roverrobotics_ros2/build/roverrobotics_description', 'catkin_cmake_args': None, 'catkin_skip_building_tests': False, 'cmake_args': None, 'cmake_clean_cache': False, 'cmake_clean_first': False, 'cmake_force_configure': False, 'cmake_target': None, 'cmake_target_skip_unavailable': False, 'install_base': '/home/lab/Mani/roverrobotics_ros2/install/roverrobotics_description', 'merge_install': False, 'path': '/home/lab/Mani/roverrobotics_ros2/roverrobotics_description', 'symlink_install': False, 'test_result_base': None}
[0.241s] Level 5:colcon.colcon_core.verb:set package 'roverrobotics_driver' build argument 'cmake_args' from command line to 'None'
[0.241s] Level 5:colcon.colcon_core.verb:set package 'roverrobotics_driver' build argument 'cmake_target' from command line to 'None'
[0.241s] Level 5:colcon.colcon_core.verb:set package 'roverrobotics_driver' build argument 'cmake_target_skip_unavailable' from command line to 'False'
[0.241s] Level 5:colcon.colcon_core.verb:set package 'roverrobotics_driver' build argument 'cmake_clean_cache' from command line to 'False'
[0.241s] Level 5:colcon.colcon_core.verb:set package 'roverrobotics_driver' build argument 'cmake_clean_first' from command line to 'False'
[0.241s] Level 5:colcon.colcon_core.verb:set package 'roverrobotics_driver' build argument 'cmake_force_configure' from command line to 'False'
[0.241s] Level 5:colcon.colcon_core.verb:set package 'roverrobotics_driver' build argument 'ament_cmake_args' from command line to 'None'
[0.241s] Level 5:colcon.colcon_core.verb:set package 'roverrobotics_driver' build argument 'catkin_cmake_args' from command line to 'None'
[0.241s] Level 5:colcon.colcon_core.verb:set package 'roverrobotics_driver' build argument 'catkin_skip_building_tests' from command line to 'False'
[0.241s] DEBUG:colcon.colcon_core.verb:Building package 'roverrobotics_driver' with the following arguments: {'ament_cmake_args': None, 'build_base': '/home/lab/Mani/roverrobotics_ros2/build/roverrobotics_driver', 'catkin_cmake_args': None, 'catkin_skip_building_tests': False, 'cmake_args': None, 'cmake_clean_cache': False, 'cmake_clean_first': False, 'cmake_force_configure': False, 'cmake_target': None, 'cmake_target_skip_unavailable': False, 'install_base': '/home/lab/Mani/roverrobotics_ros2/install/roverrobotics_driver', 'merge_install': False, 'path': '/home/lab/Mani/roverrobotics_ros2/roverrobotics_driver', 'symlink_install': False, 'test_result_base': None}
[0.241s] Level 5:colcon.colcon_core.verb:set package 'roverrobotics_input_manager' build argument 'cmake_args' from command line to 'None'
[0.241s] Level 5:colcon.colcon_core.verb:set package 'roverrobotics_input_manager' build argument 'cmake_target' from command line to 'None'
[0.241s] Level 5:colcon.colcon_core.verb:set package 'roverrobotics_input_manager' build argument 'cmake_target_skip_unavailable' from command line to 'False'
[0.241s] Level 5:colcon.colcon_core.verb:set package 'roverrobotics_input_manager' build argument 'cmake_clean_cache' from command line to 'False'
[0.241s] Level 5:colcon.colcon_core.verb:set package 'roverrobotics_input_manager' build argument 'cmake_clean_first' from command line to 'False'
[0.241s] Level 5:colcon.colcon_core.verb:set package 'roverrobotics_input_manager' build argument 'cmake_force_configure' from command line to 'False'
[0.242s] Level 5:colcon.colcon_core.verb:set package 'roverrobotics_input_manager' build argument 'ament_cmake_args' from command line to 'None'
[0.242s] Level 5:colcon.colcon_core.verb:set package 'roverrobotics_input_manager' build argument 'catkin_cmake_args' from command line to 'None'
[0.242s] Level 5:colcon.colcon_core.verb:set package 'roverrobotics_input_manager' build argument 'catkin_skip_building_tests' from command line to 'False'
[0.242s] DEBUG:colcon.colcon_core.verb:Building package 'roverrobotics_input_manager' with the following arguments: {'ament_cmake_args': None, 'build_base': '/home/lab/Mani/roverrobotics_ros2/build/roverrobotics_input_manager', 'catkin_cmake_args': None, 'catkin_skip_building_tests': False, 'cmake_args': None, 'cmake_clean_cache': False, 'cmake_clean_first': False, 'cmake_force_configure': False, 'cmake_target': None, 'cmake_target_skip_unavailable': False, 'install_base': '/home/lab/Mani/roverrobotics_ros2/install/roverrobotics_input_manager', 'merge_install': False, 'path': '/home/lab/Mani/roverrobotics_ros2/roverrobotics_input_manager', 'symlink_install': False, 'test_result_base': None}
[0.242s] Level 5:colcon.colcon_core.verb:set package 'roverrobotics_gazebo' build argument 'cmake_args' from command line to 'None'
[0.242s] Level 5:colcon.colcon_core.verb:set package 'roverrobotics_gazebo' build argument 'cmake_target' from command line to 'None'
[0.242s] Level 5:colcon.colcon_core.verb:set package 'roverrobotics_gazebo' build argument 'cmake_target_skip_unavailable' from command line to 'False'
[0.242s] Level 5:colcon.colcon_core.verb:set package 'roverrobotics_gazebo' build argument 'cmake_clean_cache' from command line to 'False'
[0.242s] Level 5:colcon.colcon_core.verb:set package 'roverrobotics_gazebo' build argument 'cmake_clean_first' from command line to 'False'
[0.242s] Level 5:colcon.colcon_core.verb:set package 'roverrobotics_gazebo' build argument 'cmake_force_configure' from command line to 'False'
[0.242s] Level 5:colcon.colcon_core.verb:set package 'roverrobotics_gazebo' build argument 'ament_cmake_args' from command line to 'None'
[0.242s] Level 5:colcon.colcon_core.verb:set package 'roverrobotics_gazebo' build argument 'catkin_cmake_args' from command line to 'None'
[0.242s] Level 5:colcon.colcon_core.verb:set package 'roverrobotics_gazebo' build argument 'catkin_skip_building_tests' from command line to 'False'
[0.242s] DEBUG:colcon.colcon_core.verb:Building package 'roverrobotics_gazebo' with the following arguments: {'ament_cmake_args': None, 'build_base': '/home/lab/Mani/roverrobotics_ros2/build/roverrobotics_gazebo', 'catkin_cmake_args': None, 'catkin_skip_building_tests': False, 'cmake_args': None, 'cmake_clean_cache': False, 'cmake_clean_first': False, 'cmake_force_configure': False, 'cmake_target': None, 'cmake_target_skip_unavailable': False, 'install_base': '/home/lab/Mani/roverrobotics_ros2/install/roverrobotics_gazebo', 'merge_install': False, 'path': '/home/lab/Mani/roverrobotics_ros2/roverrobotics_gazebo', 'symlink_install': False, 'test_result_base': None}
[0.242s] INFO:colcon.colcon_core.executor:Executing jobs using 'parallel' executor
[0.243s] DEBUG:colcon.colcon_parallel_executor.executor.parallel:run_until_complete
[0.243s] INFO:colcon.colcon_ros.task.ament_cmake.build:Building ROS package in '/home/lab/Mani/roverrobotics_ros2/roverrobotics_description' with build type 'ament_cmake'
[0.243s] INFO:colcon.colcon_cmake.task.cmake.build:Building CMake package in '/home/lab/Mani/roverrobotics_ros2/roverrobotics_description'
[0.247s] INFO:colcon.colcon_core.plugin_system:Skipping extension 'colcon_core.shell.bat': Not used on non-Windows systems
[0.248s] INFO:colcon.colcon_core.shell:Skip shell extension 'powershell' for command environment: Not usable outside of PowerShell
[0.248s] DEBUG:colcon.colcon_core.shell:Skip shell extension 'dsv' for command environment
[0.251s] INFO:colcon.colcon_ros.task.ament_cmake.build:Building ROS package in '/home/lab/Mani/roverrobotics_ros2/roverrobotics_driver' with build type 'ament_cmake'
[0.251s] INFO:colcon.colcon_cmake.task.cmake.build:Building CMake package in '/home/lab/Mani/roverrobotics_ros2/roverrobotics_driver'
[0.251s] INFO:colcon.colcon_core.shell:Skip shell extension 'powershell' for command environment: Not usable outside of PowerShell
[0.251s] DEBUG:colcon.colcon_core.shell:Skip shell extension 'dsv' for command environment
[0.255s] INFO:colcon.colcon_ros.task.ament_cmake.build:Building ROS package in '/home/lab/Mani/roverrobotics_ros2/roverrobotics_input_manager' with build type 'ament_cmake'
[0.255s] INFO:colcon.colcon_cmake.task.cmake.build:Building CMake package in '/home/lab/Mani/roverrobotics_ros2/roverrobotics_input_manager'
[0.255s] INFO:colcon.colcon_core.shell:Skip shell extension 'powershell' for command environment: Not usable outside of PowerShell
[0.255s] DEBUG:colcon.colcon_core.shell:Skip shell extension 'dsv' for command environment
[0.264s] DEBUG:colcon.colcon_core.event_handler.log_command:Invoking command in '/home/lab/Mani/roverrobotics_ros2/build/roverrobotics_description': CMAKE_PREFIX_PATH=${CMAKE_PREFIX_PATH}:/opt/ros/humble /usr/local/bin/cmake --build /home/lab/Mani/roverrobotics_ros2/build/roverrobotics_description -- -j16 -l16
[0.268s] DEBUG:colcon.colcon_core.event_handler.log_command:Invoking command in '/home/lab/Mani/roverrobotics_ros2/build/roverrobotics_driver': CMAKE_PREFIX_PATH=${CMAKE_PREFIX_PATH}:/opt/ros/humble /usr/local/bin/cmake --build /home/lab/Mani/roverrobotics_ros2/build/roverrobotics_driver -- -j16 -l16
[0.272s] DEBUG:colcon.colcon_core.event_handler.log_command:Invoking command in '/home/lab/Mani/roverrobotics_ros2/build/roverrobotics_input_manager': CMAKE_PREFIX_PATH=${CMAKE_PREFIX_PATH}:/opt/ros/humble /usr/local/bin/cmake --build /home/lab/Mani/roverrobotics_ros2/build/roverrobotics_input_manager -- -j16 -l16
[0.281s] DEBUG:colcon.colcon_core.event_handler.log_command:Invoked command in '/home/lab/Mani/roverrobotics_ros2/build/roverrobotics_description' returned '0': CMAKE_PREFIX_PATH=${CMAKE_PREFIX_PATH}:/opt/ros/humble /usr/local/bin/cmake --build /home/lab/Mani/roverrobotics_ros2/build/roverrobotics_description -- -j16 -l16
[0.286s] DEBUG:colcon.colcon_core.event_handler.log_command:Invoking command in '/home/lab/Mani/roverrobotics_ros2/build/roverrobotics_description': CMAKE_PREFIX_PATH=${CMAKE_PREFIX_PATH}:/opt/ros/humble /usr/local/bin/cmake --install /home/lab/Mani/roverrobotics_ros2/build/roverrobotics_description
[0.287s] DEBUG:colcon.colcon_core.event_handler.log_command:Invoked command in '/home/lab/Mani/roverrobotics_ros2/build/roverrobotics_input_manager' returned '0': CMAKE_PREFIX_PATH=${CMAKE_PREFIX_PATH}:/opt/ros/humble /usr/local/bin/cmake --build /home/lab/Mani/roverrobotics_ros2/build/roverrobotics_input_manager -- -j16 -l16
[0.297s] Level 1:colcon.colcon_core.environment:create_environment_scripts_only(roverrobotics_description)
[0.297s] DEBUG:colcon.colcon_core.event_handler.log_command:Invoking command in '/home/lab/Mani/roverrobotics_ros2/build/roverrobotics_input_manager': CMAKE_PREFIX_PATH=${CMAKE_PREFIX_PATH}:/opt/ros/humble /usr/local/bin/cmake --install /home/lab/Mani/roverrobotics_ros2/build/roverrobotics_input_manager
[0.300s] DEBUG:colcon.colcon_core.event_handler.log_command:Invoked command in '/home/lab/Mani/roverrobotics_ros2/build/roverrobotics_description' returned '0': CMAKE_PREFIX_PATH=${CMAKE_PREFIX_PATH}:/opt/ros/humble /usr/local/bin/cmake --install /home/lab/Mani/roverrobotics_ros2/build/roverrobotics_description
[0.304s] Level 1:colcon.colcon_core.environment:checking '/home/lab/Mani/roverrobotics_ros2/install/roverrobotics_description' for CMake module files
[0.304s] Level 1:colcon.colcon_core.environment:checking '/home/lab/Mani/roverrobotics_ros2/install/roverrobotics_description' for CMake config files
[0.305s] Level 1:colcon.colcon_core.shell:create_environment_hook('roverrobotics_description', 'cmake_prefix_path')
[0.305s] INFO:colcon.colcon_core.shell:Creating environment hook '/home/lab/Mani/roverrobotics_ros2/install/roverrobotics_description/share/roverrobotics_description/hook/cmake_prefix_path.ps1'
[0.314s] INFO:colcon.colcon_core.shell:Creating environment descriptor '/home/lab/Mani/roverrobotics_ros2/install/roverrobotics_description/share/roverrobotics_description/hook/cmake_prefix_path.dsv'
[0.315s] INFO:colcon.colcon_core.shell:Creating environment hook '/home/lab/Mani/roverrobotics_ros2/install/roverrobotics_description/share/roverrobotics_description/hook/cmake_prefix_path.sh'
[0.316s] Level 1:colcon.colcon_core.environment:checking '/home/lab/Mani/roverrobotics_ros2/install/roverrobotics_description/bin'
[0.316s] Level 1:colcon.colcon_core.environment:checking '/home/lab/Mani/roverrobotics_ros2/install/roverrobotics_description/lib/pkgconfig/roverrobotics_description.pc'
[0.316s] Level 1:colcon.colcon_core.environment:checking '/home/lab/Mani/roverrobotics_ros2/install/roverrobotics_description/lib/python3.10/site-packages'
[0.316s] Level 1:colcon.colcon_core.environment:checking '/home/lab/Mani/roverrobotics_ros2/install/roverrobotics_description/bin'
[0.316s] INFO:colcon.colcon_core.shell:Creating package script '/home/lab/Mani/roverrobotics_ros2/install/roverrobotics_description/share/roverrobotics_description/package.ps1'
[0.317s] INFO:colcon.colcon_core.shell:Creating package descriptor '/home/lab/Mani/roverrobotics_ros2/install/roverrobotics_description/share/roverrobotics_description/package.dsv'
[0.317s] INFO:colcon.colcon_core.shell:Creating package script '/home/lab/Mani/roverrobotics_ros2/install/roverrobotics_description/share/roverrobotics_description/package.sh'
[0.318s] INFO:colcon.colcon_core.shell:Creating package script '/home/lab/Mani/roverrobotics_ros2/install/roverrobotics_description/share/roverrobotics_description/package.bash'
[0.319s] INFO:colcon.colcon_core.shell:Creating package script '/home/lab/Mani/roverrobotics_ros2/install/roverrobotics_description/share/roverrobotics_description/package.zsh'
[0.319s] Level 1:colcon.colcon_core.environment:create_file_with_runtime_dependencies(/home/lab/Mani/roverrobotics_ros2/install/roverrobotics_description/share/colcon-core/packages/roverrobotics_description)
[0.320s] Level 1:colcon.colcon_core.environment:create_environment_scripts_only(roverrobotics_description)
[0.320s] Level 1:colcon.colcon_core.environment:checking '/home/lab/Mani/roverrobotics_ros2/install/roverrobotics_description' for CMake module files
[0.320s] Level 1:colcon.colcon_core.environment:checking '/home/lab/Mani/roverrobotics_ros2/install/roverrobotics_description' for CMake config files
[0.320s] Level 1:colcon.colcon_core.shell:create_environment_hook('roverrobotics_description', 'cmake_prefix_path')
[0.320s] INFO:colcon.colcon_core.shell:Creating environment hook '/home/lab/Mani/roverrobotics_ros2/install/roverrobotics_description/share/roverrobotics_description/hook/cmake_prefix_path.ps1'
[0.321s] INFO:colcon.colcon_core.shell:Creating environment descriptor '/home/lab/Mani/roverrobotics_ros2/install/roverrobotics_description/share/roverrobotics_description/hook/cmake_prefix_path.dsv'
[0.321s] INFO:colcon.colcon_core.shell:Creating environment hook '/home/lab/Mani/roverrobotics_ros2/install/roverrobotics_description/share/roverrobotics_description/hook/cmake_prefix_path.sh'
[0.321s] Level 1:colcon.colcon_core.environment:checking '/home/lab/Mani/roverrobotics_ros2/install/roverrobotics_description/bin'
[0.321s] Level 1:colcon.colcon_core.environment:checking '/home/lab/Mani/roverrobotics_ros2/install/roverrobotics_description/lib/pkgconfig/roverrobotics_description.pc'
[0.322s] Level 1:colcon.colcon_core.environment:checking '/home/lab/Mani/roverrobotics_ros2/install/roverrobotics_description/lib/python3.10/site-packages'
[0.322s] Level 1:colcon.colcon_core.environment:checking '/home/lab/Mani/roverrobotics_ros2/install/roverrobotics_description/bin'
[0.322s] INFO:colcon.colcon_core.shell:Creating package script '/home/lab/Mani/roverrobotics_ros2/install/roverrobotics_description/share/roverrobotics_description/package.ps1'
[0.322s] INFO:colcon.colcon_core.shell:Creating package descriptor '/home/lab/Mani/roverrobotics_ros2/install/roverrobotics_description/share/roverrobotics_description/package.dsv'
[0.323s] INFO:colcon.colcon_core.shell:Creating package script '/home/lab/Mani/roverrobotics_ros2/install/roverrobotics_description/share/roverrobotics_description/package.sh'
[0.323s] INFO:colcon.colcon_core.shell:Creating package script '/home/lab/Mani/roverrobotics_ros2/install/roverrobotics_description/share/roverrobotics_description/package.bash'
[0.324s] INFO:colcon.colcon_core.shell:Creating package script '/home/lab/Mani/roverrobotics_ros2/install/roverrobotics_description/share/roverrobotics_description/package.zsh'
[0.324s] Level 1:colcon.colcon_core.environment:create_file_with_runtime_dependencies(/home/lab/Mani/roverrobotics_ros2/install/roverrobotics_description/share/colcon-core/packages/roverrobotics_description)
[0.324s] INFO:colcon.colcon_ros.task.ament_cmake.build:Building ROS package in '/home/lab/Mani/roverrobotics_ros2/roverrobotics_gazebo' with build type 'ament_cmake'
[0.325s] INFO:colcon.colcon_cmake.task.cmake.build:Building CMake package in '/home/lab/Mani/roverrobotics_ros2/roverrobotics_gazebo'
[0.325s] INFO:colcon.colcon_core.shell:Skip shell extension 'powershell' for command environment: Not usable outside of PowerShell
[0.325s] DEBUG:colcon.colcon_core.shell:Skip shell extension 'dsv' for command environment
[0.329s] Level 1:colcon.colcon_core.environment:create_environment_scripts_only(roverrobotics_input_manager)
[0.329s] Level 1:colcon.colcon_core.environment:checking '/home/lab/Mani/roverrobotics_ros2/install/roverrobotics_input_manager' for CMake module files
[0.330s] DEBUG:colcon.colcon_core.event_handler.log_command:Invoked command in '/home/lab/Mani/roverrobotics_ros2/build/roverrobotics_input_manager' returned '0': CMAKE_PREFIX_PATH=${CMAKE_PREFIX_PATH}:/opt/ros/humble /usr/local/bin/cmake --install /home/lab/Mani/roverrobotics_ros2/build/roverrobotics_input_manager
[0.330s] Level 1:colcon.colcon_core.environment:checking '/home/lab/Mani/roverrobotics_ros2/install/roverrobotics_input_manager' for CMake config files
[0.330s] Level 1:colcon.colcon_core.shell:create_environment_hook('roverrobotics_input_manager', 'cmake_prefix_path')
[0.330s] INFO:colcon.colcon_core.shell:Creating environment hook '/home/lab/Mani/roverrobotics_ros2/install/roverrobotics_input_manager/share/roverrobotics_input_manager/hook/cmake_prefix_path.ps1'
[0.331s] INFO:colcon.colcon_core.shell:Creating environment descriptor '/home/lab/Mani/roverrobotics_ros2/install/roverrobotics_input_manager/share/roverrobotics_input_manager/hook/cmake_prefix_path.dsv'
[0.331s] INFO:colcon.colcon_core.shell:Creating environment hook '/home/lab/Mani/roverrobotics_ros2/install/roverrobotics_input_manager/share/roverrobotics_input_manager/hook/cmake_prefix_path.sh'
[0.332s] Level 1:colcon.colcon_core.environment:checking '/home/lab/Mani/roverrobotics_ros2/install/roverrobotics_input_manager/lib'
[0.332s] Level 1:colcon.colcon_core.environment:checking '/home/lab/Mani/roverrobotics_ros2/install/roverrobotics_input_manager/bin'
[0.332s] Level 1:colcon.colcon_core.environment:checking '/home/lab/Mani/roverrobotics_ros2/install/roverrobotics_input_manager/lib/pkgconfig/roverrobotics_input_manager.pc'
[0.332s] Level 1:colcon.colcon_core.environment:checking '/home/lab/Mani/roverrobotics_ros2/install/roverrobotics_input_manager/lib/python3.10/site-packages'
[0.332s] Level 1:colcon.colcon_core.environment:checking '/home/lab/Mani/roverrobotics_ros2/install/roverrobotics_input_manager/bin'
[0.333s] INFO:colcon.colcon_core.shell:Creating package script '/home/lab/Mani/roverrobotics_ros2/install/roverrobotics_input_manager/share/roverrobotics_input_manager/package.ps1'
[0.333s] INFO:colcon.colcon_core.shell:Creating package descriptor '/home/lab/Mani/roverrobotics_ros2/install/roverrobotics_input_manager/share/roverrobotics_input_manager/package.dsv'
[0.333s] INFO:colcon.colcon_core.shell:Creating package script '/home/lab/Mani/roverrobotics_ros2/install/roverrobotics_input_manager/share/roverrobotics_input_manager/package.sh'
[0.334s] INFO:colcon.colcon_core.shell:Creating package script '/home/lab/Mani/roverrobotics_ros2/install/roverrobotics_input_manager/share/roverrobotics_input_manager/package.bash'
[0.334s] INFO:colcon.colcon_core.shell:Creating package script '/home/lab/Mani/roverrobotics_ros2/install/roverrobotics_input_manager/share/roverrobotics_input_manager/package.zsh'
[0.334s] Level 1:colcon.colcon_core.environment:create_file_with_runtime_dependencies(/home/lab/Mani/roverrobotics_ros2/install/roverrobotics_input_manager/share/colcon-core/packages/roverrobotics_input_manager)
[0.335s] Level 1:colcon.colcon_core.environment:create_environment_scripts_only(roverrobotics_input_manager)
[0.335s] Level 1:colcon.colcon_core.environment:checking '/home/lab/Mani/roverrobotics_ros2/install/roverrobotics_input_manager' for CMake module files
[0.335s] Level 1:colcon.colcon_core.environment:checking '/home/lab/Mani/roverrobotics_ros2/install/roverrobotics_input_manager' for CMake config files
[0.335s] Level 1:colcon.colcon_core.shell:create_environment_hook('roverrobotics_input_manager', 'cmake_prefix_path')
[0.336s] INFO:colcon.colcon_core.shell:Creating environment hook '/home/lab/Mani/roverrobotics_ros2/install/roverrobotics_input_manager/share/roverrobotics_input_manager/hook/cmake_prefix_path.ps1'
[0.336s] INFO:colcon.colcon_core.shell:Creating environment descriptor '/home/lab/Mani/roverrobotics_ros2/install/roverrobotics_input_manager/share/roverrobotics_input_manager/hook/cmake_prefix_path.dsv'
[0.336s] INFO:colcon.colcon_core.shell:Creating environment hook '/home/lab/Mani/roverrobotics_ros2/install/roverrobotics_input_manager/share/roverrobotics_input_manager/hook/cmake_prefix_path.sh'
[0.337s] Level 1:colcon.colcon_core.environment:checking '/home/lab/Mani/roverrobotics_ros2/install/roverrobotics_input_manager/lib'
[0.337s] Level 1:colcon.colcon_core.environment:checking '/home/lab/Mani/roverrobotics_ros2/install/roverrobotics_input_manager/bin'
[0.337s] Level 1:colcon.colcon_core.environment:checking '/home/lab/Mani/roverrobotics_ros2/install/roverrobotics_input_manager/lib/pkgconfig/roverrobotics_input_manager.pc'
[0.337s] Level 1:colcon.colcon_core.environment:checking '/home/lab/Mani/roverrobotics_ros2/install/roverrobotics_input_manager/lib/python3.10/site-packages'
[0.337s] Level 1:colcon.colcon_core.environment:checking '/home/lab/Mani/roverrobotics_ros2/install/roverrobotics_input_manager/bin'
[0.338s] INFO:colcon.colcon_core.shell:Creating package script '/home/lab/Mani/roverrobotics_ros2/install/roverrobotics_input_manager/share/roverrobotics_input_manager/package.ps1'
[0.338s] INFO:colcon.colcon_core.shell:Creating package descriptor '/home/lab/Mani/roverrobotics_ros2/install/roverrobotics_input_manager/share/roverrobotics_input_manager/package.dsv'
[0.339s] INFO:colcon.colcon_core.shell:Creating package script '/home/lab/Mani/roverrobotics_ros2/install/roverrobotics_input_manager/share/roverrobotics_input_manager/package.sh'
[0.339s] INFO:colcon.colcon_core.shell:Creating package script '/home/lab/Mani/roverrobotics_ros2/install/roverrobotics_input_manager/share/roverrobotics_input_manager/package.bash'
[0.340s] INFO:colcon.colcon_core.shell:Creating package script '/home/lab/Mani/roverrobotics_ros2/install/roverrobotics_input_manager/share/roverrobotics_input_manager/package.zsh'
[0.340s] Level 1:colcon.colcon_core.environment:create_file_with_runtime_dependencies(/home/lab/Mani/roverrobotics_ros2/install/roverrobotics_input_manager/share/colcon-core/packages/roverrobotics_input_manager)
[0.342s] DEBUG:colcon.colcon_core.event_handler.log_command:Invoked command in '/home/lab/Mani/roverrobotics_ros2/build/roverrobotics_driver' returned '0': CMAKE_PREFIX_PATH=${CMAKE_PREFIX_PATH}:/opt/ros/humble /usr/local/bin/cmake --build /home/lab/Mani/roverrobotics_ros2/build/roverrobotics_driver -- -j16 -l16
[0.342s] DEBUG:colcon.colcon_core.event_handler.log_command:Invoking command in '/home/lab/Mani/roverrobotics_ros2/build/roverrobotics_driver': CMAKE_PREFIX_PATH=${CMAKE_PREFIX_PATH}:/opt/ros/humble /usr/local/bin/cmake --install /home/lab/Mani/roverrobotics_ros2/build/roverrobotics_driver
[0.348s] DEBUG:colcon.colcon_core.event_handler.log_command:Invoking command in '/home/lab/Mani/roverrobotics_ros2/build/roverrobotics_gazebo': CMAKE_PREFIX_PATH=/home/lab/Mani/roverrobotics_ros2/install/roverrobotics_description:/home/lab/Mani/roverrobotics_ros2/install/roverrobotics_input_manager:/home/lab/Mani/roverrobotics_ros2/install/roverrobotics_gazebo:/home/lab/Mani/roverrobotics_ros2/install/roverrobotics_driver:/opt/ros/humble /usr/local/bin/cmake --build /home/lab/Mani/roverrobotics_ros2/build/roverrobotics_gazebo -- -j16 -l16
[0.355s] Level 1:colcon.colcon_core.environment:create_environment_scripts_only(roverrobotics_driver)
[0.355s] Level 1:colcon.colcon_core.environment:checking '/home/lab/Mani/roverrobotics_ros2/install/roverrobotics_driver' for CMake module files
[0.355s] DEBUG:colcon.colcon_core.event_handler.log_command:Invoked command in '/home/lab/Mani/roverrobotics_ros2/build/roverrobotics_driver' returned '0': CMAKE_PREFIX_PATH=${CMAKE_PREFIX_PATH}:/opt/ros/humble /usr/local/bin/cmake --install /home/lab/Mani/roverrobotics_ros2/build/roverrobotics_driver
[0.356s] Level 1:colcon.colcon_core.environment:checking '/home/lab/Mani/roverrobotics_ros2/install/roverrobotics_driver' for CMake config files
[0.356s] Level 1:colcon.colcon_core.shell:create_environment_hook('roverrobotics_driver', 'cmake_prefix_path')
[0.357s] INFO:colcon.colcon_core.shell:Creating environment hook '/home/lab/Mani/roverrobotics_ros2/install/roverrobotics_driver/share/roverrobotics_driver/hook/cmake_prefix_path.ps1'
[0.357s] INFO:colcon.colcon_core.shell:Creating environment descriptor '/home/lab/Mani/roverrobotics_ros2/install/roverrobotics_driver/share/roverrobotics_driver/hook/cmake_prefix_path.dsv'
[0.357s] INFO:colcon.colcon_core.shell:Creating environment hook '/home/lab/Mani/roverrobotics_ros2/install/roverrobotics_driver/share/roverrobotics_driver/hook/cmake_prefix_path.sh'
[0.358s] Level 1:colcon.colcon_core.environment:checking '/home/lab/Mani/roverrobotics_ros2/install/roverrobotics_driver/lib'
[0.358s] Level 1:colcon.colcon_core.environment:checking '/home/lab/Mani/roverrobotics_ros2/install/roverrobotics_driver/bin'
[0.358s] Level 1:colcon.colcon_core.environment:checking '/home/lab/Mani/roverrobotics_ros2/install/roverrobotics_driver/lib/pkgconfig/roverrobotics_driver.pc'
[0.359s] Level 1:colcon.colcon_core.environment:checking '/home/lab/Mani/roverrobotics_ros2/install/roverrobotics_driver/lib/python3.10/site-packages'
[0.359s] Level 1:colcon.colcon_core.environment:checking '/home/lab/Mani/roverrobotics_ros2/install/roverrobotics_driver/bin'
[0.359s] INFO:colcon.colcon_core.shell:Creating package script '/home/lab/Mani/roverrobotics_ros2/install/roverrobotics_driver/share/roverrobotics_driver/package.ps1'
[0.360s] INFO:colcon.colcon_core.shell:Creating package descriptor '/home/lab/Mani/roverrobotics_ros2/install/roverrobotics_driver/share/roverrobotics_driver/package.dsv'
[0.360s] INFO:colcon.colcon_core.shell:Creating package script '/home/lab/Mani/roverrobotics_ros2/install/roverrobotics_driver/share/roverrobotics_driver/package.sh'
[0.360s] INFO:colcon.colcon_core.shell:Creating package script '/home/lab/Mani/roverrobotics_ros2/install/roverrobotics_driver/share/roverrobotics_driver/package.bash'
[0.361s] INFO:colcon.colcon_core.shell:Creating package script '/home/lab/Mani/roverrobotics_ros2/install/roverrobotics_driver/share/roverrobotics_driver/package.zsh'
[0.361s] Level 1:colcon.colcon_core.environment:create_file_with_runtime_dependencies(/home/lab/Mani/roverrobotics_ros2/install/roverrobotics_driver/share/colcon-core/packages/roverrobotics_driver)
[0.362s] Level 1:colcon.colcon_core.environment:create_environment_scripts_only(roverrobotics_driver)
[0.362s] Level 1:colcon.colcon_core.environment:checking '/home/lab/Mani/roverrobotics_ros2/install/roverrobotics_driver' for CMake module files
[0.363s] Level 1:colcon.colcon_core.environment:checking '/home/lab/Mani/roverrobotics_ros2/install/roverrobotics_driver' for CMake config files
[0.363s] Level 1:colcon.colcon_core.shell:create_environment_hook('roverrobotics_driver', 'cmake_prefix_path')
[0.363s] INFO:colcon.colcon_core.shell:Creating environment hook '/home/lab/Mani/roverrobotics_ros2/install/roverrobotics_driver/share/roverrobotics_driver/hook/cmake_prefix_path.ps1'
[0.364s] INFO:colcon.colcon_core.shell:Creating environment descriptor '/home/lab/Mani/roverrobotics_ros2/install/roverrobotics_driver/share/roverrobotics_driver/hook/cmake_prefix_path.dsv'
[0.364s] INFO:colcon.colcon_core.shell:Creating environment hook '/home/lab/Mani/roverrobotics_ros2/install/roverrobotics_driver/share/roverrobotics_driver/hook/cmake_prefix_path.sh'
[0.365s] Level 1:colcon.colcon_core.environment:checking '/home/lab/Mani/roverrobotics_ros2/install/roverrobotics_driver/lib'
[0.365s] Level 1:colcon.colcon_core.environment:checking '/home/lab/Mani/roverrobotics_ros2/install/roverrobotics_driver/bin'
[0.365s] Level 1:colcon.colcon_core.environment:checking '/home/lab/Mani/roverrobotics_ros2/install/roverrobotics_driver/lib/pkgconfig/roverrobotics_driver.pc'
[0.365s] Level 1:colcon.colcon_core.environment:checking '/home/lab/Mani/roverrobotics_ros2/install/roverrobotics_driver/lib/python3.10/site-packages'
[0.365s] Level 1:colcon.colcon_core.environment:checking '/home/lab/Mani/roverrobotics_ros2/install/roverrobotics_driver/bin'
[0.366s] INFO:colcon.colcon_core.shell:Creating package script '/home/lab/Mani/roverrobotics_ros2/install/roverrobotics_driver/share/roverrobotics_driver/package.ps1'
[0.366s] INFO:colcon.colcon_core.shell:Creating package descriptor '/home/lab/Mani/roverrobotics_ros2/install/roverrobotics_driver/share/roverrobotics_driver/package.dsv'
[0.367s] INFO:colcon.colcon_core.shell:Creating package script '/home/lab/Mani/roverrobotics_ros2/install/roverrobotics_driver/share/roverrobotics_driver/package.sh'
[0.367s] INFO:colcon.colcon_core.shell:Creating package script '/home/lab/Mani/roverrobotics_ros2/install/roverrobotics_driver/share/roverrobotics_driver/package.bash'
[0.367s] INFO:colcon.colcon_core.shell:Creating package script '/home/lab/Mani/roverrobotics_ros2/install/roverrobotics_driver/share/roverrobotics_driver/package.zsh'
[0.368s] Level 1:colcon.colcon_core.environment:create_file_with_runtime_dependencies(/home/lab/Mani/roverrobotics_ros2/install/roverrobotics_driver/share/colcon-core/packages/roverrobotics_driver)
[0.370s] DEBUG:colcon.colcon_core.event_handler.log_command:Invoked command in '/home/lab/Mani/roverrobotics_ros2/build/roverrobotics_gazebo' returned '0': CMAKE_PREFIX_PATH=/home/lab/Mani/roverrobotics_ros2/install/roverrobotics_description:/home/lab/Mani/roverrobotics_ros2/install/roverrobotics_input_manager:/home/lab/Mani/roverrobotics_ros2/install/roverrobotics_gazebo:/home/lab/Mani/roverrobotics_ros2/install/roverrobotics_driver:/opt/ros/humble /usr/local/bin/cmake --build /home/lab/Mani/roverrobotics_ros2/build/roverrobotics_gazebo -- -j16 -l16
[0.371s] DEBUG:colcon.colcon_core.event_handler.log_command:Invoking command in '/home/lab/Mani/roverrobotics_ros2/build/roverrobotics_gazebo': CMAKE_PREFIX_PATH=/home/lab/Mani/roverrobotics_ros2/install/roverrobotics_description:/home/lab/Mani/roverrobotics_ros2/install/roverrobotics_input_manager:/home/lab/Mani/roverrobotics_ros2/install/roverrobotics_gazebo:/home/lab/Mani/roverrobotics_ros2/install/roverrobotics_driver:/opt/ros/humble /usr/local/bin/cmake --install /home/lab/Mani/roverrobotics_ros2/build/roverrobotics_gazebo
[0.376s] Level 1:colcon.colcon_core.environment:create_environment_scripts_only(roverrobotics_gazebo)
[0.377s] DEBUG:colcon.colcon_core.event_handler.log_command:Invoked command in '/home/lab/Mani/roverrobotics_ros2/build/roverrobotics_gazebo' returned '0': CMAKE_PREFIX_PATH=/home/lab/Mani/roverrobotics_ros2/install/roverrobotics_description:/home/lab/Mani/roverrobotics_ros2/install/roverrobotics_input_manager:/home/lab/Mani/roverrobotics_ros2/install/roverrobotics_gazebo:/home/lab/Mani/roverrobotics_ros2/install/roverrobotics_driver:/opt/ros/humble /usr/local/bin/cmake --install /home/lab/Mani/roverrobotics_ros2/build/roverrobotics_gazebo
[0.377s] Level 1:colcon.colcon_core.environment:checking '/home/lab/Mani/roverrobotics_ros2/install/roverrobotics_gazebo' for CMake module files
[0.377s] Level 1:colcon.colcon_core.environment:checking '/home/lab/Mani/roverrobotics_ros2/install/roverrobotics_gazebo' for CMake config files
[0.378s] Level 1:colcon.colcon_core.shell:create_environment_hook('roverrobotics_gazebo', 'cmake_prefix_path')
[0.378s] INFO:colcon.colcon_core.shell:Creating environment hook '/home/lab/Mani/roverrobotics_ros2/install/roverrobotics_gazebo/share/roverrobotics_gazebo/hook/cmake_prefix_path.ps1'
[0.378s] INFO:colcon.colcon_core.shell:Creating environment descriptor '/home/lab/Mani/roverrobotics_ros2/install/roverrobotics_gazebo/share/roverrobotics_gazebo/hook/cmake_prefix_path.dsv'
[0.378s] INFO:colcon.colcon_core.shell:Creating environment hook '/home/lab/Mani/roverrobotics_ros2/install/roverrobotics_gazebo/share/roverrobotics_gazebo/hook/cmake_prefix_path.sh'
[0.379s] Level 1:colcon.colcon_core.environment:checking '/home/lab/Mani/roverrobotics_ros2/install/roverrobotics_gazebo/bin'
[0.379s] Level 1:colcon.colcon_core.environment:checking '/home/lab/Mani/roverrobotics_ros2/install/roverrobotics_gazebo/lib/pkgconfig/roverrobotics_gazebo.pc'
[0.379s] Level 1:colcon.colcon_core.environment:checking '/home/lab/Mani/roverrobotics_ros2/install/roverrobotics_gazebo/lib/python3.10/site-packages'
[0.379s] Level 1:colcon.colcon_core.environment:checking '/home/lab/Mani/roverrobotics_ros2/install/roverrobotics_gazebo/bin'
[0.379s] INFO:colcon.colcon_core.shell:Creating package script '/home/lab/Mani/roverrobotics_ros2/install/roverrobotics_gazebo/share/roverrobotics_gazebo/package.ps1'
[0.380s] INFO:colcon.colcon_core.shell:Creating package descriptor '/home/lab/Mani/roverrobotics_ros2/install/roverrobotics_gazebo/share/roverrobotics_gazebo/package.dsv'
[0.380s] INFO:colcon.colcon_core.shell:Creating package script '/home/lab/Mani/roverrobotics_ros2/install/roverrobotics_gazebo/share/roverrobotics_gazebo/package.sh'
[0.380s] INFO:colcon.colcon_core.shell:Creating package script '/home/lab/Mani/roverrobotics_ros2/install/roverrobotics_gazebo/share/roverrobotics_gazebo/package.bash'
[0.381s] INFO:colcon.colcon_core.shell:Creating package script '/home/lab/Mani/roverrobotics_ros2/install/roverrobotics_gazebo/share/roverrobotics_gazebo/package.zsh'
[0.381s] Level 1:colcon.colcon_core.environment:create_file_with_runtime_dependencies(/home/lab/Mani/roverrobotics_ros2/install/roverrobotics_gazebo/share/colcon-core/packages/roverrobotics_gazebo)
[0.382s] Level 1:colcon.colcon_core.environment:create_environment_scripts_only(roverrobotics_gazebo)
[0.382s] Level 1:colcon.colcon_core.environment:checking '/home/lab/Mani/roverrobotics_ros2/install/roverrobotics_gazebo' for CMake module files
[0.382s] Level 1:colcon.colcon_core.environment:checking '/home/lab/Mani/roverrobotics_ros2/install/roverrobotics_gazebo' for CMake config files
[0.382s] Level 1:colcon.colcon_core.shell:create_environment_hook('roverrobotics_gazebo', 'cmake_prefix_path')
[0.383s] INFO:colcon.colcon_core.shell:Creating environment hook '/home/lab/Mani/roverrobotics_ros2/install/roverrobotics_gazebo/share/roverrobotics_gazebo/hook/cmake_prefix_path.ps1'
[0.384s] INFO:colcon.colcon_core.shell:Creating environment descriptor '/home/lab/Mani/roverrobotics_ros2/install/roverrobotics_gazebo/share/roverrobotics_gazebo/hook/cmake_prefix_path.dsv'
[0.384s] INFO:colcon.colcon_core.shell:Creating environment hook '/home/lab/Mani/roverrobotics_ros2/install/roverrobotics_gazebo/share/roverrobotics_gazebo/hook/cmake_prefix_path.sh'
[0.385s] Level 1:colcon.colcon_core.environment:checking '/home/lab/Mani/roverrobotics_ros2/install/roverrobotics_gazebo/bin'
[0.385s] Level 1:colcon.colcon_core.environment:checking '/home/lab/Mani/roverrobotics_ros2/install/roverrobotics_gazebo/lib/pkgconfig/roverrobotics_gazebo.pc'
[0.385s] Level 1:colcon.colcon_core.environment:checking '/home/lab/Mani/roverrobotics_ros2/install/roverrobotics_gazebo/lib/python3.10/site-packages'
[0.385s] Level 1:colcon.colcon_core.environment:checking '/home/lab/Mani/roverrobotics_ros2/install/roverrobotics_gazebo/bin'
[0.386s] INFO:colcon.colcon_core.shell:Creating package script '/home/lab/Mani/roverrobotics_ros2/install/roverrobotics_gazebo/share/roverrobotics_gazebo/package.ps1'
[0.386s] INFO:colcon.colcon_core.shell:Creating package descriptor '/home/lab/Mani/roverrobotics_ros2/install/roverrobotics_gazebo/share/roverrobotics_gazebo/package.dsv'
[0.387s] INFO:colcon.colcon_core.shell:Creating package script '/home/lab/Mani/roverrobotics_ros2/install/roverrobotics_gazebo/share/roverrobotics_gazebo/package.sh'
[0.387s] INFO:colcon.colcon_core.shell:Creating package script '/home/lab/Mani/roverrobotics_ros2/install/roverrobotics_gazebo/share/roverrobotics_gazebo/package.bash'
[0.387s] INFO:colcon.colcon_core.shell:Creating package script '/home/lab/Mani/roverrobotics_ros2/install/roverrobotics_gazebo/share/roverrobotics_gazebo/package.zsh'
[0.388s] Level 1:colcon.colcon_core.environment:create_file_with_runtime_dependencies(/home/lab/Mani/roverrobotics_ros2/install/roverrobotics_gazebo/share/colcon-core/packages/roverrobotics_gazebo)
[0.389s] DEBUG:colcon.colcon_parallel_executor.executor.parallel:closing loop
[0.389s] DEBUG:colcon.colcon_parallel_executor.executor.parallel:loop closed
[0.390s] DEBUG:colcon.colcon_parallel_executor.executor.parallel:run_until_complete finished with '0'
[0.390s] DEBUG:colcon.colcon_core.event_reactor:joining thread
[0.398s] INFO:colcon.colcon_core.plugin_system:Skipping extension 'colcon_notification.desktop_notification.terminal_notifier': Not used on non-Darwin systems
[0.398s] INFO:colcon.colcon_core.plugin_system:Skipping extension 'colcon_notification.desktop_notification.win32': Not used on non-Windows systems
[0.398s] INFO:colcon.colcon_notification.desktop_notification:Sending desktop notification using 'notify2'
[0.409s] DEBUG:colcon.colcon_core.event_reactor:joined thread
[0.409s] INFO:colcon.colcon_core.shell:Creating prefix script '/home/lab/Mani/roverrobotics_ros2/install/local_setup.ps1'
[0.410s] INFO:colcon.colcon_core.shell:Creating prefix util module '/home/lab/Mani/roverrobotics_ros2/install/_local_setup_util_ps1.py'
[0.412s] INFO:colcon.colcon_core.shell:Creating prefix chain script '/home/lab/Mani/roverrobotics_ros2/install/setup.ps1'
[0.413s] INFO:colcon.colcon_core.shell:Creating prefix script '/home/lab/Mani/roverrobotics_ros2/install/local_setup.sh'
[0.414s] INFO:colcon.colcon_core.shell:Creating prefix util module '/home/lab/Mani/roverrobotics_ros2/install/_local_setup_util_sh.py'
[0.415s] INFO:colcon.colcon_core.shell:Creating prefix chain script '/home/lab/Mani/roverrobotics_ros2/install/setup.sh'
[0.417s] INFO:colcon.colcon_core.shell:Creating prefix script '/home/lab/Mani/roverrobotics_ros2/install/local_setup.bash'
[0.418s] INFO:colcon.colcon_core.shell:Creating prefix chain script '/home/lab/Mani/roverrobotics_ros2/install/setup.bash'
[0.419s] INFO:colcon.colcon_core.shell:Creating prefix script '/home/lab/Mani/roverrobotics_ros2/install/local_setup.zsh'
[0.420s] INFO:colcon.colcon_core.shell:Creating prefix chain script '/home/lab/Mani/roverrobotics_ros2/install/setup.zsh'
