[0.158s] DEBUG:colcon:Command line arguments: ['/usr/bin/colcon', 'build']
[0.158s] DEBUG:colcon:Parsed command line arguments: Namespace(log_base=None, log_level=None, verb_name='build', build_base='build', install_base='install', merge_install=False, symlink_install=False, test_result_base=None, continue_on_error=False, executor='parallel', parallel_workers=16, event_handlers=None, ignore_user_meta=False, metas=['./colcon.meta'], base_paths=['.'], packages_ignore=None, packages_ignore_regex=None, paths=None, packages_up_to=None, packages_up_to_regex=None, packages_above=None, packages_above_and_dependencies=None, packages_above_depth=None, packages_select_by_dep=None, packages_skip_by_dep=None, packages_skip_up_to=None, packages_select_build_failed=False, packages_skip_build_finished=False, packages_select_test_failures=False, packages_skip_test_passed=False, packages_select=None, packages_skip=None, packages_select_regex=None, packages_skip_regex=None, packages_start=None, packages_end=None, allow_overriding=[], cmake_args=None, cmake_target=None, cmake_target_skip_unavailable=False, cmake_clean_cache=False, cmake_clean_first=False, cmake_force_configure=False, ament_cmake_args=None, catkin_cmake_args=None, catkin_skip_building_tests=False, mixin_files=None, mixin=None, verb_parser=<colcon_mixin.mixin.mixin_argument.MixinArgumentDecorator object at 0x7f413efc22c0>, verb_extension=<colcon_core.verb.build.BuildVerb object at 0x7f413efc2170>, main=<bound method BuildVerb.main of <colcon_core.verb.build.BuildVerb object at 0x7f413efc2170>>, mixin_verb=('build',))
[0.193s] Level 1:colcon.colcon_core.package_discovery:discover_packages(colcon_meta) check parameters
[0.193s] Level 1:colcon.colcon_core.package_discovery:discover_packages(recursive) check parameters
[0.193s] Level 1:colcon.colcon_core.package_discovery:discover_packages(ignore) check parameters
[0.193s] Level 1:colcon.colcon_core.package_discovery:discover_packages(path) check parameters
[0.193s] Level 1:colcon.colcon_core.package_discovery:discover_packages(colcon_meta) discover
[0.193s] Level 1:colcon.colcon_core.package_discovery:discover_packages(recursive) discover
[0.193s] INFO:colcon.colcon_core.package_discovery:Crawling recursively for packages in '/home/lab/Mani/roverrobotics_ros2'
[0.193s] Level 1:colcon.colcon_core.package_identification:_identify(.) by extensions ['ignore', 'ignore_ament_install']
[0.193s] Level 1:colcon.colcon_core.package_identification:_identify(.) by extension 'ignore'
[0.193s] Level 1:colcon.colcon_core.package_identification:_identify(.) by extension 'ignore_ament_install'
[0.193s] Level 1:colcon.colcon_core.package_identification:_identify(.) by extensions ['colcon_pkg']
[0.193s] Level 1:colcon.colcon_core.package_identification:_identify(.) by extension 'colcon_pkg'
[0.194s] Level 1:colcon.colcon_core.package_identification:_identify(.) by extensions ['colcon_meta']
[0.194s] Level 1:colcon.colcon_core.package_identification:_identify(.) by extension 'colcon_meta'
[0.194s] Level 1:colcon.colcon_core.package_identification:_identify(.) by extensions ['ros']
[0.194s] Level 1:colcon.colcon_core.package_identification:_identify(.) by extension 'ros'
[0.205s] Level 1:colcon.colcon_core.package_identification:_identify(.) by extensions ['cmake', 'python']
[0.205s] Level 1:colcon.colcon_core.package_identification:_identify(.) by extension 'cmake'
[0.205s] Level 1:colcon.colcon_core.package_identification:_identify(.) by extension 'python'
[0.205s] Level 1:colcon.colcon_core.package_identification:_identify(.) by extensions ['python_setup_py']
[0.205s] Level 1:colcon.colcon_core.package_identification:_identify(.) by extension 'python_setup_py'
[0.205s] Level 1:colcon.colcon_core.package_identification:_identify(build) by extensions ['ignore', 'ignore_ament_install']
[0.205s] Level 1:colcon.colcon_core.package_identification:_identify(build) by extension 'ignore'
[0.205s] Level 1:colcon.colcon_core.package_identification:_identify(build) ignored
[0.205s] Level 1:colcon.colcon_core.package_identification:_identify(install) by extensions ['ignore', 'ignore_ament_install']
[0.205s] Level 1:colcon.colcon_core.package_identification:_identify(install) by extension 'ignore'
[0.205s] Level 1:colcon.colcon_core.package_identification:_identify(install) ignored
[0.205s] Level 1:colcon.colcon_core.package_identification:_identify(log) by extensions ['ignore', 'ignore_ament_install']
[0.205s] Level 1:colcon.colcon_core.package_identification:_identify(log) by extension 'ignore'
[0.205s] Level 1:colcon.colcon_core.package_identification:_identify(log) ignored
[0.206s] Level 1:colcon.colcon_core.package_identification:_identify(roverrobotics_description) by extensions ['ignore', 'ignore_ament_install']
[0.206s] Level 1:colcon.colcon_core.package_identification:_identify(roverrobotics_description) by extension 'ignore'
[0.206s] Level 1:colcon.colcon_core.package_identification:_identify(roverrobotics_description) by extension 'ignore_ament_install'
[0.206s] Level 1:colcon.colcon_core.package_identification:_identify(roverrobotics_description) by extensions ['colcon_pkg']
[0.206s] Level 1:colcon.colcon_core.package_identification:_identify(roverrobotics_description) by extension 'colcon_pkg'
[0.206s] Level 1:colcon.colcon_core.package_identification:_identify(roverrobotics_description) by extensions ['colcon_meta']
[0.206s] Level 1:colcon.colcon_core.package_identification:_identify(roverrobotics_description) by extension 'colcon_meta'
[0.206s] Level 1:colcon.colcon_core.package_identification:_identify(roverrobotics_description) by extensions ['ros']
[0.206s] Level 1:colcon.colcon_core.package_identification:_identify(roverrobotics_description) by extension 'ros'
[0.207s] DEBUG:colcon.colcon_core.package_identification:Package 'roverrobotics_description' with type 'ros.ament_cmake' and name 'roverrobotics_description'
[0.208s] Level 1:colcon.colcon_core.package_identification:_identify(roverrobotics_driver) by extensions ['ignore', 'ignore_ament_install']
[0.208s] Level 1:colcon.colcon_core.package_identification:_identify(roverrobotics_driver) by extension 'ignore'
[0.208s] Level 1:colcon.colcon_core.package_identification:_identify(roverrobotics_driver) by extension 'ignore_ament_install'
[0.208s] Level 1:colcon.colcon_core.package_identification:_identify(roverrobotics_driver) by extensions ['colcon_pkg']
[0.208s] Level 1:colcon.colcon_core.package_identification:_identify(roverrobotics_driver) by extension 'colcon_pkg'
[0.208s] Level 1:colcon.colcon_core.package_identification:_identify(roverrobotics_driver) by extensions ['colcon_meta']
[0.208s] Level 1:colcon.colcon_core.package_identification:_identify(roverrobotics_driver) by extension 'colcon_meta'
[0.208s] Level 1:colcon.colcon_core.package_identification:_identify(roverrobotics_driver) by extensions ['ros']
[0.208s] Level 1:colcon.colcon_core.package_identification:_identify(roverrobotics_driver) by extension 'ros'
[0.209s] DEBUG:colcon.colcon_core.package_identification:Package 'roverrobotics_driver' with type 'ros.ament_cmake' and name 'roverrobotics_driver'
[0.209s] Level 1:colcon.colcon_core.package_identification:_identify(roverrobotics_gazebo) by extensions ['ignore', 'ignore_ament_install']
[0.209s] Level 1:colcon.colcon_core.package_identification:_identify(roverrobotics_gazebo) by extension 'ignore'
[0.209s] Level 1:colcon.colcon_core.package_identification:_identify(roverrobotics_gazebo) by extension 'ignore_ament_install'
[0.209s] Level 1:colcon.colcon_core.package_identification:_identify(roverrobotics_gazebo) by extensions ['colcon_pkg']
[0.209s] Level 1:colcon.colcon_core.package_identification:_identify(roverrobotics_gazebo) by extension 'colcon_pkg'
[0.209s] Level 1:colcon.colcon_core.package_identification:_identify(roverrobotics_gazebo) by extensions ['colcon_meta']
[0.209s] Level 1:colcon.colcon_core.package_identification:_identify(roverrobotics_gazebo) by extension 'colcon_meta'
[0.209s] Level 1:colcon.colcon_core.package_identification:_identify(roverrobotics_gazebo) by extensions ['ros']
[0.209s] Level 1:colcon.colcon_core.package_identification:_identify(roverrobotics_gazebo) by extension 'ros'
[0.209s] DEBUG:colcon.colcon_core.package_identification:Package 'roverrobotics_gazebo' with type 'ros.ament_cmake' and name 'roverrobotics_gazebo'
[0.209s] Level 1:colcon.colcon_core.package_identification:_identify(roverrobotics_input_manager) by extensions ['ignore', 'ignore_ament_install']
[0.209s] Level 1:colcon.colcon_core.package_identification:_identify(roverrobotics_input_manager) by extension 'ignore'
[0.209s] Level 1:colcon.colcon_core.package_identification:_identify(roverrobotics_input_manager) by extension 'ignore_ament_install'
[0.209s] Level 1:colcon.colcon_core.package_identification:_identify(roverrobotics_input_manager) by extensions ['colcon_pkg']
[0.209s] Level 1:colcon.colcon_core.package_identification:_identify(roverrobotics_input_manager) by extension 'colcon_pkg'
[0.210s] Level 1:colcon.colcon_core.package_identification:_identify(roverrobotics_input_manager) by extensions ['colcon_meta']
[0.210s] Level 1:colcon.colcon_core.package_identification:_identify(roverrobotics_input_manager) by extension 'colcon_meta'
[0.210s] Level 1:colcon.colcon_core.package_identification:_identify(roverrobotics_input_manager) by extensions ['ros']
[0.210s] Level 1:colcon.colcon_core.package_identification:_identify(roverrobotics_input_manager) by extension 'ros'
[0.210s] DEBUG:colcon.colcon_core.package_identification:Package 'roverrobotics_input_manager' with type 'ros.ament_cmake' and name 'roverrobotics_input_manager'
[0.210s] Level 1:colcon.colcon_core.package_discovery:discover_packages(recursive) using defaults
[0.210s] Level 1:colcon.colcon_core.package_discovery:discover_packages(ignore) discover
[0.210s] Level 1:colcon.colcon_core.package_discovery:discover_packages(ignore) using defaults
[0.210s] Level 1:colcon.colcon_core.package_discovery:discover_packages(path) discover
[0.210s] Level 1:colcon.colcon_core.package_discovery:discover_packages(path) using defaults
[0.228s] Level 1:colcon.colcon_core.package_discovery:discover_packages(prefix_path) check parameters
[0.229s] Level 1:colcon.colcon_core.package_discovery:discover_packages(prefix_path) discover
[0.231s] DEBUG:colcon.colcon_installed_package_information.package_discovery:Found 4 installed packages in /home/lab/Mani/roverrobotics_ros2/install
[0.232s] DEBUG:colcon.colcon_installed_package_information.package_discovery:Found 394 installed packages in /opt/ros/humble
[0.233s] Level 1:colcon.colcon_core.package_discovery:discover_packages(prefix_path) using defaults
[0.269s] Level 5:colcon.colcon_core.verb:set package 'roverrobotics_description' build argument 'cmake_args' from command line to 'None'
[0.269s] Level 5:colcon.colcon_core.verb:set package 'roverrobotics_description' build argument 'cmake_target' from command line to 'None'
[0.269s] Level 5:colcon.colcon_core.verb:set package 'roverrobotics_description' build argument 'cmake_target_skip_unavailable' from command line to 'False'
[0.269s] Level 5:colcon.colcon_core.verb:set package 'roverrobotics_description' build argument 'cmake_clean_cache' from command line to 'False'
[0.269s] Level 5:colcon.colcon_core.verb:set package 'roverrobotics_description' build argument 'cmake_clean_first' from command line to 'False'
[0.269s] Level 5:colcon.colcon_core.verb:set package 'roverrobotics_description' build argument 'cmake_force_configure' from command line to 'False'
[0.269s] Level 5:colcon.colcon_core.verb:set package 'roverrobotics_description' build argument 'ament_cmake_args' from command line to 'None'
[0.269s] Level 5:colcon.colcon_core.verb:set package 'roverrobotics_description' build argument 'catkin_cmake_args' from command line to 'None'
[0.269s] Level 5:colcon.colcon_core.verb:set package 'roverrobotics_description' build argument 'catkin_skip_building_tests' from command line to 'False'
[0.269s] DEBUG:colcon.colcon_core.verb:Building package 'roverrobotics_description' with the following arguments: {'ament_cmake_args': None, 'build_base': '/home/lab/Mani/roverrobotics_ros2/build/roverrobotics_description', 'catkin_cmake_args': None, 'catkin_skip_building_tests': False, 'cmake_args': None, 'cmake_clean_cache': False, 'cmake_clean_first': False, 'cmake_force_configure': False, 'cmake_target': None, 'cmake_target_skip_unavailable': False, 'install_base': '/home/lab/Mani/roverrobotics_ros2/install/roverrobotics_description', 'merge_install': False, 'path': '/home/lab/Mani/roverrobotics_ros2/roverrobotics_description', 'symlink_install': False, 'test_result_base': None}
[0.269s] Level 5:colcon.colcon_core.verb:set package 'roverrobotics_driver' build argument 'cmake_args' from command line to 'None'
[0.269s] Level 5:colcon.colcon_core.verb:set package 'roverrobotics_driver' build argument 'cmake_target' from command line to 'None'
[0.269s] Level 5:colcon.colcon_core.verb:set package 'roverrobotics_driver' build argument 'cmake_target_skip_unavailable' from command line to 'False'
[0.269s] Level 5:colcon.colcon_core.verb:set package 'roverrobotics_driver' build argument 'cmake_clean_cache' from command line to 'False'
[0.269s] Level 5:colcon.colcon_core.verb:set package 'roverrobotics_driver' build argument 'cmake_clean_first' from command line to 'False'
[0.269s] Level 5:colcon.colcon_core.verb:set package 'roverrobotics_driver' build argument 'cmake_force_configure' from command line to 'False'
[0.269s] Level 5:colcon.colcon_core.verb:set package 'roverrobotics_driver' build argument 'ament_cmake_args' from command line to 'None'
[0.269s] Level 5:colcon.colcon_core.verb:set package 'roverrobotics_driver' build argument 'catkin_cmake_args' from command line to 'None'
[0.269s] Level 5:colcon.colcon_core.verb:set package 'roverrobotics_driver' build argument 'catkin_skip_building_tests' from command line to 'False'
[0.269s] DEBUG:colcon.colcon_core.verb:Building package 'roverrobotics_driver' with the following arguments: {'ament_cmake_args': None, 'build_base': '/home/lab/Mani/roverrobotics_ros2/build/roverrobotics_driver', 'catkin_cmake_args': None, 'catkin_skip_building_tests': False, 'cmake_args': None, 'cmake_clean_cache': False, 'cmake_clean_first': False, 'cmake_force_configure': False, 'cmake_target': None, 'cmake_target_skip_unavailable': False, 'install_base': '/home/lab/Mani/roverrobotics_ros2/install/roverrobotics_driver', 'merge_install': False, 'path': '/home/lab/Mani/roverrobotics_ros2/roverrobotics_driver', 'symlink_install': False, 'test_result_base': None}
[0.270s] Level 5:colcon.colcon_core.verb:set package 'roverrobotics_input_manager' build argument 'cmake_args' from command line to 'None'
[0.270s] Level 5:colcon.colcon_core.verb:set package 'roverrobotics_input_manager' build argument 'cmake_target' from command line to 'None'
[0.270s] Level 5:colcon.colcon_core.verb:set package 'roverrobotics_input_manager' build argument 'cmake_target_skip_unavailable' from command line to 'False'
[0.270s] Level 5:colcon.colcon_core.verb:set package 'roverrobotics_input_manager' build argument 'cmake_clean_cache' from command line to 'False'
[0.270s] Level 5:colcon.colcon_core.verb:set package 'roverrobotics_input_manager' build argument 'cmake_clean_first' from command line to 'False'
[0.270s] Level 5:colcon.colcon_core.verb:set package 'roverrobotics_input_manager' build argument 'cmake_force_configure' from command line to 'False'
[0.270s] Level 5:colcon.colcon_core.verb:set package 'roverrobotics_input_manager' build argument 'ament_cmake_args' from command line to 'None'
[0.270s] Level 5:colcon.colcon_core.verb:set package 'roverrobotics_input_manager' build argument 'catkin_cmake_args' from command line to 'None'
[0.270s] Level 5:colcon.colcon_core.verb:set package 'roverrobotics_input_manager' build argument 'catkin_skip_building_tests' from command line to 'False'
[0.270s] DEBUG:colcon.colcon_core.verb:Building package 'roverrobotics_input_manager' with the following arguments: {'ament_cmake_args': None, 'build_base': '/home/lab/Mani/roverrobotics_ros2/build/roverrobotics_input_manager', 'catkin_cmake_args': None, 'catkin_skip_building_tests': False, 'cmake_args': None, 'cmake_clean_cache': False, 'cmake_clean_first': False, 'cmake_force_configure': False, 'cmake_target': None, 'cmake_target_skip_unavailable': False, 'install_base': '/home/lab/Mani/roverrobotics_ros2/install/roverrobotics_input_manager', 'merge_install': False, 'path': '/home/lab/Mani/roverrobotics_ros2/roverrobotics_input_manager', 'symlink_install': False, 'test_result_base': None}
[0.270s] Level 5:colcon.colcon_core.verb:set package 'roverrobotics_gazebo' build argument 'cmake_args' from command line to 'None'
[0.270s] Level 5:colcon.colcon_core.verb:set package 'roverrobotics_gazebo' build argument 'cmake_target' from command line to 'None'
[0.270s] Level 5:colcon.colcon_core.verb:set package 'roverrobotics_gazebo' build argument 'cmake_target_skip_unavailable' from command line to 'False'
[0.270s] Level 5:colcon.colcon_core.verb:set package 'roverrobotics_gazebo' build argument 'cmake_clean_cache' from command line to 'False'
[0.270s] Level 5:colcon.colcon_core.verb:set package 'roverrobotics_gazebo' build argument 'cmake_clean_first' from command line to 'False'
[0.270s] Level 5:colcon.colcon_core.verb:set package 'roverrobotics_gazebo' build argument 'cmake_force_configure' from command line to 'False'
[0.270s] Level 5:colcon.colcon_core.verb:set package 'roverrobotics_gazebo' build argument 'ament_cmake_args' from command line to 'None'
[0.270s] Level 5:colcon.colcon_core.verb:set package 'roverrobotics_gazebo' build argument 'catkin_cmake_args' from command line to 'None'
[0.270s] Level 5:colcon.colcon_core.verb:set package 'roverrobotics_gazebo' build argument 'catkin_skip_building_tests' from command line to 'False'
[0.270s] DEBUG:colcon.colcon_core.verb:Building package 'roverrobotics_gazebo' with the following arguments: {'ament_cmake_args': None, 'build_base': '/home/lab/Mani/roverrobotics_ros2/build/roverrobotics_gazebo', 'catkin_cmake_args': None, 'catkin_skip_building_tests': False, 'cmake_args': None, 'cmake_clean_cache': False, 'cmake_clean_first': False, 'cmake_force_configure': False, 'cmake_target': None, 'cmake_target_skip_unavailable': False, 'install_base': '/home/lab/Mani/roverrobotics_ros2/install/roverrobotics_gazebo', 'merge_install': False, 'path': '/home/lab/Mani/roverrobotics_ros2/roverrobotics_gazebo', 'symlink_install': False, 'test_result_base': None}
[0.270s] INFO:colcon.colcon_core.executor:Executing jobs using 'parallel' executor
[0.271s] DEBUG:colcon.colcon_parallel_executor.executor.parallel:run_until_complete
[0.271s] INFO:colcon.colcon_ros.task.ament_cmake.build:Building ROS package in '/home/lab/Mani/roverrobotics_ros2/roverrobotics_description' with build type 'ament_cmake'
[0.272s] INFO:colcon.colcon_cmake.task.cmake.build:Building CMake package in '/home/lab/Mani/roverrobotics_ros2/roverrobotics_description'
[0.276s] INFO:colcon.colcon_core.plugin_system:Skipping extension 'colcon_core.shell.bat': Not used on non-Windows systems
[0.276s] INFO:colcon.colcon_core.shell:Skip shell extension 'powershell' for command environment: Not usable outside of PowerShell
[0.276s] DEBUG:colcon.colcon_core.shell:Skip shell extension 'dsv' for command environment
[0.279s] INFO:colcon.colcon_ros.task.ament_cmake.build:Building ROS package in '/home/lab/Mani/roverrobotics_ros2/roverrobotics_driver' with build type 'ament_cmake'
[0.279s] INFO:colcon.colcon_cmake.task.cmake.build:Building CMake package in '/home/lab/Mani/roverrobotics_ros2/roverrobotics_driver'
[0.279s] INFO:colcon.colcon_core.shell:Skip shell extension 'powershell' for command environment: Not usable outside of PowerShell
[0.279s] DEBUG:colcon.colcon_core.shell:Skip shell extension 'dsv' for command environment
[0.283s] INFO:colcon.colcon_ros.task.ament_cmake.build:Building ROS package in '/home/lab/Mani/roverrobotics_ros2/roverrobotics_input_manager' with build type 'ament_cmake'
[0.283s] INFO:colcon.colcon_cmake.task.cmake.build:Building CMake package in '/home/lab/Mani/roverrobotics_ros2/roverrobotics_input_manager'
[0.283s] INFO:colcon.colcon_core.shell:Skip shell extension 'powershell' for command environment: Not usable outside of PowerShell
[0.283s] DEBUG:colcon.colcon_core.shell:Skip shell extension 'dsv' for command environment
[0.293s] DEBUG:colcon.colcon_core.event_handler.log_command:Invoking command in '/home/lab/Mani/roverrobotics_ros2/build/roverrobotics_description': CMAKE_PREFIX_PATH=${CMAKE_PREFIX_PATH}:/opt/ros/humble /usr/local/bin/cmake --build /home/lab/Mani/roverrobotics_ros2/build/roverrobotics_description -- -j16 -l16
[0.296s] DEBUG:colcon.colcon_core.event_handler.log_command:Invoking command in '/home/lab/Mani/roverrobotics_ros2/build/roverrobotics_driver': CMAKE_PREFIX_PATH=${CMAKE_PREFIX_PATH}:/opt/ros/humble /usr/local/bin/cmake --build /home/lab/Mani/roverrobotics_ros2/build/roverrobotics_driver -- -j16 -l16
[0.301s] DEBUG:colcon.colcon_core.event_handler.log_command:Invoking command in '/home/lab/Mani/roverrobotics_ros2/build/roverrobotics_input_manager': CMAKE_PREFIX_PATH=${CMAKE_PREFIX_PATH}:/opt/ros/humble /usr/local/bin/cmake --build /home/lab/Mani/roverrobotics_ros2/build/roverrobotics_input_manager -- -j16 -l16
[0.309s] DEBUG:colcon.colcon_core.event_handler.log_command:Invoked command in '/home/lab/Mani/roverrobotics_ros2/build/roverrobotics_description' returned '0': CMAKE_PREFIX_PATH=${CMAKE_PREFIX_PATH}:/opt/ros/humble /usr/local/bin/cmake --build /home/lab/Mani/roverrobotics_ros2/build/roverrobotics_description -- -j16 -l16
[0.314s] DEBUG:colcon.colcon_core.event_handler.log_command:Invoking command in '/home/lab/Mani/roverrobotics_ros2/build/roverrobotics_description': CMAKE_PREFIX_PATH=${CMAKE_PREFIX_PATH}:/opt/ros/humble /usr/local/bin/cmake --install /home/lab/Mani/roverrobotics_ros2/build/roverrobotics_description
[0.323s] DEBUG:colcon.colcon_core.event_handler.log_command:Invoked command in '/home/lab/Mani/roverrobotics_ros2/build/roverrobotics_input_manager' returned '0': CMAKE_PREFIX_PATH=${CMAKE_PREFIX_PATH}:/opt/ros/humble /usr/local/bin/cmake --build /home/lab/Mani/roverrobotics_ros2/build/roverrobotics_input_manager -- -j16 -l16
[0.325s] DEBUG:colcon.colcon_core.event_handler.log_command:Invoking command in '/home/lab/Mani/roverrobotics_ros2/build/roverrobotics_input_manager': CMAKE_PREFIX_PATH=${CMAKE_PREFIX_PATH}:/opt/ros/humble /usr/local/bin/cmake --install /home/lab/Mani/roverrobotics_ros2/build/roverrobotics_input_manager
[0.325s] Level 1:colcon.colcon_core.environment:create_environment_scripts_only(roverrobotics_description)
[0.325s] DEBUG:colcon.colcon_core.event_handler.log_command:Invoked command in '/home/lab/Mani/roverrobotics_ros2/build/roverrobotics_description' returned '0': CMAKE_PREFIX_PATH=${CMAKE_PREFIX_PATH}:/opt/ros/humble /usr/local/bin/cmake --install /home/lab/Mani/roverrobotics_ros2/build/roverrobotics_description
[0.330s] Level 1:colcon.colcon_core.environment:checking '/home/lab/Mani/roverrobotics_ros2/install/roverrobotics_description' for CMake module files
[0.330s] Level 1:colcon.colcon_core.environment:checking '/home/lab/Mani/roverrobotics_ros2/install/roverrobotics_description' for CMake config files
[0.331s] Level 1:colcon.colcon_core.shell:create_environment_hook('roverrobotics_description', 'cmake_prefix_path')
[0.331s] INFO:colcon.colcon_core.shell:Creating environment hook '/home/lab/Mani/roverrobotics_ros2/install/roverrobotics_description/share/roverrobotics_description/hook/cmake_prefix_path.ps1'
[0.332s] INFO:colcon.colcon_core.shell:Creating environment descriptor '/home/lab/Mani/roverrobotics_ros2/install/roverrobotics_description/share/roverrobotics_description/hook/cmake_prefix_path.dsv'
[0.332s] INFO:colcon.colcon_core.shell:Creating environment hook '/home/lab/Mani/roverrobotics_ros2/install/roverrobotics_description/share/roverrobotics_description/hook/cmake_prefix_path.sh'
[0.333s] Level 1:colcon.colcon_core.environment:checking '/home/lab/Mani/roverrobotics_ros2/install/roverrobotics_description/bin'
[0.333s] Level 1:colcon.colcon_core.environment:checking '/home/lab/Mani/roverrobotics_ros2/install/roverrobotics_description/lib/pkgconfig/roverrobotics_description.pc'
[0.333s] Level 1:colcon.colcon_core.environment:checking '/home/lab/Mani/roverrobotics_ros2/install/roverrobotics_description/lib/python3.10/site-packages'
[0.333s] Level 1:colcon.colcon_core.environment:checking '/home/lab/Mani/roverrobotics_ros2/install/roverrobotics_description/bin'
[0.333s] INFO:colcon.colcon_core.shell:Creating package script '/home/lab/Mani/roverrobotics_ros2/install/roverrobotics_description/share/roverrobotics_description/package.ps1'
[0.343s] INFO:colcon.colcon_core.shell:Creating package descriptor '/home/lab/Mani/roverrobotics_ros2/install/roverrobotics_description/share/roverrobotics_description/package.dsv'
[0.344s] INFO:colcon.colcon_core.shell:Creating package script '/home/lab/Mani/roverrobotics_ros2/install/roverrobotics_description/share/roverrobotics_description/package.sh'
[0.344s] INFO:colcon.colcon_core.shell:Creating package script '/home/lab/Mani/roverrobotics_ros2/install/roverrobotics_description/share/roverrobotics_description/package.bash'
[0.345s] INFO:colcon.colcon_core.shell:Creating package script '/home/lab/Mani/roverrobotics_ros2/install/roverrobotics_description/share/roverrobotics_description/package.zsh'
[0.346s] Level 1:colcon.colcon_core.environment:create_file_with_runtime_dependencies(/home/lab/Mani/roverrobotics_ros2/install/roverrobotics_description/share/colcon-core/packages/roverrobotics_description)
[0.346s] Level 1:colcon.colcon_core.environment:create_environment_scripts_only(roverrobotics_description)
[0.346s] Level 1:colcon.colcon_core.environment:checking '/home/lab/Mani/roverrobotics_ros2/install/roverrobotics_description' for CMake module files
[0.347s] Level 1:colcon.colcon_core.environment:checking '/home/lab/Mani/roverrobotics_ros2/install/roverrobotics_description' for CMake config files
[0.347s] Level 1:colcon.colcon_core.shell:create_environment_hook('roverrobotics_description', 'cmake_prefix_path')
[0.347s] INFO:colcon.colcon_core.shell:Creating environment hook '/home/lab/Mani/roverrobotics_ros2/install/roverrobotics_description/share/roverrobotics_description/hook/cmake_prefix_path.ps1'
[0.347s] INFO:colcon.colcon_core.shell:Creating environment descriptor '/home/lab/Mani/roverrobotics_ros2/install/roverrobotics_description/share/roverrobotics_description/hook/cmake_prefix_path.dsv'
[0.348s] INFO:colcon.colcon_core.shell:Creating environment hook '/home/lab/Mani/roverrobotics_ros2/install/roverrobotics_description/share/roverrobotics_description/hook/cmake_prefix_path.sh'
[0.348s] Level 1:colcon.colcon_core.environment:checking '/home/lab/Mani/roverrobotics_ros2/install/roverrobotics_description/bin'
[0.348s] Level 1:colcon.colcon_core.environment:checking '/home/lab/Mani/roverrobotics_ros2/install/roverrobotics_description/lib/pkgconfig/roverrobotics_description.pc'
[0.348s] Level 1:colcon.colcon_core.environment:checking '/home/lab/Mani/roverrobotics_ros2/install/roverrobotics_description/lib/python3.10/site-packages'
[0.349s] Level 1:colcon.colcon_core.environment:checking '/home/lab/Mani/roverrobotics_ros2/install/roverrobotics_description/bin'
[0.349s] INFO:colcon.colcon_core.shell:Creating package script '/home/lab/Mani/roverrobotics_ros2/install/roverrobotics_description/share/roverrobotics_description/package.ps1'
[0.349s] INFO:colcon.colcon_core.shell:Creating package descriptor '/home/lab/Mani/roverrobotics_ros2/install/roverrobotics_description/share/roverrobotics_description/package.dsv'
[0.350s] INFO:colcon.colcon_core.shell:Creating package script '/home/lab/Mani/roverrobotics_ros2/install/roverrobotics_description/share/roverrobotics_description/package.sh'
[0.350s] INFO:colcon.colcon_core.shell:Creating package script '/home/lab/Mani/roverrobotics_ros2/install/roverrobotics_description/share/roverrobotics_description/package.bash'
[0.350s] INFO:colcon.colcon_core.shell:Creating package script '/home/lab/Mani/roverrobotics_ros2/install/roverrobotics_description/share/roverrobotics_description/package.zsh'
[0.350s] Level 1:colcon.colcon_core.environment:create_file_with_runtime_dependencies(/home/lab/Mani/roverrobotics_ros2/install/roverrobotics_description/share/colcon-core/packages/roverrobotics_description)
[0.351s] INFO:colcon.colcon_ros.task.ament_cmake.build:Building ROS package in '/home/lab/Mani/roverrobotics_ros2/roverrobotics_gazebo' with build type 'ament_cmake'
[0.352s] INFO:colcon.colcon_cmake.task.cmake.build:Building CMake package in '/home/lab/Mani/roverrobotics_ros2/roverrobotics_gazebo'
[0.352s] INFO:colcon.colcon_core.shell:Skip shell extension 'powershell' for command environment: Not usable outside of PowerShell
[0.353s] DEBUG:colcon.colcon_core.shell:Skip shell extension 'dsv' for command environment
[0.359s] DEBUG:colcon.colcon_core.event_handler.log_command:Invoked command in '/home/lab/Mani/roverrobotics_ros2/build/roverrobotics_driver' returned '0': CMAKE_PREFIX_PATH=${CMAKE_PREFIX_PATH}:/opt/ros/humble /usr/local/bin/cmake --build /home/lab/Mani/roverrobotics_ros2/build/roverrobotics_driver -- -j16 -l16
[0.361s] DEBUG:colcon.colcon_core.event_handler.log_command:Invoking command in '/home/lab/Mani/roverrobotics_ros2/build/roverrobotics_driver': CMAKE_PREFIX_PATH=${CMAKE_PREFIX_PATH}:/opt/ros/humble /usr/local/bin/cmake --install /home/lab/Mani/roverrobotics_ros2/build/roverrobotics_driver
[0.361s] Level 1:colcon.colcon_core.environment:create_environment_scripts_only(roverrobotics_input_manager)
[0.361s] Level 1:colcon.colcon_core.environment:checking '/home/lab/Mani/roverrobotics_ros2/install/roverrobotics_input_manager' for CMake module files
[0.362s] DEBUG:colcon.colcon_core.event_handler.log_command:Invoked command in '/home/lab/Mani/roverrobotics_ros2/build/roverrobotics_input_manager' returned '0': CMAKE_PREFIX_PATH=${CMAKE_PREFIX_PATH}:/opt/ros/humble /usr/local/bin/cmake --install /home/lab/Mani/roverrobotics_ros2/build/roverrobotics_input_manager
[0.362s] Level 1:colcon.colcon_core.environment:checking '/home/lab/Mani/roverrobotics_ros2/install/roverrobotics_input_manager' for CMake config files
[0.362s] Level 1:colcon.colcon_core.shell:create_environment_hook('roverrobotics_input_manager', 'cmake_prefix_path')
[0.363s] INFO:colcon.colcon_core.shell:Creating environment hook '/home/lab/Mani/roverrobotics_ros2/install/roverrobotics_input_manager/share/roverrobotics_input_manager/hook/cmake_prefix_path.ps1'
[0.363s] INFO:colcon.colcon_core.shell:Creating environment descriptor '/home/lab/Mani/roverrobotics_ros2/install/roverrobotics_input_manager/share/roverrobotics_input_manager/hook/cmake_prefix_path.dsv'
[0.363s] INFO:colcon.colcon_core.shell:Creating environment hook '/home/lab/Mani/roverrobotics_ros2/install/roverrobotics_input_manager/share/roverrobotics_input_manager/hook/cmake_prefix_path.sh'
[0.364s] Level 1:colcon.colcon_core.environment:checking '/home/lab/Mani/roverrobotics_ros2/install/roverrobotics_input_manager/lib'
[0.364s] Level 1:colcon.colcon_core.environment:checking '/home/lab/Mani/roverrobotics_ros2/install/roverrobotics_input_manager/bin'
[0.364s] Level 1:colcon.colcon_core.environment:checking '/home/lab/Mani/roverrobotics_ros2/install/roverrobotics_input_manager/lib/pkgconfig/roverrobotics_input_manager.pc'
[0.365s] Level 1:colcon.colcon_core.environment:checking '/home/lab/Mani/roverrobotics_ros2/install/roverrobotics_input_manager/lib/python3.10/site-packages'
[0.365s] Level 1:colcon.colcon_core.environment:checking '/home/lab/Mani/roverrobotics_ros2/install/roverrobotics_input_manager/bin'
[0.365s] INFO:colcon.colcon_core.shell:Creating package script '/home/lab/Mani/roverrobotics_ros2/install/roverrobotics_input_manager/share/roverrobotics_input_manager/package.ps1'
[0.366s] INFO:colcon.colcon_core.shell:Creating package descriptor '/home/lab/Mani/roverrobotics_ros2/install/roverrobotics_input_manager/share/roverrobotics_input_manager/package.dsv'
[0.366s] INFO:colcon.colcon_core.shell:Creating package script '/home/lab/Mani/roverrobotics_ros2/install/roverrobotics_input_manager/share/roverrobotics_input_manager/package.sh'
[0.367s] INFO:colcon.colcon_core.shell:Creating package script '/home/lab/Mani/roverrobotics_ros2/install/roverrobotics_input_manager/share/roverrobotics_input_manager/package.bash'
[0.367s] INFO:colcon.colcon_core.shell:Creating package script '/home/lab/Mani/roverrobotics_ros2/install/roverrobotics_input_manager/share/roverrobotics_input_manager/package.zsh'
[0.368s] Level 1:colcon.colcon_core.environment:create_file_with_runtime_dependencies(/home/lab/Mani/roverrobotics_ros2/install/roverrobotics_input_manager/share/colcon-core/packages/roverrobotics_input_manager)
[0.368s] Level 1:colcon.colcon_core.environment:create_environment_scripts_only(roverrobotics_input_manager)
[0.369s] Level 1:colcon.colcon_core.environment:checking '/home/lab/Mani/roverrobotics_ros2/install/roverrobotics_input_manager' for CMake module files
[0.369s] Level 1:colcon.colcon_core.environment:checking '/home/lab/Mani/roverrobotics_ros2/install/roverrobotics_input_manager' for CMake config files
[0.369s] Level 1:colcon.colcon_core.shell:create_environment_hook('roverrobotics_input_manager', 'cmake_prefix_path')
[0.369s] INFO:colcon.colcon_core.shell:Creating environment hook '/home/lab/Mani/roverrobotics_ros2/install/roverrobotics_input_manager/share/roverrobotics_input_manager/hook/cmake_prefix_path.ps1'
[0.370s] INFO:colcon.colcon_core.shell:Creating environment descriptor '/home/lab/Mani/roverrobotics_ros2/install/roverrobotics_input_manager/share/roverrobotics_input_manager/hook/cmake_prefix_path.dsv'
[0.370s] INFO:colcon.colcon_core.shell:Creating environment hook '/home/lab/Mani/roverrobotics_ros2/install/roverrobotics_input_manager/share/roverrobotics_input_manager/hook/cmake_prefix_path.sh'
[0.370s] Level 1:colcon.colcon_core.environment:checking '/home/lab/Mani/roverrobotics_ros2/install/roverrobotics_input_manager/lib'
[0.371s] Level 1:colcon.colcon_core.environment:checking '/home/lab/Mani/roverrobotics_ros2/install/roverrobotics_input_manager/bin'
[0.371s] Level 1:colcon.colcon_core.environment:checking '/home/lab/Mani/roverrobotics_ros2/install/roverrobotics_input_manager/lib/pkgconfig/roverrobotics_input_manager.pc'
[0.371s] Level 1:colcon.colcon_core.environment:checking '/home/lab/Mani/roverrobotics_ros2/install/roverrobotics_input_manager/lib/python3.10/site-packages'
[0.371s] Level 1:colcon.colcon_core.environment:checking '/home/lab/Mani/roverrobotics_ros2/install/roverrobotics_input_manager/bin'
[0.372s] INFO:colcon.colcon_core.shell:Creating package script '/home/lab/Mani/roverrobotics_ros2/install/roverrobotics_input_manager/share/roverrobotics_input_manager/package.ps1'
[0.373s] INFO:colcon.colcon_core.shell:Creating package descriptor '/home/lab/Mani/roverrobotics_ros2/install/roverrobotics_input_manager/share/roverrobotics_input_manager/package.dsv'
[0.373s] INFO:colcon.colcon_core.shell:Creating package script '/home/lab/Mani/roverrobotics_ros2/install/roverrobotics_input_manager/share/roverrobotics_input_manager/package.sh'
[0.374s] INFO:colcon.colcon_core.shell:Creating package script '/home/lab/Mani/roverrobotics_ros2/install/roverrobotics_input_manager/share/roverrobotics_input_manager/package.bash'
[0.374s] INFO:colcon.colcon_core.shell:Creating package script '/home/lab/Mani/roverrobotics_ros2/install/roverrobotics_input_manager/share/roverrobotics_input_manager/package.zsh'
[0.374s] Level 1:colcon.colcon_core.environment:create_file_with_runtime_dependencies(/home/lab/Mani/roverrobotics_ros2/install/roverrobotics_input_manager/share/colcon-core/packages/roverrobotics_input_manager)
[0.381s] Level 1:colcon.colcon_core.environment:create_environment_scripts_only(roverrobotics_driver)
[0.381s] Level 1:colcon.colcon_core.environment:checking '/home/lab/Mani/roverrobotics_ros2/install/roverrobotics_driver' for CMake module files
[0.383s] Level 1:colcon.colcon_core.environment:checking '/home/lab/Mani/roverrobotics_ros2/install/roverrobotics_driver' for CMake config files
[0.387s] DEBUG:colcon.colcon_core.event_handler.log_command:Invoking command in '/home/lab/Mani/roverrobotics_ros2/build/roverrobotics_gazebo': CMAKE_PREFIX_PATH=/home/lab/Mani/roverrobotics_ros2/install/roverrobotics_description:/home/lab/Mani/roverrobotics_ros2/install/roverrobotics_input_manager:/home/lab/Mani/roverrobotics_ros2/install/roverrobotics_gazebo:/home/lab/Mani/roverrobotics_ros2/install/roverrobotics_driver:/opt/ros/humble /usr/local/bin/cmake --build /home/lab/Mani/roverrobotics_ros2/build/roverrobotics_gazebo -- -j16 -l16
[0.388s] DEBUG:colcon.colcon_core.event_handler.log_command:Invoked command in '/home/lab/Mani/roverrobotics_ros2/build/roverrobotics_driver' returned '0': CMAKE_PREFIX_PATH=${CMAKE_PREFIX_PATH}:/opt/ros/humble /usr/local/bin/cmake --install /home/lab/Mani/roverrobotics_ros2/build/roverrobotics_driver
[0.388s] Level 1:colcon.colcon_core.shell:create_environment_hook('roverrobotics_driver', 'cmake_prefix_path')
[0.388s] INFO:colcon.colcon_core.shell:Creating environment hook '/home/lab/Mani/roverrobotics_ros2/install/roverrobotics_driver/share/roverrobotics_driver/hook/cmake_prefix_path.ps1'
[0.388s] INFO:colcon.colcon_core.shell:Creating environment descriptor '/home/lab/Mani/roverrobotics_ros2/install/roverrobotics_driver/share/roverrobotics_driver/hook/cmake_prefix_path.dsv'
[0.389s] INFO:colcon.colcon_core.shell:Creating environment hook '/home/lab/Mani/roverrobotics_ros2/install/roverrobotics_driver/share/roverrobotics_driver/hook/cmake_prefix_path.sh'
[0.389s] Level 1:colcon.colcon_core.environment:checking '/home/lab/Mani/roverrobotics_ros2/install/roverrobotics_driver/lib'
[0.389s] Level 1:colcon.colcon_core.environment:checking '/home/lab/Mani/roverrobotics_ros2/install/roverrobotics_driver/bin'
[0.389s] Level 1:colcon.colcon_core.environment:checking '/home/lab/Mani/roverrobotics_ros2/install/roverrobotics_driver/lib/pkgconfig/roverrobotics_driver.pc'
[0.390s] Level 1:colcon.colcon_core.environment:checking '/home/lab/Mani/roverrobotics_ros2/install/roverrobotics_driver/lib/python3.10/site-packages'
[0.390s] Level 1:colcon.colcon_core.environment:checking '/home/lab/Mani/roverrobotics_ros2/install/roverrobotics_driver/bin'
[0.390s] INFO:colcon.colcon_core.shell:Creating package script '/home/lab/Mani/roverrobotics_ros2/install/roverrobotics_driver/share/roverrobotics_driver/package.ps1'
[0.390s] INFO:colcon.colcon_core.shell:Creating package descriptor '/home/lab/Mani/roverrobotics_ros2/install/roverrobotics_driver/share/roverrobotics_driver/package.dsv'
[0.391s] INFO:colcon.colcon_core.shell:Creating package script '/home/lab/Mani/roverrobotics_ros2/install/roverrobotics_driver/share/roverrobotics_driver/package.sh'
[0.391s] INFO:colcon.colcon_core.shell:Creating package script '/home/lab/Mani/roverrobotics_ros2/install/roverrobotics_driver/share/roverrobotics_driver/package.bash'
[0.392s] INFO:colcon.colcon_core.shell:Creating package script '/home/lab/Mani/roverrobotics_ros2/install/roverrobotics_driver/share/roverrobotics_driver/package.zsh'
[0.392s] Level 1:colcon.colcon_core.environment:create_file_with_runtime_dependencies(/home/lab/Mani/roverrobotics_ros2/install/roverrobotics_driver/share/colcon-core/packages/roverrobotics_driver)
[0.393s] Level 1:colcon.colcon_core.environment:create_environment_scripts_only(roverrobotics_driver)
[0.393s] Level 1:colcon.colcon_core.environment:checking '/home/lab/Mani/roverrobotics_ros2/install/roverrobotics_driver' for CMake module files
[0.393s] Level 1:colcon.colcon_core.environment:checking '/home/lab/Mani/roverrobotics_ros2/install/roverrobotics_driver' for CMake config files
[0.394s] Level 1:colcon.colcon_core.shell:create_environment_hook('roverrobotics_driver', 'cmake_prefix_path')
[0.394s] INFO:colcon.colcon_core.shell:Creating environment hook '/home/lab/Mani/roverrobotics_ros2/install/roverrobotics_driver/share/roverrobotics_driver/hook/cmake_prefix_path.ps1'
[0.394s] INFO:colcon.colcon_core.shell:Creating environment descriptor '/home/lab/Mani/roverrobotics_ros2/install/roverrobotics_driver/share/roverrobotics_driver/hook/cmake_prefix_path.dsv'
[0.395s] INFO:colcon.colcon_core.shell:Creating environment hook '/home/lab/Mani/roverrobotics_ros2/install/roverrobotics_driver/share/roverrobotics_driver/hook/cmake_prefix_path.sh'
[0.396s] Level 1:colcon.colcon_core.environment:checking '/home/lab/Mani/roverrobotics_ros2/install/roverrobotics_driver/lib'
[0.396s] Level 1:colcon.colcon_core.environment:checking '/home/lab/Mani/roverrobotics_ros2/install/roverrobotics_driver/bin'
[0.396s] Level 1:colcon.colcon_core.environment:checking '/home/lab/Mani/roverrobotics_ros2/install/roverrobotics_driver/lib/pkgconfig/roverrobotics_driver.pc'
[0.396s] Level 1:colcon.colcon_core.environment:checking '/home/lab/Mani/roverrobotics_ros2/install/roverrobotics_driver/lib/python3.10/site-packages'
[0.397s] Level 1:colcon.colcon_core.environment:checking '/home/lab/Mani/roverrobotics_ros2/install/roverrobotics_driver/bin'
[0.397s] INFO:colcon.colcon_core.shell:Creating package script '/home/lab/Mani/roverrobotics_ros2/install/roverrobotics_driver/share/roverrobotics_driver/package.ps1'
[0.398s] INFO:colcon.colcon_core.shell:Creating package descriptor '/home/lab/Mani/roverrobotics_ros2/install/roverrobotics_driver/share/roverrobotics_driver/package.dsv'
[0.398s] INFO:colcon.colcon_core.shell:Creating package script '/home/lab/Mani/roverrobotics_ros2/install/roverrobotics_driver/share/roverrobotics_driver/package.sh'
[0.398s] INFO:colcon.colcon_core.shell:Creating package script '/home/lab/Mani/roverrobotics_ros2/install/roverrobotics_driver/share/roverrobotics_driver/package.bash'
[0.399s] INFO:colcon.colcon_core.shell:Creating package script '/home/lab/Mani/roverrobotics_ros2/install/roverrobotics_driver/share/roverrobotics_driver/package.zsh'
[0.399s] Level 1:colcon.colcon_core.environment:create_file_with_runtime_dependencies(/home/lab/Mani/roverrobotics_ros2/install/roverrobotics_driver/share/colcon-core/packages/roverrobotics_driver)
[0.401s] DEBUG:colcon.colcon_core.event_handler.log_command:Invoked command in '/home/lab/Mani/roverrobotics_ros2/build/roverrobotics_gazebo' returned '0': CMAKE_PREFIX_PATH=/home/lab/Mani/roverrobotics_ros2/install/roverrobotics_description:/home/lab/Mani/roverrobotics_ros2/install/roverrobotics_input_manager:/home/lab/Mani/roverrobotics_ros2/install/roverrobotics_gazebo:/home/lab/Mani/roverrobotics_ros2/install/roverrobotics_driver:/opt/ros/humble /usr/local/bin/cmake --build /home/lab/Mani/roverrobotics_ros2/build/roverrobotics_gazebo -- -j16 -l16
[0.403s] DEBUG:colcon.colcon_core.event_handler.log_command:Invoking command in '/home/lab/Mani/roverrobotics_ros2/build/roverrobotics_gazebo': CMAKE_PREFIX_PATH=/home/lab/Mani/roverrobotics_ros2/install/roverrobotics_description:/home/lab/Mani/roverrobotics_ros2/install/roverrobotics_input_manager:/home/lab/Mani/roverrobotics_ros2/install/roverrobotics_gazebo:/home/lab/Mani/roverrobotics_ros2/install/roverrobotics_driver:/opt/ros/humble /usr/local/bin/cmake --install /home/lab/Mani/roverrobotics_ros2/build/roverrobotics_gazebo
[0.408s] Level 1:colcon.colcon_core.environment:create_environment_scripts_only(roverrobotics_gazebo)
[0.408s] Level 1:colcon.colcon_core.environment:checking '/home/lab/Mani/roverrobotics_ros2/install/roverrobotics_gazebo' for CMake module files
[0.408s] DEBUG:colcon.colcon_core.event_handler.log_command:Invoked command in '/home/lab/Mani/roverrobotics_ros2/build/roverrobotics_gazebo' returned '0': CMAKE_PREFIX_PATH=/home/lab/Mani/roverrobotics_ros2/install/roverrobotics_description:/home/lab/Mani/roverrobotics_ros2/install/roverrobotics_input_manager:/home/lab/Mani/roverrobotics_ros2/install/roverrobotics_gazebo:/home/lab/Mani/roverrobotics_ros2/install/roverrobotics_driver:/opt/ros/humble /usr/local/bin/cmake --install /home/lab/Mani/roverrobotics_ros2/build/roverrobotics_gazebo
[0.409s] Level 1:colcon.colcon_core.environment:checking '/home/lab/Mani/roverrobotics_ros2/install/roverrobotics_gazebo' for CMake config files
[0.409s] Level 1:colcon.colcon_core.shell:create_environment_hook('roverrobotics_gazebo', 'cmake_prefix_path')
[0.409s] INFO:colcon.colcon_core.shell:Creating environment hook '/home/lab/Mani/roverrobotics_ros2/install/roverrobotics_gazebo/share/roverrobotics_gazebo/hook/cmake_prefix_path.ps1'
[0.409s] INFO:colcon.colcon_core.shell:Creating environment descriptor '/home/lab/Mani/roverrobotics_ros2/install/roverrobotics_gazebo/share/roverrobotics_gazebo/hook/cmake_prefix_path.dsv'
[0.410s] INFO:colcon.colcon_core.shell:Creating environment hook '/home/lab/Mani/roverrobotics_ros2/install/roverrobotics_gazebo/share/roverrobotics_gazebo/hook/cmake_prefix_path.sh'
[0.410s] Level 1:colcon.colcon_core.environment:checking '/home/lab/Mani/roverrobotics_ros2/install/roverrobotics_gazebo/bin'
[0.410s] Level 1:colcon.colcon_core.environment:checking '/home/lab/Mani/roverrobotics_ros2/install/roverrobotics_gazebo/lib/pkgconfig/roverrobotics_gazebo.pc'
[0.410s] Level 1:colcon.colcon_core.environment:checking '/home/lab/Mani/roverrobotics_ros2/install/roverrobotics_gazebo/lib/python3.10/site-packages'
[0.411s] Level 1:colcon.colcon_core.environment:checking '/home/lab/Mani/roverrobotics_ros2/install/roverrobotics_gazebo/bin'
[0.411s] INFO:colcon.colcon_core.shell:Creating package script '/home/lab/Mani/roverrobotics_ros2/install/roverrobotics_gazebo/share/roverrobotics_gazebo/package.ps1'
[0.411s] INFO:colcon.colcon_core.shell:Creating package descriptor '/home/lab/Mani/roverrobotics_ros2/install/roverrobotics_gazebo/share/roverrobotics_gazebo/package.dsv'
[0.412s] INFO:colcon.colcon_core.shell:Creating package script '/home/lab/Mani/roverrobotics_ros2/install/roverrobotics_gazebo/share/roverrobotics_gazebo/package.sh'
[0.412s] INFO:colcon.colcon_core.shell:Creating package script '/home/lab/Mani/roverrobotics_ros2/install/roverrobotics_gazebo/share/roverrobotics_gazebo/package.bash'
[0.412s] INFO:colcon.colcon_core.shell:Creating package script '/home/lab/Mani/roverrobotics_ros2/install/roverrobotics_gazebo/share/roverrobotics_gazebo/package.zsh'
[0.413s] Level 1:colcon.colcon_core.environment:create_file_with_runtime_dependencies(/home/lab/Mani/roverrobotics_ros2/install/roverrobotics_gazebo/share/colcon-core/packages/roverrobotics_gazebo)
[0.414s] Level 1:colcon.colcon_core.environment:create_environment_scripts_only(roverrobotics_gazebo)
[0.414s] Level 1:colcon.colcon_core.environment:checking '/home/lab/Mani/roverrobotics_ros2/install/roverrobotics_gazebo' for CMake module files
[0.415s] Level 1:colcon.colcon_core.environment:checking '/home/lab/Mani/roverrobotics_ros2/install/roverrobotics_gazebo' for CMake config files
[0.415s] Level 1:colcon.colcon_core.shell:create_environment_hook('roverrobotics_gazebo', 'cmake_prefix_path')
[0.415s] INFO:colcon.colcon_core.shell:Creating environment hook '/home/lab/Mani/roverrobotics_ros2/install/roverrobotics_gazebo/share/roverrobotics_gazebo/hook/cmake_prefix_path.ps1'
[0.416s] INFO:colcon.colcon_core.shell:Creating environment descriptor '/home/lab/Mani/roverrobotics_ros2/install/roverrobotics_gazebo/share/roverrobotics_gazebo/hook/cmake_prefix_path.dsv'
[0.416s] INFO:colcon.colcon_core.shell:Creating environment hook '/home/lab/Mani/roverrobotics_ros2/install/roverrobotics_gazebo/share/roverrobotics_gazebo/hook/cmake_prefix_path.sh'
[0.416s] Level 1:colcon.colcon_core.environment:checking '/home/lab/Mani/roverrobotics_ros2/install/roverrobotics_gazebo/bin'
[0.417s] Level 1:colcon.colcon_core.environment:checking '/home/lab/Mani/roverrobotics_ros2/install/roverrobotics_gazebo/lib/pkgconfig/roverrobotics_gazebo.pc'
[0.417s] Level 1:colcon.colcon_core.environment:checking '/home/lab/Mani/roverrobotics_ros2/install/roverrobotics_gazebo/lib/python3.10/site-packages'
[0.417s] Level 1:colcon.colcon_core.environment:checking '/home/lab/Mani/roverrobotics_ros2/install/roverrobotics_gazebo/bin'
[0.417s] INFO:colcon.colcon_core.shell:Creating package script '/home/lab/Mani/roverrobotics_ros2/install/roverrobotics_gazebo/share/roverrobotics_gazebo/package.ps1'
[0.418s] INFO:colcon.colcon_core.shell:Creating package descriptor '/home/lab/Mani/roverrobotics_ros2/install/roverrobotics_gazebo/share/roverrobotics_gazebo/package.dsv'
[0.418s] INFO:colcon.colcon_core.shell:Creating package script '/home/lab/Mani/roverrobotics_ros2/install/roverrobotics_gazebo/share/roverrobotics_gazebo/package.sh'
[0.419s] INFO:colcon.colcon_core.shell:Creating package script '/home/lab/Mani/roverrobotics_ros2/install/roverrobotics_gazebo/share/roverrobotics_gazebo/package.bash'
[0.419s] INFO:colcon.colcon_core.shell:Creating package script '/home/lab/Mani/roverrobotics_ros2/install/roverrobotics_gazebo/share/roverrobotics_gazebo/package.zsh'
[0.420s] Level 1:colcon.colcon_core.environment:create_file_with_runtime_dependencies(/home/lab/Mani/roverrobotics_ros2/install/roverrobotics_gazebo/share/colcon-core/packages/roverrobotics_gazebo)
[0.420s] DEBUG:colcon.colcon_parallel_executor.executor.parallel:closing loop
[0.420s] DEBUG:colcon.colcon_parallel_executor.executor.parallel:loop closed
[0.420s] DEBUG:colcon.colcon_parallel_executor.executor.parallel:run_until_complete finished with '0'
[0.420s] DEBUG:colcon.colcon_core.event_reactor:joining thread
[0.430s] INFO:colcon.colcon_core.plugin_system:Skipping extension 'colcon_notification.desktop_notification.terminal_notifier': Not used on non-Darwin systems
[0.430s] INFO:colcon.colcon_core.plugin_system:Skipping extension 'colcon_notification.desktop_notification.win32': Not used on non-Windows systems
[0.430s] INFO:colcon.colcon_notification.desktop_notification:Sending desktop notification using 'notify2'
[0.445s] DEBUG:colcon.colcon_core.event_reactor:joined thread
[0.446s] INFO:colcon.colcon_core.shell:Creating prefix script '/home/lab/Mani/roverrobotics_ros2/install/local_setup.ps1'
[0.447s] INFO:colcon.colcon_core.shell:Creating prefix util module '/home/lab/Mani/roverrobotics_ros2/install/_local_setup_util_ps1.py'
[0.449s] INFO:colcon.colcon_core.shell:Creating prefix chain script '/home/lab/Mani/roverrobotics_ros2/install/setup.ps1'
[0.450s] INFO:colcon.colcon_core.shell:Creating prefix script '/home/lab/Mani/roverrobotics_ros2/install/local_setup.sh'
[0.451s] INFO:colcon.colcon_core.shell:Creating prefix util module '/home/lab/Mani/roverrobotics_ros2/install/_local_setup_util_sh.py'
[0.452s] INFO:colcon.colcon_core.shell:Creating prefix chain script '/home/lab/Mani/roverrobotics_ros2/install/setup.sh'
[0.453s] INFO:colcon.colcon_core.shell:Creating prefix script '/home/lab/Mani/roverrobotics_ros2/install/local_setup.bash'
[0.454s] INFO:colcon.colcon_core.shell:Creating prefix chain script '/home/lab/Mani/roverrobotics_ros2/install/setup.bash'
[0.455s] INFO:colcon.colcon_core.shell:Creating prefix script '/home/lab/Mani/roverrobotics_ros2/install/local_setup.zsh'
[0.455s] INFO:colcon.colcon_core.shell:Creating prefix chain script '/home/lab/Mani/roverrobotics_ros2/install/setup.zsh'
