[0.004s] Invoking command in '/home/lab/Mani/roverrobotics_ros2/build/roverrobotics_gazebo': AMENT_PREFIX_PATH=/home/lab/Mani/roverrobotics_ros2/install/roverrobotics_description:${AMENT_PREFIX_PATH} CMAKE_PREFIX_PATH=/home/lab/Mani/roverrobotics_ros2/install/roverrobotics_description:/opt/ros/humble /usr/local/bin/cmake /home/lab/Mani/roverrobotics_ros2/roverrobotics_gazebo -DCMAKE_INSTALL_PREFIX=/home/lab/Mani/roverrobotics_ros2/install/roverrobotics_gazebo
[0.033s] -- The C compiler identification is GNU 11.4.0
[0.067s] -- The CXX compiler identification is GNU 11.4.0
[0.073s] -- Detecting C compiler ABI info
[0.102s] -- Detecting C compiler ABI info - done
[0.108s] -- Check for working C compiler: /usr/bin/cc - skipped
[0.108s] -- Detecting C compile features
[0.109s] -- Detecting C compile features - done
[0.111s] -- Detecting CXX compiler ABI info
[0.157s] -- Detecting CXX compiler ABI info - done
[0.173s] -- Check for working CXX compiler: /usr/bin/c++ - skipped
[0.174s] -- Detecting CXX compile features
[0.175s] -- Detecting CXX compile features - done
[0.180s] -- Found ament_cmake: 1.3.12 (/opt/ros/humble/share/ament_cmake/cmake)
[0.539s] -- Found Python3: /usr/bin/python3 (found version "3.10.12") found components: Interpreter 
[0.702s] -- Found ament_lint_auto: 0.12.14 (/opt/ros/humble/share/ament_lint_auto/cmake)
[0.868s] -- Added test 'copyright' to check source files copyright and LICENSE
[0.872s] -- Added test 'flake8' to check Python code syntax and style conventions
[0.873s] -- Added test 'lint_cmake' to check CMake code style
[0.873s] -- Added test 'pep257' to check Python code against some of the docstring style conventions in PEP 257
[0.874s] -- Added test 'xmllint' to check XML markup files
[0.875s] -- Configuring done
[0.877s] -- Generating done
[0.888s] -- Build files have been written to: /home/lab/Mani/roverrobotics_ros2/build/roverrobotics_gazebo
[0.891s] Invoked command in '/home/lab/Mani/roverrobotics_ros2/build/roverrobotics_gazebo' returned '0': AMENT_PREFIX_PATH=/home/lab/Mani/roverrobotics_ros2/install/roverrobotics_description:${AMENT_PREFIX_PATH} CMAKE_PREFIX_PATH=/home/lab/Mani/roverrobotics_ros2/install/roverrobotics_description:/opt/ros/humble /usr/local/bin/cmake /home/lab/Mani/roverrobotics_ros2/roverrobotics_gazebo -DCMAKE_INSTALL_PREFIX=/home/lab/Mani/roverrobotics_ros2/install/roverrobotics_gazebo
[0.893s] Invoking command in '/home/lab/Mani/roverrobotics_ros2/build/roverrobotics_gazebo': AMENT_PREFIX_PATH=/home/lab/Mani/roverrobotics_ros2/install/roverrobotics_description:${AMENT_PREFIX_PATH} CMAKE_PREFIX_PATH=/home/lab/Mani/roverrobotics_ros2/install/roverrobotics_description:/opt/ros/humble /usr/local/bin/cmake --build /home/lab/Mani/roverrobotics_ros2/build/roverrobotics_gazebo -- -j16 -l16
[0.910s] Invoked command in '/home/lab/Mani/roverrobotics_ros2/build/roverrobotics_gazebo' returned '0': AMENT_PREFIX_PATH=/home/lab/Mani/roverrobotics_ros2/install/roverrobotics_description:${AMENT_PREFIX_PATH} CMAKE_PREFIX_PATH=/home/lab/Mani/roverrobotics_ros2/install/roverrobotics_description:/opt/ros/humble /usr/local/bin/cmake --build /home/lab/Mani/roverrobotics_ros2/build/roverrobotics_gazebo -- -j16 -l16
[0.911s] Invoking command in '/home/lab/Mani/roverrobotics_ros2/build/roverrobotics_gazebo': AMENT_PREFIX_PATH=/home/lab/Mani/roverrobotics_ros2/install/roverrobotics_description:${AMENT_PREFIX_PATH} CMAKE_PREFIX_PATH=/home/lab/Mani/roverrobotics_ros2/install/roverrobotics_description:/opt/ros/humble /usr/local/bin/cmake --install /home/lab/Mani/roverrobotics_ros2/build/roverrobotics_gazebo
[0.915s] -- Install configuration: ""
[0.919s] -- Installing: /home/lab/Mani/roverrobotics_ros2/install/roverrobotics_gazebo/share/roverrobotics_gazebo/launch
[0.920s] -- Installing: /home/lab/Mani/roverrobotics_ros2/install/roverrobotics_gazebo/share/roverrobotics_gazebo/launch/max_gazebo.launch.py
[0.922s] -- Installing: /home/lab/Mani/roverrobotics_ros2/install/roverrobotics_gazebo/share/roverrobotics_gazebo/launch/miti_65_gazebo.launch.py
[0.923s] -- Installing: /home/lab/Mani/roverrobotics_ros2/install/roverrobotics_gazebo/share/roverrobotics_gazebo/launch/miti_gazebo.launch.py
[0.923s] -- Installing: /home/lab/Mani/roverrobotics_ros2/install/roverrobotics_gazebo/share/roverrobotics_gazebo/launch/4wd_rover_gazebo.launch.py
[0.923s] -- Installing: /home/lab/Mani/roverrobotics_ros2/install/roverrobotics_gazebo/share/roverrobotics_gazebo/launch/mini_2wd_gazebo.launch.py
[0.923s] -- Installing: /home/lab/Mani/roverrobotics_ros2/install/roverrobotics_gazebo/share/roverrobotics_gazebo/launch/mini_gazebo.launch.py
[0.923s] -- Installing: /home/lab/Mani/roverrobotics_ros2/install/roverrobotics_gazebo/share/roverrobotics_gazebo/launch/flipper_gazebo.launch.py
[0.923s] -- Installing: /home/lab/Mani/roverrobotics_ros2/install/roverrobotics_gazebo/share/roverrobotics_gazebo/launch/2wd_rover_gazebo.launch.py
[0.923s] -- Installing: /home/lab/Mani/roverrobotics_ros2/install/roverrobotics_gazebo/share/roverrobotics_gazebo/launch/mega_gazebo.launch.py
[0.923s] -- Installing: /home/lab/Mani/roverrobotics_ros2/install/roverrobotics_gazebo/share/roverrobotics_gazebo/worlds
[0.923s] -- Installing: /home/lab/Mani/roverrobotics_ros2/install/roverrobotics_gazebo/share/roverrobotics_gazebo/worlds/maze.sdf
[0.923s] -- Installing: /home/lab/Mani/roverrobotics_ros2/install/roverrobotics_gazebo/share/roverrobotics_gazebo/worlds/warehouse.sdf
[0.923s] -- Installing: /home/lab/Mani/roverrobotics_ros2/install/roverrobotics_gazebo/share/roverrobotics_gazebo/worlds/depot.sdf
[0.924s] -- Installing: /home/lab/Mani/roverrobotics_ros2/install/roverrobotics_gazebo/share/ament_index/resource_index/package_run_dependencies/roverrobotics_gazebo
[0.924s] -- Installing: /home/lab/Mani/roverrobotics_ros2/install/roverrobotics_gazebo/share/ament_index/resource_index/parent_prefix_path/roverrobotics_gazebo
[0.924s] -- Installing: /home/lab/Mani/roverrobotics_ros2/install/roverrobotics_gazebo/share/roverrobotics_gazebo/environment/ament_prefix_path.sh
[0.924s] -- Installing: /home/lab/Mani/roverrobotics_ros2/install/roverrobotics_gazebo/share/roverrobotics_gazebo/environment/ament_prefix_path.dsv
[0.924s] -- Installing: /home/lab/Mani/roverrobotics_ros2/install/roverrobotics_gazebo/share/roverrobotics_gazebo/environment/path.sh
[0.924s] -- Installing: /home/lab/Mani/roverrobotics_ros2/install/roverrobotics_gazebo/share/roverrobotics_gazebo/environment/path.dsv
[0.924s] -- Installing: /home/lab/Mani/roverrobotics_ros2/install/roverrobotics_gazebo/share/roverrobotics_gazebo/local_setup.bash
[0.924s] -- Installing: /home/lab/Mani/roverrobotics_ros2/install/roverrobotics_gazebo/share/roverrobotics_gazebo/local_setup.sh
[0.924s] -- Installing: /home/lab/Mani/roverrobotics_ros2/install/roverrobotics_gazebo/share/roverrobotics_gazebo/local_setup.zsh
[0.924s] -- Installing: /home/lab/Mani/roverrobotics_ros2/install/roverrobotics_gazebo/share/roverrobotics_gazebo/local_setup.dsv
[0.924s] -- Installing: /home/lab/Mani/roverrobotics_ros2/install/roverrobotics_gazebo/share/roverrobotics_gazebo/package.dsv
[0.924s] -- Installing: /home/lab/Mani/roverrobotics_ros2/install/roverrobotics_gazebo/share/ament_index/resource_index/packages/roverrobotics_gazebo
[0.924s] -- Installing: /home/lab/Mani/roverrobotics_ros2/install/roverrobotics_gazebo/share/roverrobotics_gazebo/cmake/roverrobotics_gazeboConfig.cmake
[0.924s] -- Installing: /home/lab/Mani/roverrobotics_ros2/install/roverrobotics_gazebo/share/roverrobotics_gazebo/cmake/roverrobotics_gazeboConfig-version.cmake
[0.925s] -- Installing: /home/lab/Mani/roverrobotics_ros2/install/roverrobotics_gazebo/share/roverrobotics_gazebo/package.xml
[0.925s] Invoked command in '/home/lab/Mani/roverrobotics_ros2/build/roverrobotics_gazebo' returned '0': AMENT_PREFIX_PATH=/home/lab/Mani/roverrobotics_ros2/install/roverrobotics_description:${AMENT_PREFIX_PATH} CMAKE_PREFIX_PATH=/home/lab/Mani/roverrobotics_ros2/install/roverrobotics_description:/opt/ros/humble /usr/local/bin/cmake --install /home/lab/Mani/roverrobotics_ros2/build/roverrobotics_gazebo
