[0.168s] DEBUG:colcon:Command line arguments: ['/usr/bin/colcon', 'build']
[0.168s] DEBUG:colcon:Parsed command line arguments: Namespace(log_base=None, log_level=None, verb_name='build', build_base='build', install_base='install', merge_install=False, symlink_install=False, test_result_base=None, continue_on_error=False, executor='parallel', parallel_workers=16, event_handlers=None, ignore_user_meta=False, metas=['./colcon.meta'], base_paths=['.'], packages_ignore=None, packages_ignore_regex=None, paths=None, packages_up_to=None, packages_up_to_regex=None, packages_above=None, packages_above_and_dependencies=None, packages_above_depth=None, packages_select_by_dep=None, packages_skip_by_dep=None, packages_skip_up_to=None, packages_select_build_failed=False, packages_skip_build_finished=False, packages_select_test_failures=False, packages_skip_test_passed=False, packages_select=None, packages_skip=None, packages_select_regex=None, packages_skip_regex=None, packages_start=None, packages_end=None, allow_overriding=[], cmake_args=None, cmake_target=None, cmake_target_skip_unavailable=False, cmake_clean_cache=False, cmake_clean_first=False, cmake_force_configure=False, ament_cmake_args=None, catkin_cmake_args=None, catkin_skip_building_tests=False, mixin_files=None, mixin=None, verb_parser=<colcon_mixin.mixin.mixin_argument.MixinArgumentDecorator object at 0x7ceb37db62c0>, verb_extension=<colcon_core.verb.build.BuildVerb object at 0x7ceb37db6170>, main=<bound method BuildVerb.main of <colcon_core.verb.build.BuildVerb object at 0x7ceb37db6170>>, mixin_verb=('build',))
[0.203s] Level 1:colcon.colcon_core.package_discovery:discover_packages(colcon_meta) check parameters
[0.203s] Level 1:colcon.colcon_core.package_discovery:discover_packages(recursive) check parameters
[0.203s] Level 1:colcon.colcon_core.package_discovery:discover_packages(ignore) check parameters
[0.203s] Level 1:colcon.colcon_core.package_discovery:discover_packages(path) check parameters
[0.203s] Level 1:colcon.colcon_core.package_discovery:discover_packages(colcon_meta) discover
[0.203s] Level 1:colcon.colcon_core.package_discovery:discover_packages(recursive) discover
[0.203s] INFO:colcon.colcon_core.package_discovery:Crawling recursively for packages in '/home/lab/Mani/roverrobotics_ros2'
[0.203s] Level 1:colcon.colcon_core.package_identification:_identify(.) by extensions ['ignore', 'ignore_ament_install']
[0.203s] Level 1:colcon.colcon_core.package_identification:_identify(.) by extension 'ignore'
[0.203s] Level 1:colcon.colcon_core.package_identification:_identify(.) by extension 'ignore_ament_install'
[0.203s] Level 1:colcon.colcon_core.package_identification:_identify(.) by extensions ['colcon_pkg']
[0.203s] Level 1:colcon.colcon_core.package_identification:_identify(.) by extension 'colcon_pkg'
[0.203s] Level 1:colcon.colcon_core.package_identification:_identify(.) by extensions ['colcon_meta']
[0.204s] Level 1:colcon.colcon_core.package_identification:_identify(.) by extension 'colcon_meta'
[0.204s] Level 1:colcon.colcon_core.package_identification:_identify(.) by extensions ['ros']
[0.204s] Level 1:colcon.colcon_core.package_identification:_identify(.) by extension 'ros'
[0.218s] Level 1:colcon.colcon_core.package_identification:_identify(.) by extensions ['cmake', 'python']
[0.218s] Level 1:colcon.colcon_core.package_identification:_identify(.) by extension 'cmake'
[0.218s] Level 1:colcon.colcon_core.package_identification:_identify(.) by extension 'python'
[0.218s] Level 1:colcon.colcon_core.package_identification:_identify(.) by extensions ['python_setup_py']
[0.218s] Level 1:colcon.colcon_core.package_identification:_identify(.) by extension 'python_setup_py'
[0.218s] Level 1:colcon.colcon_core.package_identification:_identify(build) by extensions ['ignore', 'ignore_ament_install']
[0.218s] Level 1:colcon.colcon_core.package_identification:_identify(build) by extension 'ignore'
[0.218s] Level 1:colcon.colcon_core.package_identification:_identify(build) ignored
[0.219s] Level 1:colcon.colcon_core.package_identification:_identify(install) by extensions ['ignore', 'ignore_ament_install']
[0.219s] Level 1:colcon.colcon_core.package_identification:_identify(install) by extension 'ignore'
[0.219s] Level 1:colcon.colcon_core.package_identification:_identify(install) ignored
[0.219s] Level 1:colcon.colcon_core.package_identification:_identify(log) by extensions ['ignore', 'ignore_ament_install']
[0.219s] Level 1:colcon.colcon_core.package_identification:_identify(log) by extension 'ignore'
[0.219s] Level 1:colcon.colcon_core.package_identification:_identify(log) ignored
[0.219s] Level 1:colcon.colcon_core.package_identification:_identify(roverrobotics_description) by extensions ['ignore', 'ignore_ament_install']
[0.219s] Level 1:colcon.colcon_core.package_identification:_identify(roverrobotics_description) by extension 'ignore'
[0.219s] Level 1:colcon.colcon_core.package_identification:_identify(roverrobotics_description) by extension 'ignore_ament_install'
[0.219s] Level 1:colcon.colcon_core.package_identification:_identify(roverrobotics_description) by extensions ['colcon_pkg']
[0.219s] Level 1:colcon.colcon_core.package_identification:_identify(roverrobotics_description) by extension 'colcon_pkg'
[0.219s] Level 1:colcon.colcon_core.package_identification:_identify(roverrobotics_description) by extensions ['colcon_meta']
[0.219s] Level 1:colcon.colcon_core.package_identification:_identify(roverrobotics_description) by extension 'colcon_meta'
[0.219s] Level 1:colcon.colcon_core.package_identification:_identify(roverrobotics_description) by extensions ['ros']
[0.219s] Level 1:colcon.colcon_core.package_identification:_identify(roverrobotics_description) by extension 'ros'
[0.222s] DEBUG:colcon.colcon_core.package_identification:Package 'roverrobotics_description' with type 'ros.ament_cmake' and name 'roverrobotics_description'
[0.222s] Level 1:colcon.colcon_core.package_identification:_identify(roverrobotics_driver) by extensions ['ignore', 'ignore_ament_install']
[0.222s] Level 1:colcon.colcon_core.package_identification:_identify(roverrobotics_driver) by extension 'ignore'
[0.222s] Level 1:colcon.colcon_core.package_identification:_identify(roverrobotics_driver) by extension 'ignore_ament_install'
[0.222s] Level 1:colcon.colcon_core.package_identification:_identify(roverrobotics_driver) by extensions ['colcon_pkg']
[0.222s] Level 1:colcon.colcon_core.package_identification:_identify(roverrobotics_driver) by extension 'colcon_pkg'
[0.222s] Level 1:colcon.colcon_core.package_identification:_identify(roverrobotics_driver) by extensions ['colcon_meta']
[0.222s] Level 1:colcon.colcon_core.package_identification:_identify(roverrobotics_driver) by extension 'colcon_meta'
[0.222s] Level 1:colcon.colcon_core.package_identification:_identify(roverrobotics_driver) by extensions ['ros']
[0.222s] Level 1:colcon.colcon_core.package_identification:_identify(roverrobotics_driver) by extension 'ros'
[0.223s] DEBUG:colcon.colcon_core.package_identification:Package 'roverrobotics_driver' with type 'ros.ament_cmake' and name 'roverrobotics_driver'
[0.223s] Level 1:colcon.colcon_core.package_identification:_identify(roverrobotics_gazebo) by extensions ['ignore', 'ignore_ament_install']
[0.223s] Level 1:colcon.colcon_core.package_identification:_identify(roverrobotics_gazebo) by extension 'ignore'
[0.223s] Level 1:colcon.colcon_core.package_identification:_identify(roverrobotics_gazebo) by extension 'ignore_ament_install'
[0.223s] Level 1:colcon.colcon_core.package_identification:_identify(roverrobotics_gazebo) by extensions ['colcon_pkg']
[0.223s] Level 1:colcon.colcon_core.package_identification:_identify(roverrobotics_gazebo) by extension 'colcon_pkg'
[0.223s] Level 1:colcon.colcon_core.package_identification:_identify(roverrobotics_gazebo) by extensions ['colcon_meta']
[0.223s] Level 1:colcon.colcon_core.package_identification:_identify(roverrobotics_gazebo) by extension 'colcon_meta'
[0.223s] Level 1:colcon.colcon_core.package_identification:_identify(roverrobotics_gazebo) by extensions ['ros']
[0.223s] Level 1:colcon.colcon_core.package_identification:_identify(roverrobotics_gazebo) by extension 'ros'
[0.224s] DEBUG:colcon.colcon_core.package_identification:Package 'roverrobotics_gazebo' with type 'ros.ament_cmake' and name 'roverrobotics_gazebo'
[0.224s] Level 1:colcon.colcon_core.package_identification:_identify(roverrobotics_input_manager) by extensions ['ignore', 'ignore_ament_install']
[0.224s] Level 1:colcon.colcon_core.package_identification:_identify(roverrobotics_input_manager) by extension 'ignore'
[0.224s] Level 1:colcon.colcon_core.package_identification:_identify(roverrobotics_input_manager) by extension 'ignore_ament_install'
[0.224s] Level 1:colcon.colcon_core.package_identification:_identify(roverrobotics_input_manager) by extensions ['colcon_pkg']
[0.224s] Level 1:colcon.colcon_core.package_identification:_identify(roverrobotics_input_manager) by extension 'colcon_pkg'
[0.224s] Level 1:colcon.colcon_core.package_identification:_identify(roverrobotics_input_manager) by extensions ['colcon_meta']
[0.224s] Level 1:colcon.colcon_core.package_identification:_identify(roverrobotics_input_manager) by extension 'colcon_meta'
[0.224s] Level 1:colcon.colcon_core.package_identification:_identify(roverrobotics_input_manager) by extensions ['ros']
[0.224s] Level 1:colcon.colcon_core.package_identification:_identify(roverrobotics_input_manager) by extension 'ros'
[0.225s] DEBUG:colcon.colcon_core.package_identification:Package 'roverrobotics_input_manager' with type 'ros.ament_cmake' and name 'roverrobotics_input_manager'
[0.225s] Level 1:colcon.colcon_core.package_discovery:discover_packages(recursive) using defaults
[0.225s] Level 1:colcon.colcon_core.package_discovery:discover_packages(ignore) discover
[0.225s] Level 1:colcon.colcon_core.package_discovery:discover_packages(ignore) using defaults
[0.225s] Level 1:colcon.colcon_core.package_discovery:discover_packages(path) discover
[0.225s] Level 1:colcon.colcon_core.package_discovery:discover_packages(path) using defaults
[0.246s] Level 1:colcon.colcon_core.package_discovery:discover_packages(prefix_path) check parameters
[0.246s] Level 1:colcon.colcon_core.package_discovery:discover_packages(prefix_path) discover
[0.249s] DEBUG:colcon.colcon_installed_package_information.package_discovery:Found 4 installed packages in /home/lab/Mani/roverrobotics_ros2/install
[0.250s] DEBUG:colcon.colcon_installed_package_information.package_discovery:Found 394 installed packages in /opt/ros/humble
[0.252s] Level 1:colcon.colcon_core.package_discovery:discover_packages(prefix_path) using defaults
[0.288s] Level 5:colcon.colcon_core.verb:set package 'roverrobotics_description' build argument 'cmake_args' from command line to 'None'
[0.288s] Level 5:colcon.colcon_core.verb:set package 'roverrobotics_description' build argument 'cmake_target' from command line to 'None'
[0.288s] Level 5:colcon.colcon_core.verb:set package 'roverrobotics_description' build argument 'cmake_target_skip_unavailable' from command line to 'False'
[0.288s] Level 5:colcon.colcon_core.verb:set package 'roverrobotics_description' build argument 'cmake_clean_cache' from command line to 'False'
[0.288s] Level 5:colcon.colcon_core.verb:set package 'roverrobotics_description' build argument 'cmake_clean_first' from command line to 'False'
[0.288s] Level 5:colcon.colcon_core.verb:set package 'roverrobotics_description' build argument 'cmake_force_configure' from command line to 'False'
[0.288s] Level 5:colcon.colcon_core.verb:set package 'roverrobotics_description' build argument 'ament_cmake_args' from command line to 'None'
[0.288s] Level 5:colcon.colcon_core.verb:set package 'roverrobotics_description' build argument 'catkin_cmake_args' from command line to 'None'
[0.288s] Level 5:colcon.colcon_core.verb:set package 'roverrobotics_description' build argument 'catkin_skip_building_tests' from command line to 'False'
[0.289s] DEBUG:colcon.colcon_core.verb:Building package 'roverrobotics_description' with the following arguments: {'ament_cmake_args': None, 'build_base': '/home/lab/Mani/roverrobotics_ros2/build/roverrobotics_description', 'catkin_cmake_args': None, 'catkin_skip_building_tests': False, 'cmake_args': None, 'cmake_clean_cache': False, 'cmake_clean_first': False, 'cmake_force_configure': False, 'cmake_target': None, 'cmake_target_skip_unavailable': False, 'install_base': '/home/lab/Mani/roverrobotics_ros2/install/roverrobotics_description', 'merge_install': False, 'path': '/home/lab/Mani/roverrobotics_ros2/roverrobotics_description', 'symlink_install': False, 'test_result_base': None}
[0.289s] Level 5:colcon.colcon_core.verb:set package 'roverrobotics_driver' build argument 'cmake_args' from command line to 'None'
[0.289s] Level 5:colcon.colcon_core.verb:set package 'roverrobotics_driver' build argument 'cmake_target' from command line to 'None'
[0.289s] Level 5:colcon.colcon_core.verb:set package 'roverrobotics_driver' build argument 'cmake_target_skip_unavailable' from command line to 'False'
[0.289s] Level 5:colcon.colcon_core.verb:set package 'roverrobotics_driver' build argument 'cmake_clean_cache' from command line to 'False'
[0.289s] Level 5:colcon.colcon_core.verb:set package 'roverrobotics_driver' build argument 'cmake_clean_first' from command line to 'False'
[0.289s] Level 5:colcon.colcon_core.verb:set package 'roverrobotics_driver' build argument 'cmake_force_configure' from command line to 'False'
[0.289s] Level 5:colcon.colcon_core.verb:set package 'roverrobotics_driver' build argument 'ament_cmake_args' from command line to 'None'
[0.289s] Level 5:colcon.colcon_core.verb:set package 'roverrobotics_driver' build argument 'catkin_cmake_args' from command line to 'None'
[0.289s] Level 5:colcon.colcon_core.verb:set package 'roverrobotics_driver' build argument 'catkin_skip_building_tests' from command line to 'False'
[0.289s] DEBUG:colcon.colcon_core.verb:Building package 'roverrobotics_driver' with the following arguments: {'ament_cmake_args': None, 'build_base': '/home/lab/Mani/roverrobotics_ros2/build/roverrobotics_driver', 'catkin_cmake_args': None, 'catkin_skip_building_tests': False, 'cmake_args': None, 'cmake_clean_cache': False, 'cmake_clean_first': False, 'cmake_force_configure': False, 'cmake_target': None, 'cmake_target_skip_unavailable': False, 'install_base': '/home/lab/Mani/roverrobotics_ros2/install/roverrobotics_driver', 'merge_install': False, 'path': '/home/lab/Mani/roverrobotics_ros2/roverrobotics_driver', 'symlink_install': False, 'test_result_base': None}
[0.289s] Level 5:colcon.colcon_core.verb:set package 'roverrobotics_input_manager' build argument 'cmake_args' from command line to 'None'
[0.289s] Level 5:colcon.colcon_core.verb:set package 'roverrobotics_input_manager' build argument 'cmake_target' from command line to 'None'
[0.289s] Level 5:colcon.colcon_core.verb:set package 'roverrobotics_input_manager' build argument 'cmake_target_skip_unavailable' from command line to 'False'
[0.289s] Level 5:colcon.colcon_core.verb:set package 'roverrobotics_input_manager' build argument 'cmake_clean_cache' from command line to 'False'
[0.289s] Level 5:colcon.colcon_core.verb:set package 'roverrobotics_input_manager' build argument 'cmake_clean_first' from command line to 'False'
[0.289s] Level 5:colcon.colcon_core.verb:set package 'roverrobotics_input_manager' build argument 'cmake_force_configure' from command line to 'False'
[0.289s] Level 5:colcon.colcon_core.verb:set package 'roverrobotics_input_manager' build argument 'ament_cmake_args' from command line to 'None'
[0.289s] Level 5:colcon.colcon_core.verb:set package 'roverrobotics_input_manager' build argument 'catkin_cmake_args' from command line to 'None'
[0.289s] Level 5:colcon.colcon_core.verb:set package 'roverrobotics_input_manager' build argument 'catkin_skip_building_tests' from command line to 'False'
[0.289s] DEBUG:colcon.colcon_core.verb:Building package 'roverrobotics_input_manager' with the following arguments: {'ament_cmake_args': None, 'build_base': '/home/lab/Mani/roverrobotics_ros2/build/roverrobotics_input_manager', 'catkin_cmake_args': None, 'catkin_skip_building_tests': False, 'cmake_args': None, 'cmake_clean_cache': False, 'cmake_clean_first': False, 'cmake_force_configure': False, 'cmake_target': None, 'cmake_target_skip_unavailable': False, 'install_base': '/home/lab/Mani/roverrobotics_ros2/install/roverrobotics_input_manager', 'merge_install': False, 'path': '/home/lab/Mani/roverrobotics_ros2/roverrobotics_input_manager', 'symlink_install': False, 'test_result_base': None}
[0.289s] Level 5:colcon.colcon_core.verb:set package 'roverrobotics_gazebo' build argument 'cmake_args' from command line to 'None'
[0.289s] Level 5:colcon.colcon_core.verb:set package 'roverrobotics_gazebo' build argument 'cmake_target' from command line to 'None'
[0.289s] Level 5:colcon.colcon_core.verb:set package 'roverrobotics_gazebo' build argument 'cmake_target_skip_unavailable' from command line to 'False'
[0.289s] Level 5:colcon.colcon_core.verb:set package 'roverrobotics_gazebo' build argument 'cmake_clean_cache' from command line to 'False'
[0.289s] Level 5:colcon.colcon_core.verb:set package 'roverrobotics_gazebo' build argument 'cmake_clean_first' from command line to 'False'
[0.289s] Level 5:colcon.colcon_core.verb:set package 'roverrobotics_gazebo' build argument 'cmake_force_configure' from command line to 'False'
[0.289s] Level 5:colcon.colcon_core.verb:set package 'roverrobotics_gazebo' build argument 'ament_cmake_args' from command line to 'None'
[0.290s] Level 5:colcon.colcon_core.verb:set package 'roverrobotics_gazebo' build argument 'catkin_cmake_args' from command line to 'None'
[0.290s] Level 5:colcon.colcon_core.verb:set package 'roverrobotics_gazebo' build argument 'catkin_skip_building_tests' from command line to 'False'
[0.290s] DEBUG:colcon.colcon_core.verb:Building package 'roverrobotics_gazebo' with the following arguments: {'ament_cmake_args': None, 'build_base': '/home/lab/Mani/roverrobotics_ros2/build/roverrobotics_gazebo', 'catkin_cmake_args': None, 'catkin_skip_building_tests': False, 'cmake_args': None, 'cmake_clean_cache': False, 'cmake_clean_first': False, 'cmake_force_configure': False, 'cmake_target': None, 'cmake_target_skip_unavailable': False, 'install_base': '/home/lab/Mani/roverrobotics_ros2/install/roverrobotics_gazebo', 'merge_install': False, 'path': '/home/lab/Mani/roverrobotics_ros2/roverrobotics_gazebo', 'symlink_install': False, 'test_result_base': None}
[0.290s] INFO:colcon.colcon_core.executor:Executing jobs using 'parallel' executor
[0.291s] DEBUG:colcon.colcon_parallel_executor.executor.parallel:run_until_complete
[0.291s] INFO:colcon.colcon_ros.task.ament_cmake.build:Building ROS package in '/home/lab/Mani/roverrobotics_ros2/roverrobotics_description' with build type 'ament_cmake'
[0.291s] INFO:colcon.colcon_cmake.task.cmake.build:Building CMake package in '/home/lab/Mani/roverrobotics_ros2/roverrobotics_description'
[0.295s] INFO:colcon.colcon_core.plugin_system:Skipping extension 'colcon_core.shell.bat': Not used on non-Windows systems
[0.295s] INFO:colcon.colcon_core.shell:Skip shell extension 'powershell' for command environment: Not usable outside of PowerShell
[0.295s] DEBUG:colcon.colcon_core.shell:Skip shell extension 'dsv' for command environment
[0.298s] INFO:colcon.colcon_ros.task.ament_cmake.build:Building ROS package in '/home/lab/Mani/roverrobotics_ros2/roverrobotics_driver' with build type 'ament_cmake'
[0.298s] INFO:colcon.colcon_cmake.task.cmake.build:Building CMake package in '/home/lab/Mani/roverrobotics_ros2/roverrobotics_driver'
[0.299s] INFO:colcon.colcon_core.shell:Skip shell extension 'powershell' for command environment: Not usable outside of PowerShell
[0.299s] DEBUG:colcon.colcon_core.shell:Skip shell extension 'dsv' for command environment
[0.302s] INFO:colcon.colcon_ros.task.ament_cmake.build:Building ROS package in '/home/lab/Mani/roverrobotics_ros2/roverrobotics_input_manager' with build type 'ament_cmake'
[0.302s] INFO:colcon.colcon_cmake.task.cmake.build:Building CMake package in '/home/lab/Mani/roverrobotics_ros2/roverrobotics_input_manager'
[0.302s] INFO:colcon.colcon_core.shell:Skip shell extension 'powershell' for command environment: Not usable outside of PowerShell
[0.302s] DEBUG:colcon.colcon_core.shell:Skip shell extension 'dsv' for command environment
[0.311s] DEBUG:colcon.colcon_core.event_handler.log_command:Invoking command in '/home/lab/Mani/roverrobotics_ros2/build/roverrobotics_description': CMAKE_PREFIX_PATH=${CMAKE_PREFIX_PATH}:/opt/ros/humble /usr/local/bin/cmake --build /home/lab/Mani/roverrobotics_ros2/build/roverrobotics_description -- -j16 -l16
[0.315s] DEBUG:colcon.colcon_core.event_handler.log_command:Invoking command in '/home/lab/Mani/roverrobotics_ros2/build/roverrobotics_driver': CMAKE_PREFIX_PATH=${CMAKE_PREFIX_PATH}:/opt/ros/humble /usr/local/bin/cmake --build /home/lab/Mani/roverrobotics_ros2/build/roverrobotics_driver -- -j16 -l16
[0.319s] DEBUG:colcon.colcon_core.event_handler.log_command:Invoking command in '/home/lab/Mani/roverrobotics_ros2/build/roverrobotics_input_manager': CMAKE_PREFIX_PATH=${CMAKE_PREFIX_PATH}:/opt/ros/humble /usr/local/bin/cmake --build /home/lab/Mani/roverrobotics_ros2/build/roverrobotics_input_manager -- -j16 -l16
[0.326s] DEBUG:colcon.colcon_core.event_handler.log_command:Invoked command in '/home/lab/Mani/roverrobotics_ros2/build/roverrobotics_description' returned '0': CMAKE_PREFIX_PATH=${CMAKE_PREFIX_PATH}:/opt/ros/humble /usr/local/bin/cmake --build /home/lab/Mani/roverrobotics_ros2/build/roverrobotics_description -- -j16 -l16
[0.331s] DEBUG:colcon.colcon_core.event_handler.log_command:Invoking command in '/home/lab/Mani/roverrobotics_ros2/build/roverrobotics_description': CMAKE_PREFIX_PATH=${CMAKE_PREFIX_PATH}:/opt/ros/humble /usr/local/bin/cmake --install /home/lab/Mani/roverrobotics_ros2/build/roverrobotics_description
[0.337s] DEBUG:colcon.colcon_core.event_handler.log_command:Invoked command in '/home/lab/Mani/roverrobotics_ros2/build/roverrobotics_input_manager' returned '0': CMAKE_PREFIX_PATH=${CMAKE_PREFIX_PATH}:/opt/ros/humble /usr/local/bin/cmake --build /home/lab/Mani/roverrobotics_ros2/build/roverrobotics_input_manager -- -j16 -l16
[0.342s] DEBUG:colcon.colcon_core.event_handler.log_command:Invoking command in '/home/lab/Mani/roverrobotics_ros2/build/roverrobotics_input_manager': CMAKE_PREFIX_PATH=${CMAKE_PREFIX_PATH}:/opt/ros/humble /usr/local/bin/cmake --install /home/lab/Mani/roverrobotics_ros2/build/roverrobotics_input_manager
[0.343s] Level 1:colcon.colcon_core.environment:create_environment_scripts_only(roverrobotics_description)
[0.344s] DEBUG:colcon.colcon_core.event_handler.log_command:Invoked command in '/home/lab/Mani/roverrobotics_ros2/build/roverrobotics_description' returned '0': CMAKE_PREFIX_PATH=${CMAKE_PREFIX_PATH}:/opt/ros/humble /usr/local/bin/cmake --install /home/lab/Mani/roverrobotics_ros2/build/roverrobotics_description
[0.350s] Level 1:colcon.colcon_core.environment:checking '/home/lab/Mani/roverrobotics_ros2/install/roverrobotics_description' for CMake module files
[0.350s] Level 1:colcon.colcon_core.environment:checking '/home/lab/Mani/roverrobotics_ros2/install/roverrobotics_description' for CMake config files
[0.351s] Level 1:colcon.colcon_core.shell:create_environment_hook('roverrobotics_description', 'cmake_prefix_path')
[0.351s] INFO:colcon.colcon_core.shell:Creating environment hook '/home/lab/Mani/roverrobotics_ros2/install/roverrobotics_description/share/roverrobotics_description/hook/cmake_prefix_path.ps1'
[0.352s] INFO:colcon.colcon_core.shell:Creating environment descriptor '/home/lab/Mani/roverrobotics_ros2/install/roverrobotics_description/share/roverrobotics_description/hook/cmake_prefix_path.dsv'
[0.361s] INFO:colcon.colcon_core.shell:Creating environment hook '/home/lab/Mani/roverrobotics_ros2/install/roverrobotics_description/share/roverrobotics_description/hook/cmake_prefix_path.sh'
[0.362s] Level 1:colcon.colcon_core.environment:checking '/home/lab/Mani/roverrobotics_ros2/install/roverrobotics_description/bin'
[0.362s] Level 1:colcon.colcon_core.environment:checking '/home/lab/Mani/roverrobotics_ros2/install/roverrobotics_description/lib/pkgconfig/roverrobotics_description.pc'
[0.363s] Level 1:colcon.colcon_core.environment:checking '/home/lab/Mani/roverrobotics_ros2/install/roverrobotics_description/lib/python3.10/site-packages'
[0.363s] Level 1:colcon.colcon_core.environment:checking '/home/lab/Mani/roverrobotics_ros2/install/roverrobotics_description/bin'
[0.363s] INFO:colcon.colcon_core.shell:Creating package script '/home/lab/Mani/roverrobotics_ros2/install/roverrobotics_description/share/roverrobotics_description/package.ps1'
[0.364s] INFO:colcon.colcon_core.shell:Creating package descriptor '/home/lab/Mani/roverrobotics_ros2/install/roverrobotics_description/share/roverrobotics_description/package.dsv'
[0.364s] INFO:colcon.colcon_core.shell:Creating package script '/home/lab/Mani/roverrobotics_ros2/install/roverrobotics_description/share/roverrobotics_description/package.sh'
[0.365s] INFO:colcon.colcon_core.shell:Creating package script '/home/lab/Mani/roverrobotics_ros2/install/roverrobotics_description/share/roverrobotics_description/package.bash'
[0.365s] INFO:colcon.colcon_core.shell:Creating package script '/home/lab/Mani/roverrobotics_ros2/install/roverrobotics_description/share/roverrobotics_description/package.zsh'
[0.366s] Level 1:colcon.colcon_core.environment:create_file_with_runtime_dependencies(/home/lab/Mani/roverrobotics_ros2/install/roverrobotics_description/share/colcon-core/packages/roverrobotics_description)
[0.367s] Level 1:colcon.colcon_core.environment:create_environment_scripts_only(roverrobotics_description)
[0.367s] Level 1:colcon.colcon_core.environment:checking '/home/lab/Mani/roverrobotics_ros2/install/roverrobotics_description' for CMake module files
[0.367s] Level 1:colcon.colcon_core.environment:checking '/home/lab/Mani/roverrobotics_ros2/install/roverrobotics_description' for CMake config files
[0.367s] Level 1:colcon.colcon_core.shell:create_environment_hook('roverrobotics_description', 'cmake_prefix_path')
[0.367s] INFO:colcon.colcon_core.shell:Creating environment hook '/home/lab/Mani/roverrobotics_ros2/install/roverrobotics_description/share/roverrobotics_description/hook/cmake_prefix_path.ps1'
[0.368s] INFO:colcon.colcon_core.shell:Creating environment descriptor '/home/lab/Mani/roverrobotics_ros2/install/roverrobotics_description/share/roverrobotics_description/hook/cmake_prefix_path.dsv'
[0.368s] INFO:colcon.colcon_core.shell:Creating environment hook '/home/lab/Mani/roverrobotics_ros2/install/roverrobotics_description/share/roverrobotics_description/hook/cmake_prefix_path.sh'
[0.368s] Level 1:colcon.colcon_core.environment:checking '/home/lab/Mani/roverrobotics_ros2/install/roverrobotics_description/bin'
[0.369s] Level 1:colcon.colcon_core.environment:checking '/home/lab/Mani/roverrobotics_ros2/install/roverrobotics_description/lib/pkgconfig/roverrobotics_description.pc'
[0.369s] Level 1:colcon.colcon_core.environment:checking '/home/lab/Mani/roverrobotics_ros2/install/roverrobotics_description/lib/python3.10/site-packages'
[0.369s] Level 1:colcon.colcon_core.environment:checking '/home/lab/Mani/roverrobotics_ros2/install/roverrobotics_description/bin'
[0.369s] INFO:colcon.colcon_core.shell:Creating package script '/home/lab/Mani/roverrobotics_ros2/install/roverrobotics_description/share/roverrobotics_description/package.ps1'
[0.370s] INFO:colcon.colcon_core.shell:Creating package descriptor '/home/lab/Mani/roverrobotics_ros2/install/roverrobotics_description/share/roverrobotics_description/package.dsv'
[0.370s] INFO:colcon.colcon_core.shell:Creating package script '/home/lab/Mani/roverrobotics_ros2/install/roverrobotics_description/share/roverrobotics_description/package.sh'
[0.370s] INFO:colcon.colcon_core.shell:Creating package script '/home/lab/Mani/roverrobotics_ros2/install/roverrobotics_description/share/roverrobotics_description/package.bash'
[0.371s] INFO:colcon.colcon_core.shell:Creating package script '/home/lab/Mani/roverrobotics_ros2/install/roverrobotics_description/share/roverrobotics_description/package.zsh'
[0.371s] Level 1:colcon.colcon_core.environment:create_file_with_runtime_dependencies(/home/lab/Mani/roverrobotics_ros2/install/roverrobotics_description/share/colcon-core/packages/roverrobotics_description)
[0.371s] INFO:colcon.colcon_ros.task.ament_cmake.build:Building ROS package in '/home/lab/Mani/roverrobotics_ros2/roverrobotics_gazebo' with build type 'ament_cmake'
[0.371s] INFO:colcon.colcon_cmake.task.cmake.build:Building CMake package in '/home/lab/Mani/roverrobotics_ros2/roverrobotics_gazebo'
[0.372s] INFO:colcon.colcon_core.shell:Skip shell extension 'powershell' for command environment: Not usable outside of PowerShell
[0.372s] DEBUG:colcon.colcon_core.shell:Skip shell extension 'dsv' for command environment
[0.376s] Level 1:colcon.colcon_core.environment:create_environment_scripts_only(roverrobotics_input_manager)
[0.377s] Level 1:colcon.colcon_core.environment:checking '/home/lab/Mani/roverrobotics_ros2/install/roverrobotics_input_manager' for CMake module files
[0.377s] DEBUG:colcon.colcon_core.event_handler.log_command:Invoked command in '/home/lab/Mani/roverrobotics_ros2/build/roverrobotics_input_manager' returned '0': CMAKE_PREFIX_PATH=${CMAKE_PREFIX_PATH}:/opt/ros/humble /usr/local/bin/cmake --install /home/lab/Mani/roverrobotics_ros2/build/roverrobotics_input_manager
[0.378s] Level 1:colcon.colcon_core.environment:checking '/home/lab/Mani/roverrobotics_ros2/install/roverrobotics_input_manager' for CMake config files
[0.378s] Level 1:colcon.colcon_core.shell:create_environment_hook('roverrobotics_input_manager', 'cmake_prefix_path')
[0.378s] INFO:colcon.colcon_core.shell:Creating environment hook '/home/lab/Mani/roverrobotics_ros2/install/roverrobotics_input_manager/share/roverrobotics_input_manager/hook/cmake_prefix_path.ps1'
[0.378s] INFO:colcon.colcon_core.shell:Creating environment descriptor '/home/lab/Mani/roverrobotics_ros2/install/roverrobotics_input_manager/share/roverrobotics_input_manager/hook/cmake_prefix_path.dsv'
[0.379s] INFO:colcon.colcon_core.shell:Creating environment hook '/home/lab/Mani/roverrobotics_ros2/install/roverrobotics_input_manager/share/roverrobotics_input_manager/hook/cmake_prefix_path.sh'
[0.379s] Level 1:colcon.colcon_core.environment:checking '/home/lab/Mani/roverrobotics_ros2/install/roverrobotics_input_manager/lib'
[0.379s] Level 1:colcon.colcon_core.environment:checking '/home/lab/Mani/roverrobotics_ros2/install/roverrobotics_input_manager/bin'
[0.380s] Level 1:colcon.colcon_core.environment:checking '/home/lab/Mani/roverrobotics_ros2/install/roverrobotics_input_manager/lib/pkgconfig/roverrobotics_input_manager.pc'
[0.380s] Level 1:colcon.colcon_core.environment:checking '/home/lab/Mani/roverrobotics_ros2/install/roverrobotics_input_manager/lib/python3.10/site-packages'
[0.380s] Level 1:colcon.colcon_core.environment:checking '/home/lab/Mani/roverrobotics_ros2/install/roverrobotics_input_manager/bin'
[0.380s] INFO:colcon.colcon_core.shell:Creating package script '/home/lab/Mani/roverrobotics_ros2/install/roverrobotics_input_manager/share/roverrobotics_input_manager/package.ps1'
[0.380s] INFO:colcon.colcon_core.shell:Creating package descriptor '/home/lab/Mani/roverrobotics_ros2/install/roverrobotics_input_manager/share/roverrobotics_input_manager/package.dsv'
[0.381s] INFO:colcon.colcon_core.shell:Creating package script '/home/lab/Mani/roverrobotics_ros2/install/roverrobotics_input_manager/share/roverrobotics_input_manager/package.sh'
[0.381s] INFO:colcon.colcon_core.shell:Creating package script '/home/lab/Mani/roverrobotics_ros2/install/roverrobotics_input_manager/share/roverrobotics_input_manager/package.bash'
[0.381s] INFO:colcon.colcon_core.shell:Creating package script '/home/lab/Mani/roverrobotics_ros2/install/roverrobotics_input_manager/share/roverrobotics_input_manager/package.zsh'
[0.382s] Level 1:colcon.colcon_core.environment:create_file_with_runtime_dependencies(/home/lab/Mani/roverrobotics_ros2/install/roverrobotics_input_manager/share/colcon-core/packages/roverrobotics_input_manager)
[0.382s] Level 1:colcon.colcon_core.environment:create_environment_scripts_only(roverrobotics_input_manager)
[0.382s] Level 1:colcon.colcon_core.environment:checking '/home/lab/Mani/roverrobotics_ros2/install/roverrobotics_input_manager' for CMake module files
[0.383s] Level 1:colcon.colcon_core.environment:checking '/home/lab/Mani/roverrobotics_ros2/install/roverrobotics_input_manager' for CMake config files
[0.383s] Level 1:colcon.colcon_core.shell:create_environment_hook('roverrobotics_input_manager', 'cmake_prefix_path')
[0.383s] INFO:colcon.colcon_core.shell:Creating environment hook '/home/lab/Mani/roverrobotics_ros2/install/roverrobotics_input_manager/share/roverrobotics_input_manager/hook/cmake_prefix_path.ps1'
[0.383s] INFO:colcon.colcon_core.shell:Creating environment descriptor '/home/lab/Mani/roverrobotics_ros2/install/roverrobotics_input_manager/share/roverrobotics_input_manager/hook/cmake_prefix_path.dsv'
[0.384s] INFO:colcon.colcon_core.shell:Creating environment hook '/home/lab/Mani/roverrobotics_ros2/install/roverrobotics_input_manager/share/roverrobotics_input_manager/hook/cmake_prefix_path.sh'
[0.384s] Level 1:colcon.colcon_core.environment:checking '/home/lab/Mani/roverrobotics_ros2/install/roverrobotics_input_manager/lib'
[0.384s] Level 1:colcon.colcon_core.environment:checking '/home/lab/Mani/roverrobotics_ros2/install/roverrobotics_input_manager/bin'
[0.384s] Level 1:colcon.colcon_core.environment:checking '/home/lab/Mani/roverrobotics_ros2/install/roverrobotics_input_manager/lib/pkgconfig/roverrobotics_input_manager.pc'
[0.384s] Level 1:colcon.colcon_core.environment:checking '/home/lab/Mani/roverrobotics_ros2/install/roverrobotics_input_manager/lib/python3.10/site-packages'
[0.385s] Level 1:colcon.colcon_core.environment:checking '/home/lab/Mani/roverrobotics_ros2/install/roverrobotics_input_manager/bin'
[0.385s] INFO:colcon.colcon_core.shell:Creating package script '/home/lab/Mani/roverrobotics_ros2/install/roverrobotics_input_manager/share/roverrobotics_input_manager/package.ps1'
[0.385s] INFO:colcon.colcon_core.shell:Creating package descriptor '/home/lab/Mani/roverrobotics_ros2/install/roverrobotics_input_manager/share/roverrobotics_input_manager/package.dsv'
[0.386s] INFO:colcon.colcon_core.shell:Creating package script '/home/lab/Mani/roverrobotics_ros2/install/roverrobotics_input_manager/share/roverrobotics_input_manager/package.sh'
[0.386s] INFO:colcon.colcon_core.shell:Creating package script '/home/lab/Mani/roverrobotics_ros2/install/roverrobotics_input_manager/share/roverrobotics_input_manager/package.bash'
[0.387s] INFO:colcon.colcon_core.shell:Creating package script '/home/lab/Mani/roverrobotics_ros2/install/roverrobotics_input_manager/share/roverrobotics_input_manager/package.zsh'
[0.387s] Level 1:colcon.colcon_core.environment:create_file_with_runtime_dependencies(/home/lab/Mani/roverrobotics_ros2/install/roverrobotics_input_manager/share/colcon-core/packages/roverrobotics_input_manager)
[0.390s] DEBUG:colcon.colcon_core.event_handler.log_command:Invoked command in '/home/lab/Mani/roverrobotics_ros2/build/roverrobotics_driver' returned '0': CMAKE_PREFIX_PATH=${CMAKE_PREFIX_PATH}:/opt/ros/humble /usr/local/bin/cmake --build /home/lab/Mani/roverrobotics_ros2/build/roverrobotics_driver -- -j16 -l16
[0.391s] DEBUG:colcon.colcon_core.event_handler.log_command:Invoking command in '/home/lab/Mani/roverrobotics_ros2/build/roverrobotics_driver': CMAKE_PREFIX_PATH=${CMAKE_PREFIX_PATH}:/opt/ros/humble /usr/local/bin/cmake --install /home/lab/Mani/roverrobotics_ros2/build/roverrobotics_driver
[0.400s] Level 1:colcon.colcon_core.environment:create_environment_scripts_only(roverrobotics_driver)
[0.400s] Level 1:colcon.colcon_core.environment:checking '/home/lab/Mani/roverrobotics_ros2/install/roverrobotics_driver' for CMake module files
[0.401s] DEBUG:colcon.colcon_core.event_handler.log_command:Invoking command in '/home/lab/Mani/roverrobotics_ros2/build/roverrobotics_gazebo': CMAKE_PREFIX_PATH=/home/lab/Mani/roverrobotics_ros2/install/roverrobotics_description:/home/lab/Mani/roverrobotics_ros2/install/roverrobotics_input_manager:/home/lab/Mani/roverrobotics_ros2/install/roverrobotics_gazebo:/home/lab/Mani/roverrobotics_ros2/install/roverrobotics_driver:/opt/ros/humble /usr/local/bin/cmake --build /home/lab/Mani/roverrobotics_ros2/build/roverrobotics_gazebo -- -j16 -l16
[0.402s] DEBUG:colcon.colcon_core.event_handler.log_command:Invoked command in '/home/lab/Mani/roverrobotics_ros2/build/roverrobotics_driver' returned '0': CMAKE_PREFIX_PATH=${CMAKE_PREFIX_PATH}:/opt/ros/humble /usr/local/bin/cmake --install /home/lab/Mani/roverrobotics_ros2/build/roverrobotics_driver
[0.402s] Level 1:colcon.colcon_core.environment:checking '/home/lab/Mani/roverrobotics_ros2/install/roverrobotics_driver' for CMake config files
[0.402s] Level 1:colcon.colcon_core.shell:create_environment_hook('roverrobotics_driver', 'cmake_prefix_path')
[0.403s] INFO:colcon.colcon_core.shell:Creating environment hook '/home/lab/Mani/roverrobotics_ros2/install/roverrobotics_driver/share/roverrobotics_driver/hook/cmake_prefix_path.ps1'
[0.403s] INFO:colcon.colcon_core.shell:Creating environment descriptor '/home/lab/Mani/roverrobotics_ros2/install/roverrobotics_driver/share/roverrobotics_driver/hook/cmake_prefix_path.dsv'
[0.404s] INFO:colcon.colcon_core.shell:Creating environment hook '/home/lab/Mani/roverrobotics_ros2/install/roverrobotics_driver/share/roverrobotics_driver/hook/cmake_prefix_path.sh'
[0.404s] Level 1:colcon.colcon_core.environment:checking '/home/lab/Mani/roverrobotics_ros2/install/roverrobotics_driver/lib'
[0.405s] Level 1:colcon.colcon_core.environment:checking '/home/lab/Mani/roverrobotics_ros2/install/roverrobotics_driver/bin'
[0.405s] Level 1:colcon.colcon_core.environment:checking '/home/lab/Mani/roverrobotics_ros2/install/roverrobotics_driver/lib/pkgconfig/roverrobotics_driver.pc'
[0.405s] Level 1:colcon.colcon_core.environment:checking '/home/lab/Mani/roverrobotics_ros2/install/roverrobotics_driver/lib/python3.10/site-packages'
[0.405s] Level 1:colcon.colcon_core.environment:checking '/home/lab/Mani/roverrobotics_ros2/install/roverrobotics_driver/bin'
[0.405s] INFO:colcon.colcon_core.shell:Creating package script '/home/lab/Mani/roverrobotics_ros2/install/roverrobotics_driver/share/roverrobotics_driver/package.ps1'
[0.406s] INFO:colcon.colcon_core.shell:Creating package descriptor '/home/lab/Mani/roverrobotics_ros2/install/roverrobotics_driver/share/roverrobotics_driver/package.dsv'
[0.406s] INFO:colcon.colcon_core.shell:Creating package script '/home/lab/Mani/roverrobotics_ros2/install/roverrobotics_driver/share/roverrobotics_driver/package.sh'
[0.407s] INFO:colcon.colcon_core.shell:Creating package script '/home/lab/Mani/roverrobotics_ros2/install/roverrobotics_driver/share/roverrobotics_driver/package.bash'
[0.407s] INFO:colcon.colcon_core.shell:Creating package script '/home/lab/Mani/roverrobotics_ros2/install/roverrobotics_driver/share/roverrobotics_driver/package.zsh'
[0.407s] Level 1:colcon.colcon_core.environment:create_file_with_runtime_dependencies(/home/lab/Mani/roverrobotics_ros2/install/roverrobotics_driver/share/colcon-core/packages/roverrobotics_driver)
[0.408s] Level 1:colcon.colcon_core.environment:create_environment_scripts_only(roverrobotics_driver)
[0.408s] Level 1:colcon.colcon_core.environment:checking '/home/lab/Mani/roverrobotics_ros2/install/roverrobotics_driver' for CMake module files
[0.408s] Level 1:colcon.colcon_core.environment:checking '/home/lab/Mani/roverrobotics_ros2/install/roverrobotics_driver' for CMake config files
[0.409s] Level 1:colcon.colcon_core.shell:create_environment_hook('roverrobotics_driver', 'cmake_prefix_path')
[0.409s] INFO:colcon.colcon_core.shell:Creating environment hook '/home/lab/Mani/roverrobotics_ros2/install/roverrobotics_driver/share/roverrobotics_driver/hook/cmake_prefix_path.ps1'
[0.409s] INFO:colcon.colcon_core.shell:Creating environment descriptor '/home/lab/Mani/roverrobotics_ros2/install/roverrobotics_driver/share/roverrobotics_driver/hook/cmake_prefix_path.dsv'
[0.410s] INFO:colcon.colcon_core.shell:Creating environment hook '/home/lab/Mani/roverrobotics_ros2/install/roverrobotics_driver/share/roverrobotics_driver/hook/cmake_prefix_path.sh'
[0.410s] Level 1:colcon.colcon_core.environment:checking '/home/lab/Mani/roverrobotics_ros2/install/roverrobotics_driver/lib'
[0.410s] Level 1:colcon.colcon_core.environment:checking '/home/lab/Mani/roverrobotics_ros2/install/roverrobotics_driver/bin'
[0.410s] Level 1:colcon.colcon_core.environment:checking '/home/lab/Mani/roverrobotics_ros2/install/roverrobotics_driver/lib/pkgconfig/roverrobotics_driver.pc'
[0.411s] Level 1:colcon.colcon_core.environment:checking '/home/lab/Mani/roverrobotics_ros2/install/roverrobotics_driver/lib/python3.10/site-packages'
[0.411s] Level 1:colcon.colcon_core.environment:checking '/home/lab/Mani/roverrobotics_ros2/install/roverrobotics_driver/bin'
[0.411s] INFO:colcon.colcon_core.shell:Creating package script '/home/lab/Mani/roverrobotics_ros2/install/roverrobotics_driver/share/roverrobotics_driver/package.ps1'
[0.411s] INFO:colcon.colcon_core.shell:Creating package descriptor '/home/lab/Mani/roverrobotics_ros2/install/roverrobotics_driver/share/roverrobotics_driver/package.dsv'
[0.412s] INFO:colcon.colcon_core.shell:Creating package script '/home/lab/Mani/roverrobotics_ros2/install/roverrobotics_driver/share/roverrobotics_driver/package.sh'
[0.412s] INFO:colcon.colcon_core.shell:Creating package script '/home/lab/Mani/roverrobotics_ros2/install/roverrobotics_driver/share/roverrobotics_driver/package.bash'
[0.413s] INFO:colcon.colcon_core.shell:Creating package script '/home/lab/Mani/roverrobotics_ros2/install/roverrobotics_driver/share/roverrobotics_driver/package.zsh'
[0.413s] Level 1:colcon.colcon_core.environment:create_file_with_runtime_dependencies(/home/lab/Mani/roverrobotics_ros2/install/roverrobotics_driver/share/colcon-core/packages/roverrobotics_driver)
[0.415s] DEBUG:colcon.colcon_core.event_handler.log_command:Invoked command in '/home/lab/Mani/roverrobotics_ros2/build/roverrobotics_gazebo' returned '0': CMAKE_PREFIX_PATH=/home/lab/Mani/roverrobotics_ros2/install/roverrobotics_description:/home/lab/Mani/roverrobotics_ros2/install/roverrobotics_input_manager:/home/lab/Mani/roverrobotics_ros2/install/roverrobotics_gazebo:/home/lab/Mani/roverrobotics_ros2/install/roverrobotics_driver:/opt/ros/humble /usr/local/bin/cmake --build /home/lab/Mani/roverrobotics_ros2/build/roverrobotics_gazebo -- -j16 -l16
[0.417s] DEBUG:colcon.colcon_core.event_handler.log_command:Invoking command in '/home/lab/Mani/roverrobotics_ros2/build/roverrobotics_gazebo': CMAKE_PREFIX_PATH=/home/lab/Mani/roverrobotics_ros2/install/roverrobotics_description:/home/lab/Mani/roverrobotics_ros2/install/roverrobotics_input_manager:/home/lab/Mani/roverrobotics_ros2/install/roverrobotics_gazebo:/home/lab/Mani/roverrobotics_ros2/install/roverrobotics_driver:/opt/ros/humble /usr/local/bin/cmake --install /home/lab/Mani/roverrobotics_ros2/build/roverrobotics_gazebo
[0.422s] Level 1:colcon.colcon_core.environment:create_environment_scripts_only(roverrobotics_gazebo)
[0.422s] DEBUG:colcon.colcon_core.event_handler.log_command:Invoked command in '/home/lab/Mani/roverrobotics_ros2/build/roverrobotics_gazebo' returned '0': CMAKE_PREFIX_PATH=/home/lab/Mani/roverrobotics_ros2/install/roverrobotics_description:/home/lab/Mani/roverrobotics_ros2/install/roverrobotics_input_manager:/home/lab/Mani/roverrobotics_ros2/install/roverrobotics_gazebo:/home/lab/Mani/roverrobotics_ros2/install/roverrobotics_driver:/opt/ros/humble /usr/local/bin/cmake --install /home/lab/Mani/roverrobotics_ros2/build/roverrobotics_gazebo
[0.422s] Level 1:colcon.colcon_core.environment:checking '/home/lab/Mani/roverrobotics_ros2/install/roverrobotics_gazebo' for CMake module files
[0.423s] Level 1:colcon.colcon_core.environment:checking '/home/lab/Mani/roverrobotics_ros2/install/roverrobotics_gazebo' for CMake config files
[0.423s] Level 1:colcon.colcon_core.shell:create_environment_hook('roverrobotics_gazebo', 'cmake_prefix_path')
[0.423s] INFO:colcon.colcon_core.shell:Creating environment hook '/home/lab/Mani/roverrobotics_ros2/install/roverrobotics_gazebo/share/roverrobotics_gazebo/hook/cmake_prefix_path.ps1'
[0.423s] INFO:colcon.colcon_core.shell:Creating environment descriptor '/home/lab/Mani/roverrobotics_ros2/install/roverrobotics_gazebo/share/roverrobotics_gazebo/hook/cmake_prefix_path.dsv'
[0.424s] INFO:colcon.colcon_core.shell:Creating environment hook '/home/lab/Mani/roverrobotics_ros2/install/roverrobotics_gazebo/share/roverrobotics_gazebo/hook/cmake_prefix_path.sh'
[0.424s] Level 1:colcon.colcon_core.environment:checking '/home/lab/Mani/roverrobotics_ros2/install/roverrobotics_gazebo/bin'
[0.424s] Level 1:colcon.colcon_core.environment:checking '/home/lab/Mani/roverrobotics_ros2/install/roverrobotics_gazebo/lib/pkgconfig/roverrobotics_gazebo.pc'
[0.424s] Level 1:colcon.colcon_core.environment:checking '/home/lab/Mani/roverrobotics_ros2/install/roverrobotics_gazebo/lib/python3.10/site-packages'
[0.424s] Level 1:colcon.colcon_core.environment:checking '/home/lab/Mani/roverrobotics_ros2/install/roverrobotics_gazebo/bin'
[0.425s] INFO:colcon.colcon_core.shell:Creating package script '/home/lab/Mani/roverrobotics_ros2/install/roverrobotics_gazebo/share/roverrobotics_gazebo/package.ps1'
[0.425s] INFO:colcon.colcon_core.shell:Creating package descriptor '/home/lab/Mani/roverrobotics_ros2/install/roverrobotics_gazebo/share/roverrobotics_gazebo/package.dsv'
[0.425s] INFO:colcon.colcon_core.shell:Creating package script '/home/lab/Mani/roverrobotics_ros2/install/roverrobotics_gazebo/share/roverrobotics_gazebo/package.sh'
[0.426s] INFO:colcon.colcon_core.shell:Creating package script '/home/lab/Mani/roverrobotics_ros2/install/roverrobotics_gazebo/share/roverrobotics_gazebo/package.bash'
[0.426s] INFO:colcon.colcon_core.shell:Creating package script '/home/lab/Mani/roverrobotics_ros2/install/roverrobotics_gazebo/share/roverrobotics_gazebo/package.zsh'
[0.426s] Level 1:colcon.colcon_core.environment:create_file_with_runtime_dependencies(/home/lab/Mani/roverrobotics_ros2/install/roverrobotics_gazebo/share/colcon-core/packages/roverrobotics_gazebo)
[0.427s] Level 1:colcon.colcon_core.environment:create_environment_scripts_only(roverrobotics_gazebo)
[0.427s] Level 1:colcon.colcon_core.environment:checking '/home/lab/Mani/roverrobotics_ros2/install/roverrobotics_gazebo' for CMake module files
[0.427s] Level 1:colcon.colcon_core.environment:checking '/home/lab/Mani/roverrobotics_ros2/install/roverrobotics_gazebo' for CMake config files
[0.427s] Level 1:colcon.colcon_core.shell:create_environment_hook('roverrobotics_gazebo', 'cmake_prefix_path')
[0.428s] INFO:colcon.colcon_core.shell:Creating environment hook '/home/lab/Mani/roverrobotics_ros2/install/roverrobotics_gazebo/share/roverrobotics_gazebo/hook/cmake_prefix_path.ps1'
[0.428s] INFO:colcon.colcon_core.shell:Creating environment descriptor '/home/lab/Mani/roverrobotics_ros2/install/roverrobotics_gazebo/share/roverrobotics_gazebo/hook/cmake_prefix_path.dsv'
[0.428s] INFO:colcon.colcon_core.shell:Creating environment hook '/home/lab/Mani/roverrobotics_ros2/install/roverrobotics_gazebo/share/roverrobotics_gazebo/hook/cmake_prefix_path.sh'
[0.429s] Level 1:colcon.colcon_core.environment:checking '/home/lab/Mani/roverrobotics_ros2/install/roverrobotics_gazebo/bin'
[0.429s] Level 1:colcon.colcon_core.environment:checking '/home/lab/Mani/roverrobotics_ros2/install/roverrobotics_gazebo/lib/pkgconfig/roverrobotics_gazebo.pc'
[0.429s] Level 1:colcon.colcon_core.environment:checking '/home/lab/Mani/roverrobotics_ros2/install/roverrobotics_gazebo/lib/python3.10/site-packages'
[0.429s] Level 1:colcon.colcon_core.environment:checking '/home/lab/Mani/roverrobotics_ros2/install/roverrobotics_gazebo/bin'
[0.429s] INFO:colcon.colcon_core.shell:Creating package script '/home/lab/Mani/roverrobotics_ros2/install/roverrobotics_gazebo/share/roverrobotics_gazebo/package.ps1'
[0.430s] INFO:colcon.colcon_core.shell:Creating package descriptor '/home/lab/Mani/roverrobotics_ros2/install/roverrobotics_gazebo/share/roverrobotics_gazebo/package.dsv'
[0.430s] INFO:colcon.colcon_core.shell:Creating package script '/home/lab/Mani/roverrobotics_ros2/install/roverrobotics_gazebo/share/roverrobotics_gazebo/package.sh'
[0.430s] INFO:colcon.colcon_core.shell:Creating package script '/home/lab/Mani/roverrobotics_ros2/install/roverrobotics_gazebo/share/roverrobotics_gazebo/package.bash'
[0.431s] INFO:colcon.colcon_core.shell:Creating package script '/home/lab/Mani/roverrobotics_ros2/install/roverrobotics_gazebo/share/roverrobotics_gazebo/package.zsh'
[0.431s] Level 1:colcon.colcon_core.environment:create_file_with_runtime_dependencies(/home/lab/Mani/roverrobotics_ros2/install/roverrobotics_gazebo/share/colcon-core/packages/roverrobotics_gazebo)
[0.432s] DEBUG:colcon.colcon_parallel_executor.executor.parallel:closing loop
[0.432s] DEBUG:colcon.colcon_parallel_executor.executor.parallel:loop closed
[0.432s] DEBUG:colcon.colcon_parallel_executor.executor.parallel:run_until_complete finished with '0'
[0.433s] DEBUG:colcon.colcon_core.event_reactor:joining thread
[0.442s] INFO:colcon.colcon_core.plugin_system:Skipping extension 'colcon_notification.desktop_notification.terminal_notifier': Not used on non-Darwin systems
[0.442s] INFO:colcon.colcon_core.plugin_system:Skipping extension 'colcon_notification.desktop_notification.win32': Not used on non-Windows systems
[0.442s] INFO:colcon.colcon_notification.desktop_notification:Sending desktop notification using 'notify2'
[0.453s] DEBUG:colcon.colcon_core.event_reactor:joined thread
[0.453s] INFO:colcon.colcon_core.shell:Creating prefix script '/home/lab/Mani/roverrobotics_ros2/install/local_setup.ps1'
[0.454s] INFO:colcon.colcon_core.shell:Creating prefix util module '/home/lab/Mani/roverrobotics_ros2/install/_local_setup_util_ps1.py'
[0.456s] INFO:colcon.colcon_core.shell:Creating prefix chain script '/home/lab/Mani/roverrobotics_ros2/install/setup.ps1'
[0.457s] INFO:colcon.colcon_core.shell:Creating prefix script '/home/lab/Mani/roverrobotics_ros2/install/local_setup.sh'
[0.458s] INFO:colcon.colcon_core.shell:Creating prefix util module '/home/lab/Mani/roverrobotics_ros2/install/_local_setup_util_sh.py'
[0.458s] INFO:colcon.colcon_core.shell:Creating prefix chain script '/home/lab/Mani/roverrobotics_ros2/install/setup.sh'
[0.459s] INFO:colcon.colcon_core.shell:Creating prefix script '/home/lab/Mani/roverrobotics_ros2/install/local_setup.bash'
[0.460s] INFO:colcon.colcon_core.shell:Creating prefix chain script '/home/lab/Mani/roverrobotics_ros2/install/setup.bash'
[0.461s] INFO:colcon.colcon_core.shell:Creating prefix script '/home/lab/Mani/roverrobotics_ros2/install/local_setup.zsh'
[0.462s] INFO:colcon.colcon_core.shell:Creating prefix chain script '/home/lab/Mani/roverrobotics_ros2/install/setup.zsh'
