-- The C compiler identification is GNU 11.4.0
-- The CXX compiler identification is GNU 11.4.0
-- Detecting C compiler ABI info
-- Detecting C compiler ABI info - done
-- Check for working C compiler: /usr/bin/cc - skipped
-- Detecting C compile features
-- Detecting C compile features - done
-- Detecting CXX compiler ABI info
-- Detecting CXX compiler ABI info - done
-- Check for working CXX compiler: /usr/bin/c++ - skipped
-- Detecting CXX compile features
-- Detecting CXX compile features - done
-- Found ament_cmake: 1.3.12 (/opt/ros/humble/share/ament_cmake/cmake)
-- Found Python3: /usr/bin/python3 (found version "3.10.12") found components: Interpreter 
-- Found rclcpp: 16.0.15 (/opt/ros/humble/share/rclcpp/cmake)
-- Found rosidl_generator_c: 3.1.7 (/opt/ros/humble/share/rosidl_generator_c/cmake)
-- Found rosidl_adapter: 3.1.7 (/opt/ros/humble/share/rosidl_adapter/cmake)
-- Found rosidl_generator_cpp: 3.1.7 (/opt/ros/humble/share/rosidl_generator_cpp/cmake)
-- Using all available rosidl_typesupport_c: rosidl_typesupport_fastrtps_c;rosidl_typesupport_introspection_c
-- Using all available rosidl_typesupport_cpp: rosidl_typesupport_fastrtps_cpp;rosidl_typesupport_introspection_cpp
-- Found rmw_implementation_cmake: 6.1.2 (/opt/ros/humble/share/rmw_implementation_cmake/cmake)
-- Found rmw_fastrtps_cpp: 6.2.8 (/opt/ros/humble/share/rmw_fastrtps_cpp/cmake)
-- Found OpenSSL: /usr/lib/x86_64-linux-gnu/libcrypto.so (found version "3.0.2")  
-- Found FastRTPS: /opt/ros/humble/include  
-- Using RMW implementation 'rmw_fastrtps_cpp' as default
-- Performing Test CMAKE_HAVE_LIBC_PTHREAD
-- Performing Test CMAKE_HAVE_LIBC_PTHREAD - Success
-- Found Threads: TRUE  
-- Found geometry_msgs: 4.9.0 (/opt/ros/humble/share/geometry_msgs/cmake)
-- Found nav_msgs: 4.9.0 (/opt/ros/humble/share/nav_msgs/cmake)
-- Found tf2_geometry_msgs: 0.25.16 (/opt/ros/humble/share/tf2_geometry_msgs/cmake)
-- Found eigen3_cmake_module: 0.1.1 (/opt/ros/humble/share/eigen3_cmake_module/cmake)
-- Found Eigen3: TRUE (found version "3.3.90") 
-- Ensuring Eigen3 include directory is part of orocos-kdl CMake target
-- Found sensor_msgs: 4.9.0 (/opt/ros/humble/share/sensor_msgs/cmake)
-- Configuring done
-- Generating done
-- Build files have been written to: /home/lab/Mani/roverrobotics_ros2/build/roverrobotics_driver
[  8%] [32mBuilding CXX object CMakeFiles/roverrobotics_driver.dir/src/roverrobotics_ros2_driver.cpp.o[0m
[ 16%] [32mBuilding CXX object CMakeFiles/roverrobotics_driver.dir/library/librover/src/protocol_pro.cpp.o[0m
[ 25%] [32mBuilding CXX object CMakeFiles/roverrobotics_driver.dir/library/librover/src/comm_serial.cpp.o[0m
[ 33%] [32mBuilding CXX object CMakeFiles/roverrobotics_driver.dir/library/librover/src/utils.cpp.o[0m
[ 41%] [32mBuilding CXX object CMakeFiles/roverrobotics_driver.dir/library/librover/src/comm_can.cpp.o[0m
[ 50%] [32mBuilding CXX object CMakeFiles/roverrobotics_driver.dir/library/librover/src/control.cpp.o[0m
[ 58%] [32mBuilding CXX object CMakeFiles/roverrobotics_driver.dir/library/librover/src/vesc.cpp.o[0m
[ 66%] [32mBuilding CXX object CMakeFiles/roverrobotics_driver.dir/library/librover/src/utilities.cpp.o[0m
[ 75%] [32mBuilding CXX object CMakeFiles/roverrobotics_driver.dir/library/librover/src/protocol_zero_2.cpp.o[0m
[ 83%] [32mBuilding CXX object CMakeFiles/roverrobotics_driver.dir/library/librover/src/protocol_mini_2wd_serial.cpp.o[0m
[ 91%] [32mBuilding CXX object CMakeFiles/roverrobotics_driver.dir/library/librover/src/differential_robot.cpp.o[0m
[01m[K/home/lab/Mani/roverrobotics_ros2/roverrobotics_driver/library/librover/src/vesc.cpp:[m[K In member function ‘[01m[Kvesc::vescChannelStatus vesc::BridgedVescArray::parseReceivedMessage(std::vector<unsigned char>)[m[K’:
[01m[K/home/lab/Mani/roverrobotics_ros2/roverrobotics_driver/library/librover/src/vesc.cpp:76:5:[m[K [01;35m[Kwarning: [m[Kcontrol reaches end of non-void function [[01;35m[K]8;;https://gcc.gnu.org/onlinedocs/gcc/Warning-Options.html#index-Wreturn-type-Wreturn-type]8;;[m[K]
   76 |     [01;35m[K}[m[K
      |     [01;35m[K^[m[K
[100%] [32m[1mLinking CXX executable roverrobotics_driver[0m
[100%] Built target roverrobotics_driver
-- Install configuration: ""
-- Installing: /home/lab/Mani/roverrobotics_ros2/install/roverrobotics_driver/share/roverrobotics_driver/launch
-- Installing: /home/lab/Mani/roverrobotics_ros2/install/roverrobotics_driver/share/roverrobotics_driver/launch/ps5_controller.launch.py
-- Installing: /home/lab/Mani/roverrobotics_ros2/install/roverrobotics_driver/share/roverrobotics_driver/launch/max.launch.py
-- Installing: /home/lab/Mani/roverrobotics_ros2/install/roverrobotics_driver/share/roverrobotics_driver/launch/pro.launch.py
-- Installing: /home/lab/Mani/roverrobotics_ros2/install/roverrobotics_driver/share/roverrobotics_driver/launch/outdoor_navigation_launch.py
-- Installing: /home/lab/Mani/roverrobotics_ros2/install/roverrobotics_driver/share/roverrobotics_driver/launch/zero.launch.py
-- Installing: /home/lab/Mani/roverrobotics_ros2/install/roverrobotics_driver/share/roverrobotics_driver/launch/miti_teleop.launch.py
-- Installing: /home/lab/Mani/roverrobotics_ros2/install/roverrobotics_driver/share/roverrobotics_driver/launch/mini_teleop.launch.py
-- Installing: /home/lab/Mani/roverrobotics_ros2/install/roverrobotics_driver/share/roverrobotics_driver/launch/mega.launch.py
-- Installing: /home/lab/Mani/roverrobotics_ros2/install/roverrobotics_driver/share/roverrobotics_driver/launch/zero_teleop.launch.py
-- Installing: /home/lab/Mani/roverrobotics_ros2/install/roverrobotics_driver/share/roverrobotics_driver/launch/mini.launch.py
-- Installing: /home/lab/Mani/roverrobotics_ros2/install/roverrobotics_driver/share/roverrobotics_driver/launch/navigation_launch.py
-- Installing: /home/lab/Mani/roverrobotics_ros2/install/roverrobotics_driver/share/roverrobotics_driver/launch/robot_localizer.launch.py
-- Installing: /home/lab/Mani/roverrobotics_ros2/install/roverrobotics_driver/share/roverrobotics_driver/launch/miti.launch.py
-- Installing: /home/lab/Mani/roverrobotics_ros2/install/roverrobotics_driver/share/roverrobotics_driver/launch/mega_teleop.launch.py
-- Installing: /home/lab/Mani/roverrobotics_ros2/install/roverrobotics_driver/share/roverrobotics_driver/launch/mini_2wd.launch.py
-- Installing: /home/lab/Mani/roverrobotics_ros2/install/roverrobotics_driver/share/roverrobotics_driver/launch/ps4_controller.launch.py
-- Installing: /home/lab/Mani/roverrobotics_ros2/install/roverrobotics_driver/share/roverrobotics_driver/launch/slam_launch.py
-- Installing: /home/lab/Mani/roverrobotics_ros2/install/roverrobotics_driver/share/roverrobotics_driver/launch/miti_65_teleop.launch.py
-- Installing: /home/lab/Mani/roverrobotics_ros2/install/roverrobotics_driver/share/roverrobotics_driver/launch/mini_2wd_teleop.launch.py
-- Installing: /home/lab/Mani/roverrobotics_ros2/install/roverrobotics_driver/share/roverrobotics_driver/launch/max_teleop.launch.py
-- Installing: /home/lab/Mani/roverrobotics_ros2/install/roverrobotics_driver/share/roverrobotics_driver/launch/accessories.launch.py
-- Installing: /home/lab/Mani/roverrobotics_ros2/install/roverrobotics_driver/share/roverrobotics_driver/launch/robot_localizer_outdoor.launch.py
-- Installing: /home/lab/Mani/roverrobotics_ros2/install/roverrobotics_driver/share/roverrobotics_driver/launch/miti_65.launch.py
-- Installing: /home/lab/Mani/roverrobotics_ros2/install/roverrobotics_driver/share/roverrobotics_driver/launch/nav2_backend.py
-- Installing: /home/lab/Mani/roverrobotics_ros2/install/roverrobotics_driver/share/roverrobotics_driver/launch/pro_teleop.launch.py
-- Installing: /home/lab/Mani/roverrobotics_ros2/install/roverrobotics_driver/share/roverrobotics_driver/config
-- Installing: /home/lab/Mani/roverrobotics_ros2/install/roverrobotics_driver/share/roverrobotics_driver/config/localization_outdoor_ekf.yaml
-- Installing: /home/lab/Mani/roverrobotics_ros2/install/roverrobotics_driver/share/roverrobotics_driver/config/rviz_configs
-- Installing: /home/lab/Mani/roverrobotics_ros2/install/roverrobotics_driver/share/roverrobotics_driver/config/rviz_configs/nav2_default_view.rviz
-- Installing: /home/lab/Mani/roverrobotics_ros2/install/roverrobotics_driver/share/roverrobotics_driver/config/rviz_configs/realsense_rviz_layout.rviz
-- Installing: /home/lab/Mani/roverrobotics_ros2/install/roverrobotics_driver/share/roverrobotics_driver/config/rviz_configs/slam_rviz_layout.rviz
-- Installing: /home/lab/Mani/roverrobotics_ros2/install/roverrobotics_driver/share/roverrobotics_driver/config/max_150_config.yaml
-- Installing: /home/lab/Mani/roverrobotics_ros2/install/roverrobotics_driver/share/roverrobotics_driver/config/pro_config.yaml
-- Installing: /home/lab/Mani/roverrobotics_ros2/install/roverrobotics_driver/share/roverrobotics_driver/config/mini_2wd_config.yaml
-- Installing: /home/lab/Mani/roverrobotics_ros2/install/roverrobotics_driver/share/roverrobotics_driver/config/miti_config.yaml
-- Installing: /home/lab/Mani/roverrobotics_ros2/install/roverrobotics_driver/share/roverrobotics_driver/config/localization_ekf.yaml
-- Installing: /home/lab/Mani/roverrobotics_ros2/install/roverrobotics_driver/share/roverrobotics_driver/config/miti_65_config.yaml
-- Installing: /home/lab/Mani/roverrobotics_ros2/install/roverrobotics_driver/share/roverrobotics_driver/config/ps5_controller_config_jp6.yaml
-- Installing: /home/lab/Mani/roverrobotics_ros2/install/roverrobotics_driver/share/roverrobotics_driver/config/max_100_config.yaml
-- Installing: /home/lab/Mani/roverrobotics_ros2/install/roverrobotics_driver/share/roverrobotics_driver/config/ps4_controller_config_jp6.yaml
-- Installing: /home/lab/Mani/roverrobotics_ros2/install/roverrobotics_driver/share/roverrobotics_driver/config/max_65_config.yaml
-- Installing: /home/lab/Mani/roverrobotics_ros2/install/roverrobotics_driver/share/roverrobotics_driver/config/mini_config.yaml
-- Installing: /home/lab/Mani/roverrobotics_ros2/install/roverrobotics_driver/share/roverrobotics_driver/config/topics.yaml
-- Installing: /home/lab/Mani/roverrobotics_ros2/install/roverrobotics_driver/share/roverrobotics_driver/config/mega_config.yaml
-- Installing: /home/lab/Mani/roverrobotics_ros2/install/roverrobotics_driver/share/roverrobotics_driver/config/max_130_config.yaml
-- Installing: /home/lab/Mani/roverrobotics_ros2/install/roverrobotics_driver/share/roverrobotics_driver/config/nav2_params.yaml
-- Installing: /home/lab/Mani/roverrobotics_ros2/install/roverrobotics_driver/share/roverrobotics_driver/config/slam_configs
-- Installing: /home/lab/Mani/roverrobotics_ros2/install/roverrobotics_driver/share/roverrobotics_driver/config/slam_configs/mapper_params_offline.yaml
-- Installing: /home/lab/Mani/roverrobotics_ros2/install/roverrobotics_driver/share/roverrobotics_driver/config/slam_configs/mapper_params_online_async.yaml
-- Installing: /home/lab/Mani/roverrobotics_ros2/install/roverrobotics_driver/share/roverrobotics_driver/config/slam_configs/mapper_params_lifelong.yaml
-- Installing: /home/lab/Mani/roverrobotics_ros2/install/roverrobotics_driver/share/roverrobotics_driver/config/slam_configs/mapper_params_localization.yaml
-- Installing: /home/lab/Mani/roverrobotics_ros2/install/roverrobotics_driver/share/roverrobotics_driver/config/slam_configs/mapper_params_online_sync.yaml
-- Installing: /home/lab/Mani/roverrobotics_ros2/install/roverrobotics_driver/share/roverrobotics_driver/config/ps5_controller_config.yaml
-- Installing: /home/lab/Mani/roverrobotics_ros2/install/roverrobotics_driver/share/roverrobotics_driver/config/realsense_config.yaml
-- Installing: /home/lab/Mani/roverrobotics_ros2/install/roverrobotics_driver/share/roverrobotics_driver/config/ps4_controller_config.yaml
-- Installing: /home/lab/Mani/roverrobotics_ros2/install/roverrobotics_driver/share/roverrobotics_driver/config/accessories.yaml
-- Installing: /home/lab/Mani/roverrobotics_ros2/install/roverrobotics_driver/share/roverrobotics_driver/config/zero_config.yaml
-- Installing: /home/lab/Mani/roverrobotics_ros2/install/roverrobotics_driver/share/roverrobotics_driver/maps
-- Installing: /home/lab/Mani/roverrobotics_ros2/install/roverrobotics_driver/share/roverrobotics_driver/maps/maze_map.data
-- Installing: /home/lab/Mani/roverrobotics_ros2/install/roverrobotics_driver/share/roverrobotics_driver/maps/maze_map.pgm
-- Installing: /home/lab/Mani/roverrobotics_ros2/install/roverrobotics_driver/share/roverrobotics_driver/maps/maze_map.posegraph
-- Installing: /home/lab/Mani/roverrobotics_ros2/install/roverrobotics_driver/share/roverrobotics_driver/maps/maze_map.yaml
-- Installing: /home/lab/Mani/roverrobotics_ros2/install/roverrobotics_driver/lib/roverrobotics_driver/roverrobotics_driver
-- Set runtime path of "/home/lab/Mani/roverrobotics_ros2/install/roverrobotics_driver/lib/roverrobotics_driver/roverrobotics_driver" to ""
-- Installing: /home/lab/Mani/roverrobotics_ros2/install/roverrobotics_driver/share/ament_index/resource_index/package_run_dependencies/roverrobotics_driver
-- Installing: /home/lab/Mani/roverrobotics_ros2/install/roverrobotics_driver/share/ament_index/resource_index/parent_prefix_path/roverrobotics_driver
-- Installing: /home/lab/Mani/roverrobotics_ros2/install/roverrobotics_driver/share/roverrobotics_driver/environment/ament_prefix_path.sh
-- Installing: /home/lab/Mani/roverrobotics_ros2/install/roverrobotics_driver/share/roverrobotics_driver/environment/ament_prefix_path.dsv
-- Installing: /home/lab/Mani/roverrobotics_ros2/install/roverrobotics_driver/share/roverrobotics_driver/environment/path.sh
-- Installing: /home/lab/Mani/roverrobotics_ros2/install/roverrobotics_driver/share/roverrobotics_driver/environment/path.dsv
-- Installing: /home/lab/Mani/roverrobotics_ros2/install/roverrobotics_driver/share/roverrobotics_driver/local_setup.bash
-- Installing: /home/lab/Mani/roverrobotics_ros2/install/roverrobotics_driver/share/roverrobotics_driver/local_setup.sh
-- Installing: /home/lab/Mani/roverrobotics_ros2/install/roverrobotics_driver/share/roverrobotics_driver/local_setup.zsh
-- Installing: /home/lab/Mani/roverrobotics_ros2/install/roverrobotics_driver/share/roverrobotics_driver/local_setup.dsv
-- Installing: /home/lab/Mani/roverrobotics_ros2/install/roverrobotics_driver/share/roverrobotics_driver/package.dsv
-- Installing: /home/lab/Mani/roverrobotics_ros2/install/roverrobotics_driver/share/ament_index/resource_index/packages/roverrobotics_driver
-- Installing: /home/lab/Mani/roverrobotics_ros2/install/roverrobotics_driver/share/roverrobotics_driver/cmake/roverrobotics_driverConfig.cmake
-- Installing: /home/lab/Mani/roverrobotics_ros2/install/roverrobotics_driver/share/roverrobotics_driver/cmake/roverrobotics_driverConfig-version.cmake
-- Installing: /home/lab/Mani/roverrobotics_ros2/install/roverrobotics_driver/share/roverrobotics_driver/package.xml
