[0.007s] Invoking command in '/home/lab/Mani/roverrobotics_ros2/build/roverrobotics_driver': CMAKE_PREFIX_PATH=/opt/ros/humble /usr/local/bin/cmake /home/lab/Mani/roverrobotics_ros2/roverrobotics_driver -DCMAKE_INSTALL_PREFIX=/home/lab/Mani/roverrobotics_ros2/install/roverrobotics_driver
[0.057s] -- The C compiler identification is GNU 11.4.0
[0.108s] -- The CXX compiler identification is GNU 11.4.0
[0.116s] -- Detecting C compiler ABI info
[0.149s] -- Detecting C compiler ABI info - done
[0.155s] -- Check for working C compiler: /usr/bin/cc - skipped
[0.155s] -- Detecting C compile features
[0.156s] -- Detecting C compile features - done
[0.158s] -- Detecting CXX compiler ABI info
[0.197s] -- Detecting CXX compiler ABI info - done
[0.203s] -- Check for working CXX compiler: /usr/bin/c++ - skipped
[0.203s] -- Detecting CXX compile features
[0.204s] -- Detecting CXX compile features - done
[0.208s] -- Found ament_cmake: 1.3.12 (/opt/ros/humble/share/ament_cmake/cmake)
[0.505s] -- Found Python3: /usr/bin/python3 (found version "3.10.12") found components: Interpreter 
[0.585s] -- Found rclcpp: 16.0.15 (/opt/ros/humble/share/rclcpp/cmake)
[0.628s] -- Found rosidl_generator_c: 3.1.7 (/opt/ros/humble/share/rosidl_generator_c/cmake)
[0.632s] -- Found rosidl_adapter: 3.1.7 (/opt/ros/humble/share/rosidl_adapter/cmake)
[0.641s] -- Found rosidl_generator_cpp: 3.1.7 (/opt/ros/humble/share/rosidl_generator_cpp/cmake)
[0.654s] -- Using all available rosidl_typesupport_c: rosidl_typesupport_fastrtps_c;rosidl_typesupport_introspection_c
[0.669s] -- Using all available rosidl_typesupport_cpp: rosidl_typesupport_fastrtps_cpp;rosidl_typesupport_introspection_cpp
[0.711s] -- Found rmw_implementation_cmake: 6.1.2 (/opt/ros/humble/share/rmw_implementation_cmake/cmake)
[0.714s] -- Found rmw_fastrtps_cpp: 6.2.8 (/opt/ros/humble/share/rmw_fastrtps_cpp/cmake)
[0.777s] -- Found OpenSSL: /usr/lib/x86_64-linux-gnu/libcrypto.so (found version "3.0.2")  
[0.805s] -- Found FastRTPS: /opt/ros/humble/include  
[0.843s] -- Using RMW implementation 'rmw_fastrtps_cpp' as default
[0.851s] -- Performing Test CMAKE_HAVE_LIBC_PTHREAD
[0.889s] -- Performing Test CMAKE_HAVE_LIBC_PTHREAD - Success
[0.890s] -- Found Threads: TRUE  
[0.949s] -- Found geometry_msgs: 4.9.0 (/opt/ros/humble/share/geometry_msgs/cmake)
[0.981s] -- Found nav_msgs: 4.9.0 (/opt/ros/humble/share/nav_msgs/cmake)
[1.014s] -- Found tf2_geometry_msgs: 0.25.16 (/opt/ros/humble/share/tf2_geometry_msgs/cmake)
[1.029s] -- Found eigen3_cmake_module: 0.1.1 (/opt/ros/humble/share/eigen3_cmake_module/cmake)
[1.031s] -- Found Eigen3: TRUE (found version "3.3.90") 
[1.031s] -- Ensuring Eigen3 include directory is part of orocos-kdl CMake target
[1.171s] -- Found sensor_msgs: 4.9.0 (/opt/ros/humble/share/sensor_msgs/cmake)
[1.266s] -- Configuring done
[1.288s] -- Generating done
[1.296s] -- Build files have been written to: /home/lab/Mani/roverrobotics_ros2/build/roverrobotics_driver
[1.308s] Invoked command in '/home/lab/Mani/roverrobotics_ros2/build/roverrobotics_driver' returned '0': CMAKE_PREFIX_PATH=/opt/ros/humble /usr/local/bin/cmake /home/lab/Mani/roverrobotics_ros2/roverrobotics_driver -DCMAKE_INSTALL_PREFIX=/home/lab/Mani/roverrobotics_ros2/install/roverrobotics_driver
[1.310s] Invoking command in '/home/lab/Mani/roverrobotics_ros2/build/roverrobotics_driver': CMAKE_PREFIX_PATH=/opt/ros/humble /usr/local/bin/cmake --build /home/lab/Mani/roverrobotics_ros2/build/roverrobotics_driver -- -j16 -l16
[1.329s] [  8%] [32mBuilding CXX object CMakeFiles/roverrobotics_driver.dir/src/roverrobotics_ros2_driver.cpp.o[0m
[1.329s] [ 16%] [32mBuilding CXX object CMakeFiles/roverrobotics_driver.dir/library/librover/src/protocol_pro.cpp.o[0m
[1.329s] [ 25%] [32mBuilding CXX object CMakeFiles/roverrobotics_driver.dir/library/librover/src/comm_serial.cpp.o[0m
[1.329s] [ 33%] [32mBuilding CXX object CMakeFiles/roverrobotics_driver.dir/library/librover/src/utils.cpp.o[0m
[1.330s] [ 41%] [32mBuilding CXX object CMakeFiles/roverrobotics_driver.dir/library/librover/src/comm_can.cpp.o[0m
[1.330s] [ 50%] [32mBuilding CXX object CMakeFiles/roverrobotics_driver.dir/library/librover/src/control.cpp.o[0m
[1.330s] [ 58%] [32mBuilding CXX object CMakeFiles/roverrobotics_driver.dir/library/librover/src/vesc.cpp.o[0m
[1.330s] [ 66%] [32mBuilding CXX object CMakeFiles/roverrobotics_driver.dir/library/librover/src/utilities.cpp.o[0m
[1.331s] [ 75%] [32mBuilding CXX object CMakeFiles/roverrobotics_driver.dir/library/librover/src/protocol_zero_2.cpp.o[0m
[1.331s] [ 83%] [32mBuilding CXX object CMakeFiles/roverrobotics_driver.dir/library/librover/src/protocol_mini_2wd_serial.cpp.o[0m
[1.331s] [ 91%] [32mBuilding CXX object CMakeFiles/roverrobotics_driver.dir/library/librover/src/differential_robot.cpp.o[0m
[1.906s] [01m[K/home/lab/Mani/roverrobotics_ros2/roverrobotics_driver/library/librover/src/vesc.cpp:[m[K In member function ‘[01m[Kvesc::vescChannelStatus vesc::BridgedVescArray::parseReceivedMessage(std::vector<unsigned char>)[m[K’:
[1.906s] [01m[K/home/lab/Mani/roverrobotics_ros2/roverrobotics_driver/library/librover/src/vesc.cpp:76:5:[m[K [01;35m[Kwarning: [m[Kcontrol reaches end of non-void function [[01;35m[K]8;;https://gcc.gnu.org/onlinedocs/gcc/Warning-Options.html#index-Wreturn-type-Wreturn-type]8;;[m[K]
[1.906s]    76 |     [01;35m[K}[m[K
[1.907s]       |     [01;35m[K^[m[K
[14.414s] [100%] [32m[1mLinking CXX executable roverrobotics_driver[0m
[15.308s] [100%] Built target roverrobotics_driver
[15.318s] Invoked command in '/home/lab/Mani/roverrobotics_ros2/build/roverrobotics_driver' returned '0': CMAKE_PREFIX_PATH=/opt/ros/humble /usr/local/bin/cmake --build /home/lab/Mani/roverrobotics_ros2/build/roverrobotics_driver -- -j16 -l16
[15.318s] Invoking command in '/home/lab/Mani/roverrobotics_ros2/build/roverrobotics_driver': CMAKE_PREFIX_PATH=/opt/ros/humble /usr/local/bin/cmake --install /home/lab/Mani/roverrobotics_ros2/build/roverrobotics_driver
[15.320s] -- Install configuration: ""
[15.320s] -- Installing: /home/lab/Mani/roverrobotics_ros2/install/roverrobotics_driver/share/roverrobotics_driver/launch
[15.320s] -- Installing: /home/lab/Mani/roverrobotics_ros2/install/roverrobotics_driver/share/roverrobotics_driver/launch/ps5_controller.launch.py
[15.320s] -- Installing: /home/lab/Mani/roverrobotics_ros2/install/roverrobotics_driver/share/roverrobotics_driver/launch/max.launch.py
[15.320s] -- Installing: /home/lab/Mani/roverrobotics_ros2/install/roverrobotics_driver/share/roverrobotics_driver/launch/pro.launch.py
[15.320s] -- Installing: /home/lab/Mani/roverrobotics_ros2/install/roverrobotics_driver/share/roverrobotics_driver/launch/outdoor_navigation_launch.py
[15.320s] -- Installing: /home/lab/Mani/roverrobotics_ros2/install/roverrobotics_driver/share/roverrobotics_driver/launch/zero.launch.py
[15.320s] -- Installing: /home/lab/Mani/roverrobotics_ros2/install/roverrobotics_driver/share/roverrobotics_driver/launch/miti_teleop.launch.py
[15.320s] -- Installing: /home/lab/Mani/roverrobotics_ros2/install/roverrobotics_driver/share/roverrobotics_driver/launch/mini_teleop.launch.py
[15.321s] -- Installing: /home/lab/Mani/roverrobotics_ros2/install/roverrobotics_driver/share/roverrobotics_driver/launch/mega.launch.py
[15.321s] -- Installing: /home/lab/Mani/roverrobotics_ros2/install/roverrobotics_driver/share/roverrobotics_driver/launch/zero_teleop.launch.py
[15.321s] -- Installing: /home/lab/Mani/roverrobotics_ros2/install/roverrobotics_driver/share/roverrobotics_driver/launch/mini.launch.py
[15.321s] -- Installing: /home/lab/Mani/roverrobotics_ros2/install/roverrobotics_driver/share/roverrobotics_driver/launch/navigation_launch.py
[15.321s] -- Installing: /home/lab/Mani/roverrobotics_ros2/install/roverrobotics_driver/share/roverrobotics_driver/launch/robot_localizer.launch.py
[15.321s] -- Installing: /home/lab/Mani/roverrobotics_ros2/install/roverrobotics_driver/share/roverrobotics_driver/launch/miti.launch.py
[15.321s] -- Installing: /home/lab/Mani/roverrobotics_ros2/install/roverrobotics_driver/share/roverrobotics_driver/launch/mega_teleop.launch.py
[15.321s] -- Installing: /home/lab/Mani/roverrobotics_ros2/install/roverrobotics_driver/share/roverrobotics_driver/launch/mini_2wd.launch.py
[15.321s] -- Installing: /home/lab/Mani/roverrobotics_ros2/install/roverrobotics_driver/share/roverrobotics_driver/launch/ps4_controller.launch.py
[15.321s] -- Installing: /home/lab/Mani/roverrobotics_ros2/install/roverrobotics_driver/share/roverrobotics_driver/launch/slam_launch.py
[15.321s] -- Installing: /home/lab/Mani/roverrobotics_ros2/install/roverrobotics_driver/share/roverrobotics_driver/launch/miti_65_teleop.launch.py
[15.321s] -- Installing: /home/lab/Mani/roverrobotics_ros2/install/roverrobotics_driver/share/roverrobotics_driver/launch/mini_2wd_teleop.launch.py
[15.321s] -- Installing: /home/lab/Mani/roverrobotics_ros2/install/roverrobotics_driver/share/roverrobotics_driver/launch/max_teleop.launch.py
[15.321s] -- Installing: /home/lab/Mani/roverrobotics_ros2/install/roverrobotics_driver/share/roverrobotics_driver/launch/accessories.launch.py
[15.321s] -- Installing: /home/lab/Mani/roverrobotics_ros2/install/roverrobotics_driver/share/roverrobotics_driver/launch/robot_localizer_outdoor.launch.py
[15.321s] -- Installing: /home/lab/Mani/roverrobotics_ros2/install/roverrobotics_driver/share/roverrobotics_driver/launch/miti_65.launch.py
[15.321s] -- Installing: /home/lab/Mani/roverrobotics_ros2/install/roverrobotics_driver/share/roverrobotics_driver/launch/nav2_backend.py
[15.321s] -- Installing: /home/lab/Mani/roverrobotics_ros2/install/roverrobotics_driver/share/roverrobotics_driver/launch/pro_teleop.launch.py
[15.321s] -- Installing: /home/lab/Mani/roverrobotics_ros2/install/roverrobotics_driver/share/roverrobotics_driver/config
[15.321s] -- Installing: /home/lab/Mani/roverrobotics_ros2/install/roverrobotics_driver/share/roverrobotics_driver/config/localization_outdoor_ekf.yaml
[15.321s] -- Installing: /home/lab/Mani/roverrobotics_ros2/install/roverrobotics_driver/share/roverrobotics_driver/config/rviz_configs
[15.321s] -- Installing: /home/lab/Mani/roverrobotics_ros2/install/roverrobotics_driver/share/roverrobotics_driver/config/rviz_configs/nav2_default_view.rviz
[15.321s] -- Installing: /home/lab/Mani/roverrobotics_ros2/install/roverrobotics_driver/share/roverrobotics_driver/config/rviz_configs/realsense_rviz_layout.rviz
[15.322s] -- Installing: /home/lab/Mani/roverrobotics_ros2/install/roverrobotics_driver/share/roverrobotics_driver/config/rviz_configs/slam_rviz_layout.rviz
[15.322s] -- Installing: /home/lab/Mani/roverrobotics_ros2/install/roverrobotics_driver/share/roverrobotics_driver/config/max_150_config.yaml
[15.322s] -- Installing: /home/lab/Mani/roverrobotics_ros2/install/roverrobotics_driver/share/roverrobotics_driver/config/pro_config.yaml
[15.322s] -- Installing: /home/lab/Mani/roverrobotics_ros2/install/roverrobotics_driver/share/roverrobotics_driver/config/mini_2wd_config.yaml
[15.322s] -- Installing: /home/lab/Mani/roverrobotics_ros2/install/roverrobotics_driver/share/roverrobotics_driver/config/miti_config.yaml
[15.322s] -- Installing: /home/lab/Mani/roverrobotics_ros2/install/roverrobotics_driver/share/roverrobotics_driver/config/localization_ekf.yaml
[15.322s] -- Installing: /home/lab/Mani/roverrobotics_ros2/install/roverrobotics_driver/share/roverrobotics_driver/config/miti_65_config.yaml
[15.322s] -- Installing: /home/lab/Mani/roverrobotics_ros2/install/roverrobotics_driver/share/roverrobotics_driver/config/ps5_controller_config_jp6.yaml
[15.322s] -- Installing: /home/lab/Mani/roverrobotics_ros2/install/roverrobotics_driver/share/roverrobotics_driver/config/max_100_config.yaml
[15.322s] -- Installing: /home/lab/Mani/roverrobotics_ros2/install/roverrobotics_driver/share/roverrobotics_driver/config/ps4_controller_config_jp6.yaml
[15.322s] -- Installing: /home/lab/Mani/roverrobotics_ros2/install/roverrobotics_driver/share/roverrobotics_driver/config/max_65_config.yaml
[15.322s] -- Installing: /home/lab/Mani/roverrobotics_ros2/install/roverrobotics_driver/share/roverrobotics_driver/config/mini_config.yaml
[15.322s] -- Installing: /home/lab/Mani/roverrobotics_ros2/install/roverrobotics_driver/share/roverrobotics_driver/config/topics.yaml
[15.322s] -- Installing: /home/lab/Mani/roverrobotics_ros2/install/roverrobotics_driver/share/roverrobotics_driver/config/mega_config.yaml
[15.322s] -- Installing: /home/lab/Mani/roverrobotics_ros2/install/roverrobotics_driver/share/roverrobotics_driver/config/max_130_config.yaml
[15.322s] -- Installing: /home/lab/Mani/roverrobotics_ros2/install/roverrobotics_driver/share/roverrobotics_driver/config/nav2_params.yaml
[15.322s] -- Installing: /home/lab/Mani/roverrobotics_ros2/install/roverrobotics_driver/share/roverrobotics_driver/config/slam_configs
[15.322s] -- Installing: /home/lab/Mani/roverrobotics_ros2/install/roverrobotics_driver/share/roverrobotics_driver/config/slam_configs/mapper_params_offline.yaml
[15.322s] -- Installing: /home/lab/Mani/roverrobotics_ros2/install/roverrobotics_driver/share/roverrobotics_driver/config/slam_configs/mapper_params_online_async.yaml
[15.322s] -- Installing: /home/lab/Mani/roverrobotics_ros2/install/roverrobotics_driver/share/roverrobotics_driver/config/slam_configs/mapper_params_lifelong.yaml
[15.322s] -- Installing: /home/lab/Mani/roverrobotics_ros2/install/roverrobotics_driver/share/roverrobotics_driver/config/slam_configs/mapper_params_localization.yaml
[15.322s] -- Installing: /home/lab/Mani/roverrobotics_ros2/install/roverrobotics_driver/share/roverrobotics_driver/config/slam_configs/mapper_params_online_sync.yaml
[15.322s] -- Installing: /home/lab/Mani/roverrobotics_ros2/install/roverrobotics_driver/share/roverrobotics_driver/config/ps5_controller_config.yaml
[15.322s] -- Installing: /home/lab/Mani/roverrobotics_ros2/install/roverrobotics_driver/share/roverrobotics_driver/config/realsense_config.yaml
[15.322s] -- Installing: /home/lab/Mani/roverrobotics_ros2/install/roverrobotics_driver/share/roverrobotics_driver/config/ps4_controller_config.yaml
[15.322s] -- Installing: /home/lab/Mani/roverrobotics_ros2/install/roverrobotics_driver/share/roverrobotics_driver/config/accessories.yaml
[15.322s] -- Installing: /home/lab/Mani/roverrobotics_ros2/install/roverrobotics_driver/share/roverrobotics_driver/config/zero_config.yaml
[15.322s] -- Installing: /home/lab/Mani/roverrobotics_ros2/install/roverrobotics_driver/share/roverrobotics_driver/maps
[15.322s] -- Installing: /home/lab/Mani/roverrobotics_ros2/install/roverrobotics_driver/share/roverrobotics_driver/maps/maze_map.data
[15.329s] -- Installing: /home/lab/Mani/roverrobotics_ros2/install/roverrobotics_driver/share/roverrobotics_driver/maps/maze_map.pgm
[15.329s] -- Installing: /home/lab/Mani/roverrobotics_ros2/install/roverrobotics_driver/share/roverrobotics_driver/maps/maze_map.posegraph
[15.342s] -- Installing: /home/lab/Mani/roverrobotics_ros2/install/roverrobotics_driver/share/roverrobotics_driver/maps/maze_map.yaml
[15.342s] -- Installing: /home/lab/Mani/roverrobotics_ros2/install/roverrobotics_driver/lib/roverrobotics_driver/roverrobotics_driver
[15.356s] -- Set runtime path of "/home/lab/Mani/roverrobotics_ros2/install/roverrobotics_driver/lib/roverrobotics_driver/roverrobotics_driver" to ""
[15.356s] -- Installing: /home/lab/Mani/roverrobotics_ros2/install/roverrobotics_driver/share/ament_index/resource_index/package_run_dependencies/roverrobotics_driver
[15.356s] -- Installing: /home/lab/Mani/roverrobotics_ros2/install/roverrobotics_driver/share/ament_index/resource_index/parent_prefix_path/roverrobotics_driver
[15.356s] -- Installing: /home/lab/Mani/roverrobotics_ros2/install/roverrobotics_driver/share/roverrobotics_driver/environment/ament_prefix_path.sh
[15.356s] -- Installing: /home/lab/Mani/roverrobotics_ros2/install/roverrobotics_driver/share/roverrobotics_driver/environment/ament_prefix_path.dsv
[15.356s] -- Installing: /home/lab/Mani/roverrobotics_ros2/install/roverrobotics_driver/share/roverrobotics_driver/environment/path.sh
[15.356s] -- Installing: /home/lab/Mani/roverrobotics_ros2/install/roverrobotics_driver/share/roverrobotics_driver/environment/path.dsv
[15.356s] -- Installing: /home/lab/Mani/roverrobotics_ros2/install/roverrobotics_driver/share/roverrobotics_driver/local_setup.bash
[15.356s] -- Installing: /home/lab/Mani/roverrobotics_ros2/install/roverrobotics_driver/share/roverrobotics_driver/local_setup.sh
[15.356s] -- Installing: /home/lab/Mani/roverrobotics_ros2/install/roverrobotics_driver/share/roverrobotics_driver/local_setup.zsh
[15.356s] -- Installing: /home/lab/Mani/roverrobotics_ros2/install/roverrobotics_driver/share/roverrobotics_driver/local_setup.dsv
[15.356s] -- Installing: /home/lab/Mani/roverrobotics_ros2/install/roverrobotics_driver/share/roverrobotics_driver/package.dsv
[15.356s] -- Installing: /home/lab/Mani/roverrobotics_ros2/install/roverrobotics_driver/share/ament_index/resource_index/packages/roverrobotics_driver
[15.356s] -- Installing: /home/lab/Mani/roverrobotics_ros2/install/roverrobotics_driver/share/roverrobotics_driver/cmake/roverrobotics_driverConfig.cmake
[15.356s] -- Installing: /home/lab/Mani/roverrobotics_ros2/install/roverrobotics_driver/share/roverrobotics_driver/cmake/roverrobotics_driverConfig-version.cmake
[15.356s] -- Installing: /home/lab/Mani/roverrobotics_ros2/install/roverrobotics_driver/share/roverrobotics_driver/package.xml
[15.358s] Invoked command in '/home/lab/Mani/roverrobotics_ros2/build/roverrobotics_driver' returned '0': CMAKE_PREFIX_PATH=/opt/ros/humble /usr/local/bin/cmake --install /home/lab/Mani/roverrobotics_ros2/build/roverrobotics_driver
