[0.149s] DEBUG:colcon:Command line arguments: ['/usr/bin/colcon', 'build']
[0.149s] DEBUG:colcon:Parsed command line arguments: Namespace(log_base=None, log_level=None, verb_name='build', build_base='build', install_base='install', merge_install=False, symlink_install=False, test_result_base=None, continue_on_error=False, executor='parallel', parallel_workers=16, event_handlers=None, ignore_user_meta=False, metas=['./colcon.meta'], base_paths=['.'], packages_ignore=None, packages_ignore_regex=None, paths=None, packages_up_to=None, packages_up_to_regex=None, packages_above=None, packages_above_and_dependencies=None, packages_above_depth=None, packages_select_by_dep=None, packages_skip_by_dep=None, packages_skip_up_to=None, packages_select_build_failed=False, packages_skip_build_finished=False, packages_select_test_failures=False, packages_skip_test_passed=False, packages_select=None, packages_skip=None, packages_select_regex=None, packages_skip_regex=None, packages_start=None, packages_end=None, allow_overriding=[], cmake_args=None, cmake_target=None, cmake_target_skip_unavailable=False, cmake_clean_cache=False, cmake_clean_first=False, cmake_force_configure=False, ament_cmake_args=None, catkin_cmake_args=None, catkin_skip_building_tests=False, mixin_files=None, mixin=None, verb_parser=<colcon_mixin.mixin.mixin_argument.MixinArgumentDecorator object at 0x795f85dc2260>, verb_extension=<colcon_core.verb.build.BuildVerb object at 0x795f85dc2140>, main=<bound method BuildVerb.main of <colcon_core.verb.build.BuildVerb object at 0x795f85dc2140>>, mixin_verb=('build',))
[0.183s] Level 1:colcon.colcon_core.package_discovery:discover_packages(colcon_meta) check parameters
[0.183s] Level 1:colcon.colcon_core.package_discovery:discover_packages(recursive) check parameters
[0.183s] Level 1:colcon.colcon_core.package_discovery:discover_packages(ignore) check parameters
[0.183s] Level 1:colcon.colcon_core.package_discovery:discover_packages(path) check parameters
[0.183s] Level 1:colcon.colcon_core.package_discovery:discover_packages(colcon_meta) discover
[0.183s] Level 1:colcon.colcon_core.package_discovery:discover_packages(recursive) discover
[0.183s] INFO:colcon.colcon_core.package_discovery:Crawling recursively for packages in '/home/lab/Mani/roverrobotics_ros2'
[0.183s] Level 1:colcon.colcon_core.package_identification:_identify(.) by extensions ['ignore', 'ignore_ament_install']
[0.183s] Level 1:colcon.colcon_core.package_identification:_identify(.) by extension 'ignore'
[0.183s] Level 1:colcon.colcon_core.package_identification:_identify(.) by extension 'ignore_ament_install'
[0.183s] Level 1:colcon.colcon_core.package_identification:_identify(.) by extensions ['colcon_pkg']
[0.183s] Level 1:colcon.colcon_core.package_identification:_identify(.) by extension 'colcon_pkg'
[0.183s] Level 1:colcon.colcon_core.package_identification:_identify(.) by extensions ['colcon_meta']
[0.183s] Level 1:colcon.colcon_core.package_identification:_identify(.) by extension 'colcon_meta'
[0.183s] Level 1:colcon.colcon_core.package_identification:_identify(.) by extensions ['ros']
[0.183s] Level 1:colcon.colcon_core.package_identification:_identify(.) by extension 'ros'
[0.194s] Level 1:colcon.colcon_core.package_identification:_identify(.) by extensions ['cmake', 'python']
[0.194s] Level 1:colcon.colcon_core.package_identification:_identify(.) by extension 'cmake'
[0.194s] Level 1:colcon.colcon_core.package_identification:_identify(.) by extension 'python'
[0.194s] Level 1:colcon.colcon_core.package_identification:_identify(.) by extensions ['python_setup_py']
[0.194s] Level 1:colcon.colcon_core.package_identification:_identify(.) by extension 'python_setup_py'
[0.194s] Level 1:colcon.colcon_core.package_identification:_identify(build) by extensions ['ignore', 'ignore_ament_install']
[0.194s] Level 1:colcon.colcon_core.package_identification:_identify(build) by extension 'ignore'
[0.194s] Level 1:colcon.colcon_core.package_identification:_identify(build) ignored
[0.194s] Level 1:colcon.colcon_core.package_identification:_identify(install) by extensions ['ignore', 'ignore_ament_install']
[0.194s] Level 1:colcon.colcon_core.package_identification:_identify(install) by extension 'ignore'
[0.194s] Level 1:colcon.colcon_core.package_identification:_identify(install) ignored
[0.194s] Level 1:colcon.colcon_core.package_identification:_identify(log) by extensions ['ignore', 'ignore_ament_install']
[0.194s] Level 1:colcon.colcon_core.package_identification:_identify(log) by extension 'ignore'
[0.194s] Level 1:colcon.colcon_core.package_identification:_identify(log) ignored
[0.194s] Level 1:colcon.colcon_core.package_identification:_identify(roverrobotics_description) by extensions ['ignore', 'ignore_ament_install']
[0.194s] Level 1:colcon.colcon_core.package_identification:_identify(roverrobotics_description) by extension 'ignore'
[0.194s] Level 1:colcon.colcon_core.package_identification:_identify(roverrobotics_description) by extension 'ignore_ament_install'
[0.194s] Level 1:colcon.colcon_core.package_identification:_identify(roverrobotics_description) by extensions ['colcon_pkg']
[0.194s] Level 1:colcon.colcon_core.package_identification:_identify(roverrobotics_description) by extension 'colcon_pkg'
[0.194s] Level 1:colcon.colcon_core.package_identification:_identify(roverrobotics_description) by extensions ['colcon_meta']
[0.194s] Level 1:colcon.colcon_core.package_identification:_identify(roverrobotics_description) by extension 'colcon_meta'
[0.194s] Level 1:colcon.colcon_core.package_identification:_identify(roverrobotics_description) by extensions ['ros']
[0.194s] Level 1:colcon.colcon_core.package_identification:_identify(roverrobotics_description) by extension 'ros'
[0.196s] DEBUG:colcon.colcon_core.package_identification:Package 'roverrobotics_description' with type 'ros.ament_cmake' and name 'roverrobotics_description'
[0.196s] Level 1:colcon.colcon_core.package_identification:_identify(roverrobotics_driver) by extensions ['ignore', 'ignore_ament_install']
[0.196s] Level 1:colcon.colcon_core.package_identification:_identify(roverrobotics_driver) by extension 'ignore'
[0.196s] Level 1:colcon.colcon_core.package_identification:_identify(roverrobotics_driver) by extension 'ignore_ament_install'
[0.196s] Level 1:colcon.colcon_core.package_identification:_identify(roverrobotics_driver) by extensions ['colcon_pkg']
[0.196s] Level 1:colcon.colcon_core.package_identification:_identify(roverrobotics_driver) by extension 'colcon_pkg'
[0.196s] Level 1:colcon.colcon_core.package_identification:_identify(roverrobotics_driver) by extensions ['colcon_meta']
[0.196s] Level 1:colcon.colcon_core.package_identification:_identify(roverrobotics_driver) by extension 'colcon_meta'
[0.196s] Level 1:colcon.colcon_core.package_identification:_identify(roverrobotics_driver) by extensions ['ros']
[0.196s] Level 1:colcon.colcon_core.package_identification:_identify(roverrobotics_driver) by extension 'ros'
[0.197s] DEBUG:colcon.colcon_core.package_identification:Package 'roverrobotics_driver' with type 'ros.ament_cmake' and name 'roverrobotics_driver'
[0.197s] Level 1:colcon.colcon_core.package_identification:_identify(roverrobotics_gazebo) by extensions ['ignore', 'ignore_ament_install']
[0.197s] Level 1:colcon.colcon_core.package_identification:_identify(roverrobotics_gazebo) by extension 'ignore'
[0.197s] Level 1:colcon.colcon_core.package_identification:_identify(roverrobotics_gazebo) by extension 'ignore_ament_install'
[0.197s] Level 1:colcon.colcon_core.package_identification:_identify(roverrobotics_gazebo) by extensions ['colcon_pkg']
[0.197s] Level 1:colcon.colcon_core.package_identification:_identify(roverrobotics_gazebo) by extension 'colcon_pkg'
[0.197s] Level 1:colcon.colcon_core.package_identification:_identify(roverrobotics_gazebo) by extensions ['colcon_meta']
[0.197s] Level 1:colcon.colcon_core.package_identification:_identify(roverrobotics_gazebo) by extension 'colcon_meta'
[0.197s] Level 1:colcon.colcon_core.package_identification:_identify(roverrobotics_gazebo) by extensions ['ros']
[0.197s] Level 1:colcon.colcon_core.package_identification:_identify(roverrobotics_gazebo) by extension 'ros'
[0.198s] DEBUG:colcon.colcon_core.package_identification:Package 'roverrobotics_gazebo' with type 'ros.ament_cmake' and name 'roverrobotics_gazebo'
[0.198s] Level 1:colcon.colcon_core.package_identification:_identify(roverrobotics_input_manager) by extensions ['ignore', 'ignore_ament_install']
[0.198s] Level 1:colcon.colcon_core.package_identification:_identify(roverrobotics_input_manager) by extension 'ignore'
[0.198s] Level 1:colcon.colcon_core.package_identification:_identify(roverrobotics_input_manager) by extension 'ignore_ament_install'
[0.198s] Level 1:colcon.colcon_core.package_identification:_identify(roverrobotics_input_manager) by extensions ['colcon_pkg']
[0.198s] Level 1:colcon.colcon_core.package_identification:_identify(roverrobotics_input_manager) by extension 'colcon_pkg'
[0.198s] Level 1:colcon.colcon_core.package_identification:_identify(roverrobotics_input_manager) by extensions ['colcon_meta']
[0.198s] Level 1:colcon.colcon_core.package_identification:_identify(roverrobotics_input_manager) by extension 'colcon_meta'
[0.198s] Level 1:colcon.colcon_core.package_identification:_identify(roverrobotics_input_manager) by extensions ['ros']
[0.198s] Level 1:colcon.colcon_core.package_identification:_identify(roverrobotics_input_manager) by extension 'ros'
[0.199s] DEBUG:colcon.colcon_core.package_identification:Package 'roverrobotics_input_manager' with type 'ros.ament_cmake' and name 'roverrobotics_input_manager'
[0.199s] Level 1:colcon.colcon_core.package_discovery:discover_packages(recursive) using defaults
[0.199s] Level 1:colcon.colcon_core.package_discovery:discover_packages(ignore) discover
[0.199s] Level 1:colcon.colcon_core.package_discovery:discover_packages(ignore) using defaults
[0.199s] Level 1:colcon.colcon_core.package_discovery:discover_packages(path) discover
[0.199s] Level 1:colcon.colcon_core.package_discovery:discover_packages(path) using defaults
[0.216s] Level 1:colcon.colcon_core.package_discovery:discover_packages(prefix_path) check parameters
[0.216s] Level 1:colcon.colcon_core.package_discovery:discover_packages(prefix_path) discover
[0.219s] DEBUG:colcon.colcon_installed_package_information.package_discovery:Found 4 installed packages in /home/lab/Mani/roverrobotics_ros2/install
[0.220s] DEBUG:colcon.colcon_installed_package_information.package_discovery:Found 394 installed packages in /opt/ros/humble
[0.221s] Level 1:colcon.colcon_core.package_discovery:discover_packages(prefix_path) using defaults
[0.255s] Level 5:colcon.colcon_core.verb:set package 'roverrobotics_description' build argument 'cmake_args' from command line to 'None'
[0.255s] Level 5:colcon.colcon_core.verb:set package 'roverrobotics_description' build argument 'cmake_target' from command line to 'None'
[0.255s] Level 5:colcon.colcon_core.verb:set package 'roverrobotics_description' build argument 'cmake_target_skip_unavailable' from command line to 'False'
[0.255s] Level 5:colcon.colcon_core.verb:set package 'roverrobotics_description' build argument 'cmake_clean_cache' from command line to 'False'
[0.255s] Level 5:colcon.colcon_core.verb:set package 'roverrobotics_description' build argument 'cmake_clean_first' from command line to 'False'
[0.255s] Level 5:colcon.colcon_core.verb:set package 'roverrobotics_description' build argument 'cmake_force_configure' from command line to 'False'
[0.255s] Level 5:colcon.colcon_core.verb:set package 'roverrobotics_description' build argument 'ament_cmake_args' from command line to 'None'
[0.255s] Level 5:colcon.colcon_core.verb:set package 'roverrobotics_description' build argument 'catkin_cmake_args' from command line to 'None'
[0.255s] Level 5:colcon.colcon_core.verb:set package 'roverrobotics_description' build argument 'catkin_skip_building_tests' from command line to 'False'
[0.255s] DEBUG:colcon.colcon_core.verb:Building package 'roverrobotics_description' with the following arguments: {'ament_cmake_args': None, 'build_base': '/home/lab/Mani/roverrobotics_ros2/build/roverrobotics_description', 'catkin_cmake_args': None, 'catkin_skip_building_tests': False, 'cmake_args': None, 'cmake_clean_cache': False, 'cmake_clean_first': False, 'cmake_force_configure': False, 'cmake_target': None, 'cmake_target_skip_unavailable': False, 'install_base': '/home/lab/Mani/roverrobotics_ros2/install/roverrobotics_description', 'merge_install': False, 'path': '/home/lab/Mani/roverrobotics_ros2/roverrobotics_description', 'symlink_install': False, 'test_result_base': None}
[0.255s] Level 5:colcon.colcon_core.verb:set package 'roverrobotics_driver' build argument 'cmake_args' from command line to 'None'
[0.255s] Level 5:colcon.colcon_core.verb:set package 'roverrobotics_driver' build argument 'cmake_target' from command line to 'None'
[0.255s] Level 5:colcon.colcon_core.verb:set package 'roverrobotics_driver' build argument 'cmake_target_skip_unavailable' from command line to 'False'
[0.255s] Level 5:colcon.colcon_core.verb:set package 'roverrobotics_driver' build argument 'cmake_clean_cache' from command line to 'False'
[0.255s] Level 5:colcon.colcon_core.verb:set package 'roverrobotics_driver' build argument 'cmake_clean_first' from command line to 'False'
[0.255s] Level 5:colcon.colcon_core.verb:set package 'roverrobotics_driver' build argument 'cmake_force_configure' from command line to 'False'
[0.255s] Level 5:colcon.colcon_core.verb:set package 'roverrobotics_driver' build argument 'ament_cmake_args' from command line to 'None'
[0.255s] Level 5:colcon.colcon_core.verb:set package 'roverrobotics_driver' build argument 'catkin_cmake_args' from command line to 'None'
[0.255s] Level 5:colcon.colcon_core.verb:set package 'roverrobotics_driver' build argument 'catkin_skip_building_tests' from command line to 'False'
[0.255s] DEBUG:colcon.colcon_core.verb:Building package 'roverrobotics_driver' with the following arguments: {'ament_cmake_args': None, 'build_base': '/home/lab/Mani/roverrobotics_ros2/build/roverrobotics_driver', 'catkin_cmake_args': None, 'catkin_skip_building_tests': False, 'cmake_args': None, 'cmake_clean_cache': False, 'cmake_clean_first': False, 'cmake_force_configure': False, 'cmake_target': None, 'cmake_target_skip_unavailable': False, 'install_base': '/home/lab/Mani/roverrobotics_ros2/install/roverrobotics_driver', 'merge_install': False, 'path': '/home/lab/Mani/roverrobotics_ros2/roverrobotics_driver', 'symlink_install': False, 'test_result_base': None}
[0.255s] Level 5:colcon.colcon_core.verb:set package 'roverrobotics_input_manager' build argument 'cmake_args' from command line to 'None'
[0.255s] Level 5:colcon.colcon_core.verb:set package 'roverrobotics_input_manager' build argument 'cmake_target' from command line to 'None'
[0.255s] Level 5:colcon.colcon_core.verb:set package 'roverrobotics_input_manager' build argument 'cmake_target_skip_unavailable' from command line to 'False'
[0.255s] Level 5:colcon.colcon_core.verb:set package 'roverrobotics_input_manager' build argument 'cmake_clean_cache' from command line to 'False'
[0.256s] Level 5:colcon.colcon_core.verb:set package 'roverrobotics_input_manager' build argument 'cmake_clean_first' from command line to 'False'
[0.256s] Level 5:colcon.colcon_core.verb:set package 'roverrobotics_input_manager' build argument 'cmake_force_configure' from command line to 'False'
[0.256s] Level 5:colcon.colcon_core.verb:set package 'roverrobotics_input_manager' build argument 'ament_cmake_args' from command line to 'None'
[0.256s] Level 5:colcon.colcon_core.verb:set package 'roverrobotics_input_manager' build argument 'catkin_cmake_args' from command line to 'None'
[0.256s] Level 5:colcon.colcon_core.verb:set package 'roverrobotics_input_manager' build argument 'catkin_skip_building_tests' from command line to 'False'
[0.256s] DEBUG:colcon.colcon_core.verb:Building package 'roverrobotics_input_manager' with the following arguments: {'ament_cmake_args': None, 'build_base': '/home/lab/Mani/roverrobotics_ros2/build/roverrobotics_input_manager', 'catkin_cmake_args': None, 'catkin_skip_building_tests': False, 'cmake_args': None, 'cmake_clean_cache': False, 'cmake_clean_first': False, 'cmake_force_configure': False, 'cmake_target': None, 'cmake_target_skip_unavailable': False, 'install_base': '/home/lab/Mani/roverrobotics_ros2/install/roverrobotics_input_manager', 'merge_install': False, 'path': '/home/lab/Mani/roverrobotics_ros2/roverrobotics_input_manager', 'symlink_install': False, 'test_result_base': None}
[0.256s] Level 5:colcon.colcon_core.verb:set package 'roverrobotics_gazebo' build argument 'cmake_args' from command line to 'None'
[0.256s] Level 5:colcon.colcon_core.verb:set package 'roverrobotics_gazebo' build argument 'cmake_target' from command line to 'None'
[0.256s] Level 5:colcon.colcon_core.verb:set package 'roverrobotics_gazebo' build argument 'cmake_target_skip_unavailable' from command line to 'False'
[0.256s] Level 5:colcon.colcon_core.verb:set package 'roverrobotics_gazebo' build argument 'cmake_clean_cache' from command line to 'False'
[0.256s] Level 5:colcon.colcon_core.verb:set package 'roverrobotics_gazebo' build argument 'cmake_clean_first' from command line to 'False'
[0.256s] Level 5:colcon.colcon_core.verb:set package 'roverrobotics_gazebo' build argument 'cmake_force_configure' from command line to 'False'
[0.256s] Level 5:colcon.colcon_core.verb:set package 'roverrobotics_gazebo' build argument 'ament_cmake_args' from command line to 'None'
[0.256s] Level 5:colcon.colcon_core.verb:set package 'roverrobotics_gazebo' build argument 'catkin_cmake_args' from command line to 'None'
[0.256s] Level 5:colcon.colcon_core.verb:set package 'roverrobotics_gazebo' build argument 'catkin_skip_building_tests' from command line to 'False'
[0.256s] DEBUG:colcon.colcon_core.verb:Building package 'roverrobotics_gazebo' with the following arguments: {'ament_cmake_args': None, 'build_base': '/home/lab/Mani/roverrobotics_ros2/build/roverrobotics_gazebo', 'catkin_cmake_args': None, 'catkin_skip_building_tests': False, 'cmake_args': None, 'cmake_clean_cache': False, 'cmake_clean_first': False, 'cmake_force_configure': False, 'cmake_target': None, 'cmake_target_skip_unavailable': False, 'install_base': '/home/lab/Mani/roverrobotics_ros2/install/roverrobotics_gazebo', 'merge_install': False, 'path': '/home/lab/Mani/roverrobotics_ros2/roverrobotics_gazebo', 'symlink_install': False, 'test_result_base': None}
[0.256s] INFO:colcon.colcon_core.executor:Executing jobs using 'parallel' executor
[0.257s] DEBUG:colcon.colcon_parallel_executor.executor.parallel:run_until_complete
[0.257s] INFO:colcon.colcon_ros.task.ament_cmake.build:Building ROS package in '/home/lab/Mani/roverrobotics_ros2/roverrobotics_description' with build type 'ament_cmake'
[0.257s] INFO:colcon.colcon_cmake.task.cmake.build:Building CMake package in '/home/lab/Mani/roverrobotics_ros2/roverrobotics_description'
[0.262s] INFO:colcon.colcon_core.plugin_system:Skipping extension 'colcon_core.shell.bat': Not used on non-Windows systems
[0.262s] INFO:colcon.colcon_core.shell:Skip shell extension 'powershell' for command environment: Not usable outside of PowerShell
[0.262s] DEBUG:colcon.colcon_core.shell:Skip shell extension 'dsv' for command environment
[0.265s] INFO:colcon.colcon_ros.task.ament_cmake.build:Building ROS package in '/home/lab/Mani/roverrobotics_ros2/roverrobotics_driver' with build type 'ament_cmake'
[0.265s] INFO:colcon.colcon_cmake.task.cmake.build:Building CMake package in '/home/lab/Mani/roverrobotics_ros2/roverrobotics_driver'
[0.265s] INFO:colcon.colcon_core.shell:Skip shell extension 'powershell' for command environment: Not usable outside of PowerShell
[0.265s] DEBUG:colcon.colcon_core.shell:Skip shell extension 'dsv' for command environment
[0.268s] INFO:colcon.colcon_ros.task.ament_cmake.build:Building ROS package in '/home/lab/Mani/roverrobotics_ros2/roverrobotics_input_manager' with build type 'ament_cmake'
[0.269s] INFO:colcon.colcon_cmake.task.cmake.build:Building CMake package in '/home/lab/Mani/roverrobotics_ros2/roverrobotics_input_manager'
[0.269s] INFO:colcon.colcon_core.shell:Skip shell extension 'powershell' for command environment: Not usable outside of PowerShell
[0.269s] DEBUG:colcon.colcon_core.shell:Skip shell extension 'dsv' for command environment
[0.279s] DEBUG:colcon.colcon_core.event_handler.log_command:Invoking command in '/home/lab/Mani/roverrobotics_ros2/build/roverrobotics_description': CMAKE_PREFIX_PATH=${CMAKE_PREFIX_PATH}:/opt/ros/humble /usr/local/bin/cmake --build /home/lab/Mani/roverrobotics_ros2/build/roverrobotics_description -- -j16 -l16
[0.283s] DEBUG:colcon.colcon_core.event_handler.log_command:Invoking command in '/home/lab/Mani/roverrobotics_ros2/build/roverrobotics_driver': CMAKE_PREFIX_PATH=${CMAKE_PREFIX_PATH}:/opt/ros/humble /usr/local/bin/cmake --build /home/lab/Mani/roverrobotics_ros2/build/roverrobotics_driver -- -j16 -l16
[0.287s] DEBUG:colcon.colcon_core.event_handler.log_command:Invoking command in '/home/lab/Mani/roverrobotics_ros2/build/roverrobotics_input_manager': CMAKE_PREFIX_PATH=${CMAKE_PREFIX_PATH}:/opt/ros/humble /usr/local/bin/cmake --build /home/lab/Mani/roverrobotics_ros2/build/roverrobotics_input_manager -- -j16 -l16
[0.294s] DEBUG:colcon.colcon_core.event_handler.log_command:Invoked command in '/home/lab/Mani/roverrobotics_ros2/build/roverrobotics_description' returned '0': CMAKE_PREFIX_PATH=${CMAKE_PREFIX_PATH}:/opt/ros/humble /usr/local/bin/cmake --build /home/lab/Mani/roverrobotics_ros2/build/roverrobotics_description -- -j16 -l16
[0.298s] DEBUG:colcon.colcon_core.event_handler.log_command:Invoking command in '/home/lab/Mani/roverrobotics_ros2/build/roverrobotics_description': CMAKE_PREFIX_PATH=${CMAKE_PREFIX_PATH}:/opt/ros/humble /usr/local/bin/cmake --install /home/lab/Mani/roverrobotics_ros2/build/roverrobotics_description
[0.305s] DEBUG:colcon.colcon_core.event_handler.log_command:Invoked command in '/home/lab/Mani/roverrobotics_ros2/build/roverrobotics_input_manager' returned '0': CMAKE_PREFIX_PATH=${CMAKE_PREFIX_PATH}:/opt/ros/humble /usr/local/bin/cmake --build /home/lab/Mani/roverrobotics_ros2/build/roverrobotics_input_manager -- -j16 -l16
[0.309s] Level 1:colcon.colcon_core.environment:create_environment_scripts_only(roverrobotics_description)
[0.312s] DEBUG:colcon.colcon_core.event_handler.log_command:Invoking command in '/home/lab/Mani/roverrobotics_ros2/build/roverrobotics_input_manager': CMAKE_PREFIX_PATH=${CMAKE_PREFIX_PATH}:/opt/ros/humble /usr/local/bin/cmake --install /home/lab/Mani/roverrobotics_ros2/build/roverrobotics_input_manager
[0.312s] DEBUG:colcon.colcon_core.event_handler.log_command:Invoked command in '/home/lab/Mani/roverrobotics_ros2/build/roverrobotics_description' returned '0': CMAKE_PREFIX_PATH=${CMAKE_PREFIX_PATH}:/opt/ros/humble /usr/local/bin/cmake --install /home/lab/Mani/roverrobotics_ros2/build/roverrobotics_description
[0.318s] Level 1:colcon.colcon_core.environment:checking '/home/lab/Mani/roverrobotics_ros2/install/roverrobotics_description' for CMake module files
[0.318s] Level 1:colcon.colcon_core.environment:checking '/home/lab/Mani/roverrobotics_ros2/install/roverrobotics_description' for CMake config files
[0.318s] Level 1:colcon.colcon_core.shell:create_environment_hook('roverrobotics_description', 'cmake_prefix_path')
[0.319s] INFO:colcon.colcon_core.shell:Creating environment hook '/home/lab/Mani/roverrobotics_ros2/install/roverrobotics_description/share/roverrobotics_description/hook/cmake_prefix_path.ps1'
[0.319s] INFO:colcon.colcon_core.shell:Creating environment descriptor '/home/lab/Mani/roverrobotics_ros2/install/roverrobotics_description/share/roverrobotics_description/hook/cmake_prefix_path.dsv'
[0.329s] INFO:colcon.colcon_core.shell:Creating environment hook '/home/lab/Mani/roverrobotics_ros2/install/roverrobotics_description/share/roverrobotics_description/hook/cmake_prefix_path.sh'
[0.330s] Level 1:colcon.colcon_core.environment:checking '/home/lab/Mani/roverrobotics_ros2/install/roverrobotics_description/bin'
[0.330s] Level 1:colcon.colcon_core.environment:checking '/home/lab/Mani/roverrobotics_ros2/install/roverrobotics_description/lib/pkgconfig/roverrobotics_description.pc'
[0.330s] Level 1:colcon.colcon_core.environment:checking '/home/lab/Mani/roverrobotics_ros2/install/roverrobotics_description/lib/python3.10/site-packages'
[0.330s] Level 1:colcon.colcon_core.environment:checking '/home/lab/Mani/roverrobotics_ros2/install/roverrobotics_description/bin'
[0.330s] INFO:colcon.colcon_core.shell:Creating package script '/home/lab/Mani/roverrobotics_ros2/install/roverrobotics_description/share/roverrobotics_description/package.ps1'
[0.331s] INFO:colcon.colcon_core.shell:Creating package descriptor '/home/lab/Mani/roverrobotics_ros2/install/roverrobotics_description/share/roverrobotics_description/package.dsv'
[0.332s] INFO:colcon.colcon_core.shell:Creating package script '/home/lab/Mani/roverrobotics_ros2/install/roverrobotics_description/share/roverrobotics_description/package.sh'
[0.332s] INFO:colcon.colcon_core.shell:Creating package script '/home/lab/Mani/roverrobotics_ros2/install/roverrobotics_description/share/roverrobotics_description/package.bash'
[0.333s] INFO:colcon.colcon_core.shell:Creating package script '/home/lab/Mani/roverrobotics_ros2/install/roverrobotics_description/share/roverrobotics_description/package.zsh'
[0.333s] Level 1:colcon.colcon_core.environment:create_file_with_runtime_dependencies(/home/lab/Mani/roverrobotics_ros2/install/roverrobotics_description/share/colcon-core/packages/roverrobotics_description)
[0.334s] Level 1:colcon.colcon_core.environment:create_environment_scripts_only(roverrobotics_description)
[0.334s] Level 1:colcon.colcon_core.environment:checking '/home/lab/Mani/roverrobotics_ros2/install/roverrobotics_description' for CMake module files
[0.335s] Level 1:colcon.colcon_core.environment:checking '/home/lab/Mani/roverrobotics_ros2/install/roverrobotics_description' for CMake config files
[0.335s] Level 1:colcon.colcon_core.shell:create_environment_hook('roverrobotics_description', 'cmake_prefix_path')
[0.335s] INFO:colcon.colcon_core.shell:Creating environment hook '/home/lab/Mani/roverrobotics_ros2/install/roverrobotics_description/share/roverrobotics_description/hook/cmake_prefix_path.ps1'
[0.335s] INFO:colcon.colcon_core.shell:Creating environment descriptor '/home/lab/Mani/roverrobotics_ros2/install/roverrobotics_description/share/roverrobotics_description/hook/cmake_prefix_path.dsv'
[0.336s] INFO:colcon.colcon_core.shell:Creating environment hook '/home/lab/Mani/roverrobotics_ros2/install/roverrobotics_description/share/roverrobotics_description/hook/cmake_prefix_path.sh'
[0.336s] Level 1:colcon.colcon_core.environment:checking '/home/lab/Mani/roverrobotics_ros2/install/roverrobotics_description/bin'
[0.336s] Level 1:colcon.colcon_core.environment:checking '/home/lab/Mani/roverrobotics_ros2/install/roverrobotics_description/lib/pkgconfig/roverrobotics_description.pc'
[0.336s] Level 1:colcon.colcon_core.environment:checking '/home/lab/Mani/roverrobotics_ros2/install/roverrobotics_description/lib/python3.10/site-packages'
[0.337s] Level 1:colcon.colcon_core.environment:checking '/home/lab/Mani/roverrobotics_ros2/install/roverrobotics_description/bin'
[0.337s] INFO:colcon.colcon_core.shell:Creating package script '/home/lab/Mani/roverrobotics_ros2/install/roverrobotics_description/share/roverrobotics_description/package.ps1'
[0.337s] INFO:colcon.colcon_core.shell:Creating package descriptor '/home/lab/Mani/roverrobotics_ros2/install/roverrobotics_description/share/roverrobotics_description/package.dsv'
[0.338s] INFO:colcon.colcon_core.shell:Creating package script '/home/lab/Mani/roverrobotics_ros2/install/roverrobotics_description/share/roverrobotics_description/package.sh'
[0.338s] INFO:colcon.colcon_core.shell:Creating package script '/home/lab/Mani/roverrobotics_ros2/install/roverrobotics_description/share/roverrobotics_description/package.bash'
[0.339s] INFO:colcon.colcon_core.shell:Creating package script '/home/lab/Mani/roverrobotics_ros2/install/roverrobotics_description/share/roverrobotics_description/package.zsh'
[0.339s] Level 1:colcon.colcon_core.environment:create_file_with_runtime_dependencies(/home/lab/Mani/roverrobotics_ros2/install/roverrobotics_description/share/colcon-core/packages/roverrobotics_description)
[0.340s] INFO:colcon.colcon_ros.task.ament_cmake.build:Building ROS package in '/home/lab/Mani/roverrobotics_ros2/roverrobotics_gazebo' with build type 'ament_cmake'
[0.340s] INFO:colcon.colcon_cmake.task.cmake.build:Building CMake package in '/home/lab/Mani/roverrobotics_ros2/roverrobotics_gazebo'
[0.340s] INFO:colcon.colcon_core.shell:Skip shell extension 'powershell' for command environment: Not usable outside of PowerShell
[0.340s] DEBUG:colcon.colcon_core.shell:Skip shell extension 'dsv' for command environment
[0.344s] Level 1:colcon.colcon_core.environment:create_environment_scripts_only(roverrobotics_input_manager)
[0.345s] Level 1:colcon.colcon_core.environment:checking '/home/lab/Mani/roverrobotics_ros2/install/roverrobotics_input_manager' for CMake module files
[0.345s] DEBUG:colcon.colcon_core.event_handler.log_command:Invoked command in '/home/lab/Mani/roverrobotics_ros2/build/roverrobotics_input_manager' returned '0': CMAKE_PREFIX_PATH=${CMAKE_PREFIX_PATH}:/opt/ros/humble /usr/local/bin/cmake --install /home/lab/Mani/roverrobotics_ros2/build/roverrobotics_input_manager
[0.346s] Level 1:colcon.colcon_core.environment:checking '/home/lab/Mani/roverrobotics_ros2/install/roverrobotics_input_manager' for CMake config files
[0.346s] Level 1:colcon.colcon_core.shell:create_environment_hook('roverrobotics_input_manager', 'cmake_prefix_path')
[0.346s] INFO:colcon.colcon_core.shell:Creating environment hook '/home/lab/Mani/roverrobotics_ros2/install/roverrobotics_input_manager/share/roverrobotics_input_manager/hook/cmake_prefix_path.ps1'
[0.347s] INFO:colcon.colcon_core.shell:Creating environment descriptor '/home/lab/Mani/roverrobotics_ros2/install/roverrobotics_input_manager/share/roverrobotics_input_manager/hook/cmake_prefix_path.dsv'
[0.347s] INFO:colcon.colcon_core.shell:Creating environment hook '/home/lab/Mani/roverrobotics_ros2/install/roverrobotics_input_manager/share/roverrobotics_input_manager/hook/cmake_prefix_path.sh'
[0.347s] Level 1:colcon.colcon_core.environment:checking '/home/lab/Mani/roverrobotics_ros2/install/roverrobotics_input_manager/lib'
[0.348s] Level 1:colcon.colcon_core.environment:checking '/home/lab/Mani/roverrobotics_ros2/install/roverrobotics_input_manager/bin'
[0.348s] Level 1:colcon.colcon_core.environment:checking '/home/lab/Mani/roverrobotics_ros2/install/roverrobotics_input_manager/lib/pkgconfig/roverrobotics_input_manager.pc'
[0.348s] Level 1:colcon.colcon_core.environment:checking '/home/lab/Mani/roverrobotics_ros2/install/roverrobotics_input_manager/lib/python3.10/site-packages'
[0.348s] Level 1:colcon.colcon_core.environment:checking '/home/lab/Mani/roverrobotics_ros2/install/roverrobotics_input_manager/bin'
[0.348s] INFO:colcon.colcon_core.shell:Creating package script '/home/lab/Mani/roverrobotics_ros2/install/roverrobotics_input_manager/share/roverrobotics_input_manager/package.ps1'
[0.349s] INFO:colcon.colcon_core.shell:Creating package descriptor '/home/lab/Mani/roverrobotics_ros2/install/roverrobotics_input_manager/share/roverrobotics_input_manager/package.dsv'
[0.349s] INFO:colcon.colcon_core.shell:Creating package script '/home/lab/Mani/roverrobotics_ros2/install/roverrobotics_input_manager/share/roverrobotics_input_manager/package.sh'
[0.349s] INFO:colcon.colcon_core.shell:Creating package script '/home/lab/Mani/roverrobotics_ros2/install/roverrobotics_input_manager/share/roverrobotics_input_manager/package.bash'
[0.350s] INFO:colcon.colcon_core.shell:Creating package script '/home/lab/Mani/roverrobotics_ros2/install/roverrobotics_input_manager/share/roverrobotics_input_manager/package.zsh'
[0.350s] Level 1:colcon.colcon_core.environment:create_file_with_runtime_dependencies(/home/lab/Mani/roverrobotics_ros2/install/roverrobotics_input_manager/share/colcon-core/packages/roverrobotics_input_manager)
[0.350s] Level 1:colcon.colcon_core.environment:create_environment_scripts_only(roverrobotics_input_manager)
[0.350s] Level 1:colcon.colcon_core.environment:checking '/home/lab/Mani/roverrobotics_ros2/install/roverrobotics_input_manager' for CMake module files
[0.351s] Level 1:colcon.colcon_core.environment:checking '/home/lab/Mani/roverrobotics_ros2/install/roverrobotics_input_manager' for CMake config files
[0.351s] Level 1:colcon.colcon_core.shell:create_environment_hook('roverrobotics_input_manager', 'cmake_prefix_path')
[0.351s] INFO:colcon.colcon_core.shell:Creating environment hook '/home/lab/Mani/roverrobotics_ros2/install/roverrobotics_input_manager/share/roverrobotics_input_manager/hook/cmake_prefix_path.ps1'
[0.352s] INFO:colcon.colcon_core.shell:Creating environment descriptor '/home/lab/Mani/roverrobotics_ros2/install/roverrobotics_input_manager/share/roverrobotics_input_manager/hook/cmake_prefix_path.dsv'
[0.352s] INFO:colcon.colcon_core.shell:Creating environment hook '/home/lab/Mani/roverrobotics_ros2/install/roverrobotics_input_manager/share/roverrobotics_input_manager/hook/cmake_prefix_path.sh'
[0.352s] Level 1:colcon.colcon_core.environment:checking '/home/lab/Mani/roverrobotics_ros2/install/roverrobotics_input_manager/lib'
[0.353s] Level 1:colcon.colcon_core.environment:checking '/home/lab/Mani/roverrobotics_ros2/install/roverrobotics_input_manager/bin'
[0.353s] Level 1:colcon.colcon_core.environment:checking '/home/lab/Mani/roverrobotics_ros2/install/roverrobotics_input_manager/lib/pkgconfig/roverrobotics_input_manager.pc'
[0.353s] Level 1:colcon.colcon_core.environment:checking '/home/lab/Mani/roverrobotics_ros2/install/roverrobotics_input_manager/lib/python3.10/site-packages'
[0.353s] Level 1:colcon.colcon_core.environment:checking '/home/lab/Mani/roverrobotics_ros2/install/roverrobotics_input_manager/bin'
[0.353s] INFO:colcon.colcon_core.shell:Creating package script '/home/lab/Mani/roverrobotics_ros2/install/roverrobotics_input_manager/share/roverrobotics_input_manager/package.ps1'
[0.354s] INFO:colcon.colcon_core.shell:Creating package descriptor '/home/lab/Mani/roverrobotics_ros2/install/roverrobotics_input_manager/share/roverrobotics_input_manager/package.dsv'
[0.355s] INFO:colcon.colcon_core.shell:Creating package script '/home/lab/Mani/roverrobotics_ros2/install/roverrobotics_input_manager/share/roverrobotics_input_manager/package.sh'
[0.355s] INFO:colcon.colcon_core.shell:Creating package script '/home/lab/Mani/roverrobotics_ros2/install/roverrobotics_input_manager/share/roverrobotics_input_manager/package.bash'
[0.356s] INFO:colcon.colcon_core.shell:Creating package script '/home/lab/Mani/roverrobotics_ros2/install/roverrobotics_input_manager/share/roverrobotics_input_manager/package.zsh'
[0.356s] Level 1:colcon.colcon_core.environment:create_file_with_runtime_dependencies(/home/lab/Mani/roverrobotics_ros2/install/roverrobotics_input_manager/share/colcon-core/packages/roverrobotics_input_manager)
[0.358s] DEBUG:colcon.colcon_core.event_handler.log_command:Invoked command in '/home/lab/Mani/roverrobotics_ros2/build/roverrobotics_driver' returned '0': CMAKE_PREFIX_PATH=${CMAKE_PREFIX_PATH}:/opt/ros/humble /usr/local/bin/cmake --build /home/lab/Mani/roverrobotics_ros2/build/roverrobotics_driver -- -j16 -l16
[0.359s] DEBUG:colcon.colcon_core.event_handler.log_command:Invoking command in '/home/lab/Mani/roverrobotics_ros2/build/roverrobotics_driver': CMAKE_PREFIX_PATH=${CMAKE_PREFIX_PATH}:/opt/ros/humble /usr/local/bin/cmake --install /home/lab/Mani/roverrobotics_ros2/build/roverrobotics_driver
[0.371s] Level 1:colcon.colcon_core.environment:create_environment_scripts_only(roverrobotics_driver)
[0.371s] DEBUG:colcon.colcon_core.event_handler.log_command:Invoking command in '/home/lab/Mani/roverrobotics_ros2/build/roverrobotics_gazebo': CMAKE_PREFIX_PATH=/home/lab/Mani/roverrobotics_ros2/install/roverrobotics_description:/home/lab/Mani/roverrobotics_ros2/install/roverrobotics_input_manager:/home/lab/Mani/roverrobotics_ros2/install/roverrobotics_gazebo:/home/lab/Mani/roverrobotics_ros2/install/roverrobotics_driver:/opt/ros/humble /usr/local/bin/cmake --build /home/lab/Mani/roverrobotics_ros2/build/roverrobotics_gazebo -- -j16 -l16
[0.372s] Level 1:colcon.colcon_core.environment:checking '/home/lab/Mani/roverrobotics_ros2/install/roverrobotics_driver' for CMake module files
[0.372s] DEBUG:colcon.colcon_core.event_handler.log_command:Invoked command in '/home/lab/Mani/roverrobotics_ros2/build/roverrobotics_driver' returned '0': CMAKE_PREFIX_PATH=${CMAKE_PREFIX_PATH}:/opt/ros/humble /usr/local/bin/cmake --install /home/lab/Mani/roverrobotics_ros2/build/roverrobotics_driver
[0.373s] Level 1:colcon.colcon_core.environment:checking '/home/lab/Mani/roverrobotics_ros2/install/roverrobotics_driver' for CMake config files
[0.373s] Level 1:colcon.colcon_core.shell:create_environment_hook('roverrobotics_driver', 'cmake_prefix_path')
[0.374s] INFO:colcon.colcon_core.shell:Creating environment hook '/home/lab/Mani/roverrobotics_ros2/install/roverrobotics_driver/share/roverrobotics_driver/hook/cmake_prefix_path.ps1'
[0.374s] INFO:colcon.colcon_core.shell:Creating environment descriptor '/home/lab/Mani/roverrobotics_ros2/install/roverrobotics_driver/share/roverrobotics_driver/hook/cmake_prefix_path.dsv'
[0.374s] INFO:colcon.colcon_core.shell:Creating environment hook '/home/lab/Mani/roverrobotics_ros2/install/roverrobotics_driver/share/roverrobotics_driver/hook/cmake_prefix_path.sh'
[0.375s] Level 1:colcon.colcon_core.environment:checking '/home/lab/Mani/roverrobotics_ros2/install/roverrobotics_driver/lib'
[0.375s] Level 1:colcon.colcon_core.environment:checking '/home/lab/Mani/roverrobotics_ros2/install/roverrobotics_driver/bin'
[0.375s] Level 1:colcon.colcon_core.environment:checking '/home/lab/Mani/roverrobotics_ros2/install/roverrobotics_driver/lib/pkgconfig/roverrobotics_driver.pc'
[0.375s] Level 1:colcon.colcon_core.environment:checking '/home/lab/Mani/roverrobotics_ros2/install/roverrobotics_driver/lib/python3.10/site-packages'
[0.376s] Level 1:colcon.colcon_core.environment:checking '/home/lab/Mani/roverrobotics_ros2/install/roverrobotics_driver/bin'
[0.376s] INFO:colcon.colcon_core.shell:Creating package script '/home/lab/Mani/roverrobotics_ros2/install/roverrobotics_driver/share/roverrobotics_driver/package.ps1'
[0.376s] INFO:colcon.colcon_core.shell:Creating package descriptor '/home/lab/Mani/roverrobotics_ros2/install/roverrobotics_driver/share/roverrobotics_driver/package.dsv'
[0.377s] INFO:colcon.colcon_core.shell:Creating package script '/home/lab/Mani/roverrobotics_ros2/install/roverrobotics_driver/share/roverrobotics_driver/package.sh'
[0.378s] INFO:colcon.colcon_core.shell:Creating package script '/home/lab/Mani/roverrobotics_ros2/install/roverrobotics_driver/share/roverrobotics_driver/package.bash'
[0.378s] INFO:colcon.colcon_core.shell:Creating package script '/home/lab/Mani/roverrobotics_ros2/install/roverrobotics_driver/share/roverrobotics_driver/package.zsh'
[0.378s] Level 1:colcon.colcon_core.environment:create_file_with_runtime_dependencies(/home/lab/Mani/roverrobotics_ros2/install/roverrobotics_driver/share/colcon-core/packages/roverrobotics_driver)
[0.379s] Level 1:colcon.colcon_core.environment:create_environment_scripts_only(roverrobotics_driver)
[0.379s] Level 1:colcon.colcon_core.environment:checking '/home/lab/Mani/roverrobotics_ros2/install/roverrobotics_driver' for CMake module files
[0.380s] Level 1:colcon.colcon_core.environment:checking '/home/lab/Mani/roverrobotics_ros2/install/roverrobotics_driver' for CMake config files
[0.380s] Level 1:colcon.colcon_core.shell:create_environment_hook('roverrobotics_driver', 'cmake_prefix_path')
[0.380s] INFO:colcon.colcon_core.shell:Creating environment hook '/home/lab/Mani/roverrobotics_ros2/install/roverrobotics_driver/share/roverrobotics_driver/hook/cmake_prefix_path.ps1'
[0.381s] INFO:colcon.colcon_core.shell:Creating environment descriptor '/home/lab/Mani/roverrobotics_ros2/install/roverrobotics_driver/share/roverrobotics_driver/hook/cmake_prefix_path.dsv'
[0.381s] INFO:colcon.colcon_core.shell:Creating environment hook '/home/lab/Mani/roverrobotics_ros2/install/roverrobotics_driver/share/roverrobotics_driver/hook/cmake_prefix_path.sh'
[0.382s] Level 1:colcon.colcon_core.environment:checking '/home/lab/Mani/roverrobotics_ros2/install/roverrobotics_driver/lib'
[0.382s] Level 1:colcon.colcon_core.environment:checking '/home/lab/Mani/roverrobotics_ros2/install/roverrobotics_driver/bin'
[0.382s] Level 1:colcon.colcon_core.environment:checking '/home/lab/Mani/roverrobotics_ros2/install/roverrobotics_driver/lib/pkgconfig/roverrobotics_driver.pc'
[0.382s] Level 1:colcon.colcon_core.environment:checking '/home/lab/Mani/roverrobotics_ros2/install/roverrobotics_driver/lib/python3.10/site-packages'
[0.382s] Level 1:colcon.colcon_core.environment:checking '/home/lab/Mani/roverrobotics_ros2/install/roverrobotics_driver/bin'
[0.383s] INFO:colcon.colcon_core.shell:Creating package script '/home/lab/Mani/roverrobotics_ros2/install/roverrobotics_driver/share/roverrobotics_driver/package.ps1'
[0.383s] INFO:colcon.colcon_core.shell:Creating package descriptor '/home/lab/Mani/roverrobotics_ros2/install/roverrobotics_driver/share/roverrobotics_driver/package.dsv'
[0.384s] INFO:colcon.colcon_core.shell:Creating package script '/home/lab/Mani/roverrobotics_ros2/install/roverrobotics_driver/share/roverrobotics_driver/package.sh'
[0.384s] INFO:colcon.colcon_core.shell:Creating package script '/home/lab/Mani/roverrobotics_ros2/install/roverrobotics_driver/share/roverrobotics_driver/package.bash'
[0.385s] INFO:colcon.colcon_core.shell:Creating package script '/home/lab/Mani/roverrobotics_ros2/install/roverrobotics_driver/share/roverrobotics_driver/package.zsh'
[0.385s] Level 1:colcon.colcon_core.environment:create_file_with_runtime_dependencies(/home/lab/Mani/roverrobotics_ros2/install/roverrobotics_driver/share/colcon-core/packages/roverrobotics_driver)
[0.388s] DEBUG:colcon.colcon_core.event_handler.log_command:Invoked command in '/home/lab/Mani/roverrobotics_ros2/build/roverrobotics_gazebo' returned '0': CMAKE_PREFIX_PATH=/home/lab/Mani/roverrobotics_ros2/install/roverrobotics_description:/home/lab/Mani/roverrobotics_ros2/install/roverrobotics_input_manager:/home/lab/Mani/roverrobotics_ros2/install/roverrobotics_gazebo:/home/lab/Mani/roverrobotics_ros2/install/roverrobotics_driver:/opt/ros/humble /usr/local/bin/cmake --build /home/lab/Mani/roverrobotics_ros2/build/roverrobotics_gazebo -- -j16 -l16
[0.388s] DEBUG:colcon.colcon_core.event_handler.log_command:Invoking command in '/home/lab/Mani/roverrobotics_ros2/build/roverrobotics_gazebo': CMAKE_PREFIX_PATH=/home/lab/Mani/roverrobotics_ros2/install/roverrobotics_description:/home/lab/Mani/roverrobotics_ros2/install/roverrobotics_input_manager:/home/lab/Mani/roverrobotics_ros2/install/roverrobotics_gazebo:/home/lab/Mani/roverrobotics_ros2/install/roverrobotics_driver:/opt/ros/humble /usr/local/bin/cmake --install /home/lab/Mani/roverrobotics_ros2/build/roverrobotics_gazebo
[0.392s] Level 1:colcon.colcon_core.environment:create_environment_scripts_only(roverrobotics_gazebo)
[0.393s] DEBUG:colcon.colcon_core.event_handler.log_command:Invoked command in '/home/lab/Mani/roverrobotics_ros2/build/roverrobotics_gazebo' returned '0': CMAKE_PREFIX_PATH=/home/lab/Mani/roverrobotics_ros2/install/roverrobotics_description:/home/lab/Mani/roverrobotics_ros2/install/roverrobotics_input_manager:/home/lab/Mani/roverrobotics_ros2/install/roverrobotics_gazebo:/home/lab/Mani/roverrobotics_ros2/install/roverrobotics_driver:/opt/ros/humble /usr/local/bin/cmake --install /home/lab/Mani/roverrobotics_ros2/build/roverrobotics_gazebo
[0.393s] Level 1:colcon.colcon_core.environment:checking '/home/lab/Mani/roverrobotics_ros2/install/roverrobotics_gazebo' for CMake module files
[0.393s] Level 1:colcon.colcon_core.environment:checking '/home/lab/Mani/roverrobotics_ros2/install/roverrobotics_gazebo' for CMake config files
[0.393s] Level 1:colcon.colcon_core.shell:create_environment_hook('roverrobotics_gazebo', 'cmake_prefix_path')
[0.394s] INFO:colcon.colcon_core.shell:Creating environment hook '/home/lab/Mani/roverrobotics_ros2/install/roverrobotics_gazebo/share/roverrobotics_gazebo/hook/cmake_prefix_path.ps1'
[0.394s] INFO:colcon.colcon_core.shell:Creating environment descriptor '/home/lab/Mani/roverrobotics_ros2/install/roverrobotics_gazebo/share/roverrobotics_gazebo/hook/cmake_prefix_path.dsv'
[0.394s] INFO:colcon.colcon_core.shell:Creating environment hook '/home/lab/Mani/roverrobotics_ros2/install/roverrobotics_gazebo/share/roverrobotics_gazebo/hook/cmake_prefix_path.sh'
[0.395s] Level 1:colcon.colcon_core.environment:checking '/home/lab/Mani/roverrobotics_ros2/install/roverrobotics_gazebo/bin'
[0.395s] Level 1:colcon.colcon_core.environment:checking '/home/lab/Mani/roverrobotics_ros2/install/roverrobotics_gazebo/lib/pkgconfig/roverrobotics_gazebo.pc'
[0.395s] Level 1:colcon.colcon_core.environment:checking '/home/lab/Mani/roverrobotics_ros2/install/roverrobotics_gazebo/lib/python3.10/site-packages'
[0.395s] Level 1:colcon.colcon_core.environment:checking '/home/lab/Mani/roverrobotics_ros2/install/roverrobotics_gazebo/bin'
[0.396s] INFO:colcon.colcon_core.shell:Creating package script '/home/lab/Mani/roverrobotics_ros2/install/roverrobotics_gazebo/share/roverrobotics_gazebo/package.ps1'
[0.396s] INFO:colcon.colcon_core.shell:Creating package descriptor '/home/lab/Mani/roverrobotics_ros2/install/roverrobotics_gazebo/share/roverrobotics_gazebo/package.dsv'
[0.397s] INFO:colcon.colcon_core.shell:Creating package script '/home/lab/Mani/roverrobotics_ros2/install/roverrobotics_gazebo/share/roverrobotics_gazebo/package.sh'
[0.397s] INFO:colcon.colcon_core.shell:Creating package script '/home/lab/Mani/roverrobotics_ros2/install/roverrobotics_gazebo/share/roverrobotics_gazebo/package.bash'
[0.397s] INFO:colcon.colcon_core.shell:Creating package script '/home/lab/Mani/roverrobotics_ros2/install/roverrobotics_gazebo/share/roverrobotics_gazebo/package.zsh'
[0.397s] Level 1:colcon.colcon_core.environment:create_file_with_runtime_dependencies(/home/lab/Mani/roverrobotics_ros2/install/roverrobotics_gazebo/share/colcon-core/packages/roverrobotics_gazebo)
[0.398s] Level 1:colcon.colcon_core.environment:create_environment_scripts_only(roverrobotics_gazebo)
[0.398s] Level 1:colcon.colcon_core.environment:checking '/home/lab/Mani/roverrobotics_ros2/install/roverrobotics_gazebo' for CMake module files
[0.399s] Level 1:colcon.colcon_core.environment:checking '/home/lab/Mani/roverrobotics_ros2/install/roverrobotics_gazebo' for CMake config files
[0.399s] Level 1:colcon.colcon_core.shell:create_environment_hook('roverrobotics_gazebo', 'cmake_prefix_path')
[0.399s] INFO:colcon.colcon_core.shell:Creating environment hook '/home/lab/Mani/roverrobotics_ros2/install/roverrobotics_gazebo/share/roverrobotics_gazebo/hook/cmake_prefix_path.ps1'
[0.399s] INFO:colcon.colcon_core.shell:Creating environment descriptor '/home/lab/Mani/roverrobotics_ros2/install/roverrobotics_gazebo/share/roverrobotics_gazebo/hook/cmake_prefix_path.dsv'
[0.400s] INFO:colcon.colcon_core.shell:Creating environment hook '/home/lab/Mani/roverrobotics_ros2/install/roverrobotics_gazebo/share/roverrobotics_gazebo/hook/cmake_prefix_path.sh'
[0.401s] Level 1:colcon.colcon_core.environment:checking '/home/lab/Mani/roverrobotics_ros2/install/roverrobotics_gazebo/bin'
[0.401s] Level 1:colcon.colcon_core.environment:checking '/home/lab/Mani/roverrobotics_ros2/install/roverrobotics_gazebo/lib/pkgconfig/roverrobotics_gazebo.pc'
[0.401s] Level 1:colcon.colcon_core.environment:checking '/home/lab/Mani/roverrobotics_ros2/install/roverrobotics_gazebo/lib/python3.10/site-packages'
[0.401s] Level 1:colcon.colcon_core.environment:checking '/home/lab/Mani/roverrobotics_ros2/install/roverrobotics_gazebo/bin'
[0.402s] INFO:colcon.colcon_core.shell:Creating package script '/home/lab/Mani/roverrobotics_ros2/install/roverrobotics_gazebo/share/roverrobotics_gazebo/package.ps1'
[0.402s] INFO:colcon.colcon_core.shell:Creating package descriptor '/home/lab/Mani/roverrobotics_ros2/install/roverrobotics_gazebo/share/roverrobotics_gazebo/package.dsv'
[0.403s] INFO:colcon.colcon_core.shell:Creating package script '/home/lab/Mani/roverrobotics_ros2/install/roverrobotics_gazebo/share/roverrobotics_gazebo/package.sh'
[0.403s] INFO:colcon.colcon_core.shell:Creating package script '/home/lab/Mani/roverrobotics_ros2/install/roverrobotics_gazebo/share/roverrobotics_gazebo/package.bash'
[0.404s] INFO:colcon.colcon_core.shell:Creating package script '/home/lab/Mani/roverrobotics_ros2/install/roverrobotics_gazebo/share/roverrobotics_gazebo/package.zsh'
[0.405s] Level 1:colcon.colcon_core.environment:create_file_with_runtime_dependencies(/home/lab/Mani/roverrobotics_ros2/install/roverrobotics_gazebo/share/colcon-core/packages/roverrobotics_gazebo)
[0.405s] DEBUG:colcon.colcon_parallel_executor.executor.parallel:closing loop
[0.405s] DEBUG:colcon.colcon_parallel_executor.executor.parallel:loop closed
[0.405s] DEBUG:colcon.colcon_parallel_executor.executor.parallel:run_until_complete finished with '0'
[0.405s] DEBUG:colcon.colcon_core.event_reactor:joining thread
[0.415s] INFO:colcon.colcon_core.plugin_system:Skipping extension 'colcon_notification.desktop_notification.terminal_notifier': Not used on non-Darwin systems
[0.415s] INFO:colcon.colcon_core.plugin_system:Skipping extension 'colcon_notification.desktop_notification.win32': Not used on non-Windows systems
[0.415s] INFO:colcon.colcon_notification.desktop_notification:Sending desktop notification using 'notify2'
[0.426s] DEBUG:colcon.colcon_core.event_reactor:joined thread
[0.426s] INFO:colcon.colcon_core.shell:Creating prefix script '/home/lab/Mani/roverrobotics_ros2/install/local_setup.ps1'
[0.428s] INFO:colcon.colcon_core.shell:Creating prefix util module '/home/lab/Mani/roverrobotics_ros2/install/_local_setup_util_ps1.py'
[0.430s] INFO:colcon.colcon_core.shell:Creating prefix chain script '/home/lab/Mani/roverrobotics_ros2/install/setup.ps1'
[0.432s] INFO:colcon.colcon_core.shell:Creating prefix script '/home/lab/Mani/roverrobotics_ros2/install/local_setup.sh'
[0.432s] INFO:colcon.colcon_core.shell:Creating prefix util module '/home/lab/Mani/roverrobotics_ros2/install/_local_setup_util_sh.py'
[0.433s] INFO:colcon.colcon_core.shell:Creating prefix chain script '/home/lab/Mani/roverrobotics_ros2/install/setup.sh'
[0.434s] INFO:colcon.colcon_core.shell:Creating prefix script '/home/lab/Mani/roverrobotics_ros2/install/local_setup.bash'
[0.435s] INFO:colcon.colcon_core.shell:Creating prefix chain script '/home/lab/Mani/roverrobotics_ros2/install/setup.bash'
[0.436s] INFO:colcon.colcon_core.shell:Creating prefix script '/home/lab/Mani/roverrobotics_ros2/install/local_setup.zsh'
[0.437s] INFO:colcon.colcon_core.shell:Creating prefix chain script '/home/lab/Mani/roverrobotics_ros2/install/setup.zsh'
